V/MediaExtractor(13731): Autodetected media content as 'application/ogg' with confidence 0.20
V/MediaExtractor(13731): Autodetected media content as 'application/ogg' with confidence 0.20
I/ActivityManager(13943): Start proc 15163:com.android.phone/1001 for restart com.android.phone
W/MetadataRetrieverClient(13731):  Retriever is NULL, we don't need to free it again !
I/MediaPlayerFactory(13731): filePath /system/media/audio/notifications/Drip.ogg!
V/MediaExtractor(13731): Autodetected media content as 'application/ogg' with confidence 0.20
V/MediaExtractor(13731): Autodetected media content as 'application/ogg' with confidence 0.20
W/MetadataRetrieverClient(13731):  Retriever is NULL, we don't need to free it again !
I/MediaPlayerFactory(13731): filePath /system/media/audio/notifications/Electra.ogg!
V/MediaExtractor(13731): Autodetected media content as 'application/ogg' with confidence 0.20
V/MediaExtractor(13731): Autodetected media content as 'application/ogg' with confidence 0.20
W/MetadataRetrieverClient(13731):  Retriever is NULL, we don't need to free it again !
I/MediaPlayerFactory(13731): filePath /system/media/audio/notifications/F1_MissedCall.ogg!
V/MediaExtractor(13731): Autodetected media content as 'application/ogg' with confidence 0.20
V/MediaExtractor(13731): Autodetected media content as 'application/ogg' with confidence 0.20
W/MetadataRetrieverClient(13731):  Retriever is NULL, we don't need to free it again !
I/MediaPlayerFactory(13731): filePath /system/media/audio/notifications/F1_New_MMS.ogg!
V/MediaExtractor(13731): Autodetected media content as 'application/ogg' with confidence 0.20
V/MediaExtractor(13731): Autodetected media content as 'application/ogg' with confidence 0.20
D/AndroidRuntime(15163): Shutting down VM
E/AndroidRuntime(15163): FATAL EXCEPTION: main
E/AndroidRuntime(15163): Process: com.android.phone, PID: 15163
E/AndroidRuntime(15163): java.lang.RuntimeException: Unable to create application com.android.phone.PhoneApp: android.database.sqlite.SQLiteException: Can't downgrade database from version 917512 to 851976
E/AndroidRuntime(15163): 	at android.app.ActivityThread.handleBindApplication(ActivityThread.java:4556)
E/AndroidRuntime(15163): 	at android.app.ActivityThread.access$1500(ActivityThread.java:151)
E/AndroidRuntime(15163): 	at android.app.ActivityThread$H.handleMessage(ActivityThread.java:1364)
E/AndroidRuntime(15163): 	at android.os.Handler.dispatchMessage(Handler.java:102)
E/AndroidRuntime(15163): 	at android.os.Looper.loop(Looper.java:135)
E/AndroidRuntime(15163): 	at android.app.ActivityThread.main(ActivityThread.java:5254)
E/AndroidRuntime(15163): 	at java.lang.reflect.Method.invoke(Native Method)
E/AndroidRuntime(15163): 	at java.lang.reflect.Method.invoke(Method.java:372)
E/AndroidRuntime(15163): 	at com.android.internal.os.ZygoteInit$MethodAndArgsCaller.run(ZygoteInit.java:903)
E/AndroidRuntime(15163): 	at com.android.internal.os.ZygoteInit.main(ZygoteInit.java:698)
E/AndroidRuntime(15163): Caused by: android.database.sqlite.SQLiteException: Can't downgrade database from version 917512 to 851976
E/AndroidRuntime(15163): 	at android.database.sqlite.SQLiteOpenHelper.onDowngrade(SQLiteOpenHelper.java:360)
E/AndroidRuntime(15163): 	at android.database.sqlite.SQLiteOpenHelper.getDatabaseLocked(SQLiteOpenHelper.java:254)
E/AndroidRuntime(15163): 	at android.database.sqlite.SQLiteOpenHelper.getReadableDatabase(SQLiteOpenHelper.java:187)
E/AndroidRuntime(15163): 	at com.android.providers.telephony.TelephonyProvider.query(TelephonyProvider.java:774)
E/AndroidRuntime(15163): 	at android.content.ContentProvider.query(ContentProvider.java:966)
E/AndroidRuntime(15163): 	at android.content.ContentProvider$Transport.query(ContentProvider.java:211)
E/AndroidRuntime(15163): 	at android.content.ContentResolver.query(ContentResolver.java:478)
E/AndroidRuntime(15163): 	at android.content.ContentResolver.query(ContentResolver.java:422)
E/AndroidRuntime(15163): 	at com.android.internal.telephony.dataconnection.DcTracker.initEmergencyApnSetting(DcTracker.java:2989)
E/AndroidRuntime(15163): 	at com.android.internal.telephony.dataconnection.DcTracker.<init>(DcTracker.java:177)
E/AndroidRuntime(15163): 	at com.android.internal.telephony.gsm.GSMPhone.<init>(GSMPhone.java:194)
E/AndroidRuntime(15163): 	at com.android.internal.telephony.gsm.GSMPhone.<init>(GSMPhone.java:178)
E/AndroidRuntime(15163): 	at com.android.internal.telephony.PhoneFactory.makeDefaultPhone(PhoneFactory.java:152)
E/AndroidRuntime(15163): 	at com.android.internal.telephony.PhoneFactory.makeDefaultPhones(PhoneFactory.java:79)
E/AndroidRuntime(15163): 	at com.android.phone.PhoneGlobals.onCreate(PhoneGlobals.java:332)
E/AndroidRuntime(15163): 	at com.android.phone.PhoneApp.onCreate(PhoneApp.java:41)
E/AndroidRuntime(15163): 	at android.app.Instrumentation.callApplicationOnCreate(Instrumentation.java:1012)
E/AndroidRuntime(15163): 	at android.app.ActivityThread.handleBindApplication(ActivityThread.java:4553)
E/AndroidRuntime(15163): 	... 9 more
W/ActivityManager(13943): Process com.android.phone has crashed too many times: killing!
W/MetadataRetrieverClient(13731):  Retriever is NULL, we don't need to free it again !
I/MediaPlayerFactory(13731): filePath /system/media/audio/notifications/F1_New_SMS.ogg!
V/MediaExtractor(13731): Autodetected media content as 'application/ogg' with confidence 0.20
V/MediaExtractor(13731): Autodetected media content as 'application/ogg' with confidence 0.20
W/MetadataRetrieverClient(13731):  Retriever is NULL, we don't need to free it again !
I/[Gralloc](13662): alloc w[812] h[437] format[1] usage[3842]
I/[Gralloc](13662): alloc succ handle[0x7f939b0f60] stride[812]
I/[Gralloc](13662): alloc w[812] h[437] format[1] usage[3842]
I/[Gralloc](13662): alloc succ handle[0x7f93946d00] stride[812]
I/[Gralloc](13662): alloc w[812] h[437] format[1] usage[3842]
I/[Gralloc](13662): alloc succ handle[0x7f93947160] stride[812]
I/MediaPlayerFactory(13731): filePath /system/media/audio/notifications/Fluorine.ogg!
V/MediaExtractor(13731): Autodetected media content as 'application/ogg' with confidence 0.20
V/MediaExtractor(13731): Autodetected media content as 'application/ogg' with confidence 0.20
W/MetadataRetrieverClient(13731):  Retriever is NULL, we don't need to free it again !
I/MediaPlayerFactory(13731): filePath /system/media/audio/notifications/Fomalhaut.ogg!
V/MediaExtractor(13731): Autodetected media content as 'application/ogg' with confidence 0.20
V/MediaExtractor(13731): Autodetected media content as 'application/ogg' with confidence 0.20
W/MetadataRetrieverClient(13731):  Retriever is NULL, we don't need to free it again !
I/MediaPlayerFactory(13731): filePath /system/media/audio/notifications/Gallium.ogg!
V/MediaExtractor(13731): Autodetected media content as 'application/ogg' with confidence 0.20
V/MediaExtractor(13731): Autodetected media content as 'application/ogg' with confidence 0.20
W/MetadataRetrieverClient(13731):  Retriever is NULL, we don't need to free it again !
I/MediaPlayerFactory(13731): filePath /system/media/audio/notifications/Heaven.ogg!
V/MediaExtractor(13731): Autodetected media content as 'application/ogg' with confidence 0.20
V/MediaExtractor(13731): Autodetected media content as 'application/ogg' with confidence 0.20
W/MetadataRetrieverClient(13731):  Retriever is NULL, we don't need to free it again !
I/MediaPlayerFactory(13731): filePath /system/media/audio/notifications/Helium.ogg!
V/MediaExtractor(13731): Autodetected media content as 'application/ogg' with confidence 0.20
V/MediaExtractor(13731): Autodetected media content as 'application/ogg' with confidence 0.20
W/MetadataRetrieverClient(13731):  Retriever is NULL, we don't need to free it again !
I/MediaPlayerFactory(13731): filePath /system/media/audio/notifications/Highwire.ogg!
V/MediaExtractor(13731): Autodetected media content as 'application/ogg' with confidence 0.20
V/MediaExtractor(13731): Autodetected media content as 'application/ogg' with confidence 0.20
W/MetadataRetrieverClient(13731):  Retriever is NULL, we don't need to free it again !
I/MediaPlayerFactory(13731): filePath /system/media/audio/notifications/Hojus.ogg!
V/MediaExtractor(13731): Autodetected media content as 'application/ogg' with confidence 0.20
V/MediaExtractor(13731): Autodetected media content as 'application/ogg' with confidence 0.20
W/MetadataRetrieverClient(13731):  Retriever is NULL, we don't need to free it again !
I/MediaPlayerFactory(13731): filePath /system/media/audio/notifications/Iridium.ogg!
V/MediaExtractor(13731): Autodetected media content as 'application/ogg' with confidence 0.20
V/MediaExtractor(13731): Autodetected media content as 'application/ogg' with confidence 0.20
W/MetadataRetrieverClient(13731):  Retriever is NULL, we don't need to free it again !
I/MediaPlayerFactory(13731): filePath /system/media/audio/notifications/Krypton.ogg!
V/MediaExtractor(13731): Autodetected media content as 'application/ogg' with confidence 0.20
V/MediaExtractor(13731): Autodetected media content as 'application/ogg' with confidence 0.20
W/MetadataRetrieverClient(13731):  Retriever is NULL, we don't need to free it again !
I/MediaPlayerFactory(13731): filePath /system/media/audio/notifications/KzurbSonar.ogg!
V/MediaExtractor(13731): Autodetected media content as 'application/ogg' with confidence 0.20
V/MediaExtractor(13731): Autodetected media content as 'application/ogg' with confidence 0.20
W/MetadataRetrieverClient(13731):  Retriever is NULL, we don't need to free it again !
I/MediaPlayerFactory(13731): filePath /system/media/audio/notifications/Lalande.ogg!
V/MediaExtractor(13731): Autodetected media content as 'application/ogg' with confidence 0.20
V/MediaExtractor(13731): Autodetected media content as 'application/ogg' with confidence 0.20
W/MetadataRetrieverClient(13731):  Retriever is NULL, we don't need to free it again !
I/MediaPlayerFactory(13731): filePath /system/media/audio/notifications/Merope.ogg!
V/MediaExtractor(13731): Autodetected media content as 'application/ogg' with confidence 0.20
V/MediaExtractor(13731): Autodetected media content as 'application/ogg' with confidence 0.20
W/MetadataRetrieverClient(13731):  Retriever is NULL, we don't need to free it again !
I/MediaPlayerFactory(13731): filePath /system/media/audio/notifications/Mira.ogg!
V/MediaExtractor(13731): Autodetected media content as 'application/ogg' with confidence 0.20
V/MediaExtractor(13731): Autodetected media content as 'application/ogg' with confidence 0.20
W/MetadataRetrieverClient(13731):  Retriever is NULL, we don't need to free it again !
I/MediaPlayerFactory(13731): filePath /system/media/audio/notifications/OnTheHunt.ogg!
V/MediaExtractor(13731): Autodetected media content as 'application/ogg' with confidence 0.20
V/MediaExtractor(13731): Autodetected media content as 'application/ogg' with confidence 0.20
W/MetadataRetrieverClient(13731):  Retriever is NULL, we don't need to free it again !
I/MediaPlayerFactory(13731): filePath /system/media/audio/notifications/Palladium.ogg!
V/MediaExtractor(13731): Autodetected media content as 'application/ogg' with confidence 0.20
V/MediaExtractor(13731): Autodetected media content as 'application/ogg' with confidence 0.20
W/MetadataRetrieverClient(13731):  Retriever is NULL, we don't need to free it again !
I/MediaPlayerFactory(13731): filePath /system/media/audio/notifications/Plastic_Pipe.ogg!
V/MediaExtractor(13731): Autodetected media content as 'application/ogg' with confidence 0.20
V/MediaExtractor(13731): Autodetected media content as 'application/ogg' with confidence 0.20
W/MetadataRetrieverClient(13731):  Retriever is NULL, we don't need to free it again !
I/MediaPlayerFactory(13731): filePath /system/media/audio/notifications/Polaris.ogg!
V/MediaExtractor(13731): Autodetected media content as 'application/ogg' with confidence 0.20
V/MediaExtractor(13731): Autodetected media content as 'application/ogg' with confidence 0.20
W/MetadataRetrieverClient(13731):  Retriever is NULL, we don't need to free it again !
I/MediaPlayerFactory(13731): filePath /system/media/audio/notifications/Pollux.ogg!
V/MediaExtractor(13731): Autodetected media content as 'application/ogg' with confidence 0.20
V/MediaExtractor(13731): Autodetected media content as 'application/ogg' with confidence 0.20
W/MetadataRetrieverClient(13731):  Retriever is NULL, we don't need to free it again !
I/MediaPlayerFactory(13731): filePath /system/media/audio/notifications/Procyon.ogg!
V/MediaExtractor(13731): Autodetected media content as 'application/ogg' with confidence 0.20
V/MediaExtractor(13731): Autodetected media content as 'application/ogg' with confidence 0.20
W/MetadataRetrieverClient(13731):  Retriever is NULL, we don't need to free it again !
I/MediaPlayerFactory(13731): filePath /system/media/audio/notifications/Proxima.ogg!
V/MediaExtractor(13731): Autodetected media content as 'application/ogg' with confidence 0.20
V/MediaExtractor(13731): Autodetected media content as 'application/ogg' with confidence 0.20
W/MetadataRetrieverClient(13731):  Retriever is NULL, we don't need to free it again !
I/MediaPlayerFactory(13731): filePath /system/media/audio/notifications/Radon.ogg!
V/MediaExtractor(13731): Autodetected media content as 'application/ogg' with confidence 0.20
V/MediaExtractor(13731): Autodetected media content as 'application/ogg' with confidence 0.20
W/MetadataRetrieverClient(13731):  Retriever is NULL, we don't need to free it again !
I/MediaPlayerFactory(13731): filePath /system/media/audio/notifications/Rubidium.ogg!
V/MediaExtractor(13731): Autodetected media content as 'application/ogg' with confidence 0.20
V/MediaExtractor(13731): Autodetected media content as 'application/ogg' with confidence 0.20
W/MetadataRetrieverClient(13731):  Retriever is NULL, we don't need to free it again !
I/MediaPlayerFactory(13731): filePath /system/media/audio/notifications/Selenium.ogg!
V/MediaExtractor(13731): Autodetected media content as 'application/ogg' with confidence 0.20
V/MediaExtractor(13731): Autodetected media content as 'application/ogg' with confidence 0.20
W/MetadataRetrieverClient(13731):  Retriever is NULL, we don't need to free it again !
I/MediaPlayerFactory(13731): filePath /system/media/audio/notifications/Shaula.ogg!
V/MediaExtractor(13731): Autodetected media content as 'application/ogg' with confidence 0.20
V/MediaExtractor(13731): Autodetected media content as 'application/ogg' with confidence 0.20
W/MetadataRetrieverClient(13731):  Retriever is NULL, we don't need to free it again !
I/MediaPlayerFactory(13731): filePath /system/media/audio/notifications/Sirrah.ogg!
V/MediaExtractor(13731): Autodetected media content as 'application/ogg' with confidence 0.20
V/MediaExtractor(13731): Autodetected media content as 'application/ogg' with confidence 0.20
W/MetadataRetrieverClient(13731):  Retriever is NULL, we don't need to free it again !
I/MediaPlayerFactory(13731): filePath /system/media/audio/notifications/SpaceSeed.ogg!
V/MediaExtractor(13731): Autodetected media content as 'application/ogg' with confidence 0.20
V/MediaExtractor(13731): Autodetected media content as 'application/ogg' with confidence 0.20
W/MetadataRetrieverClient(13731):  Retriever is NULL, we don't need to free it again !
I/MediaPlayerFactory(13731): filePath /system/media/audio/notifications/Spica.ogg!
V/MediaExtractor(13731): Autodetected media content as 'application/ogg' with confidence 0.20
V/MediaExtractor(13731): Autodetected media content as 'application/ogg' with confidence 0.20
W/MetadataRetrieverClient(13731):  Retriever is NULL, we don't need to free it again !
I/MediaPlayerFactory(13731): filePath /system/media/audio/notifications/Strontium.ogg!
V/MediaExtractor(13731): Autodetected media content as 'application/ogg' with confidence 0.20
V/MediaExtractor(13731): Autodetected media content as 'application/ogg' with confidence 0.20
W/MetadataRetrieverClient(13731):  Retriever is NULL, we don't need to free it again !
I/MediaPlayerFactory(13731): filePath /system/media/audio/notifications/Syrma.ogg!
V/MediaExtractor(13731): Autodetected media content as 'application/ogg' with confidence 0.20
V/MediaExtractor(13731): Autodetected media content as 'application/ogg' with confidence 0.20
W/MetadataRetrieverClient(13731):  Retriever is NULL, we don't need to free it again !
I/MediaPlayerFactory(13731): filePath /system/media/audio/notifications/TaDa.ogg!
V/MediaExtractor(13731): Autodetected media content as 'application/ogg' with confidence 0.20
V/MediaExtractor(13731): Autodetected media content as 'application/ogg' with confidence 0.20
W/MetadataRetrieverClient(13731):  Retriever is NULL, we don't need to free it again !
I/MediaPlayerFactory(13731): filePath /system/media/audio/notifications/Talitha.ogg!
V/MediaExtractor(13731): Autodetected media content as 'application/ogg' with confidence 0.20
V/MediaExtractor(13731): Autodetected media content as 'application/ogg' with confidence 0.20
W/MetadataRetrieverClient(13731):  Retriever is NULL, we don't need to free it again !
I/MediaPlayerFactory(13731): filePath /system/media/audio/notifications/Tejat.ogg!
V/MediaExtractor(13731): Autodetected media content as 'application/ogg' with confidence 0.20
I/Process (15163): Sending signal. PID: 15163 SIG: 9
V/MediaExtractor(13731): Autodetected media content as 'application/ogg' with confidence 0.20
W/MetadataRetrieverClient(13731):  Retriever is NULL, we don't need to free it again !
I/MediaPlayerFactory(13731): filePath /system/media/audio/notifications/Thallium.ogg!
V/MediaExtractor(13731): Autodetected media content as 'application/ogg' with confidence 0.20
V/MediaExtractor(13731): Autodetected media content as 'application/ogg' with confidence 0.20
W/MetadataRetrieverClient(13731):  Retriever is NULL, we don't need to free it again !
I/MediaPlayerFactory(13731): filePath /system/media/audio/notifications/Tinkerbell.ogg!
V/MediaExtractor(13731): Autodetected media content as 'application/ogg' with confidence 0.20
V/MediaExtractor(13731): Autodetected media content as 'application/ogg' with confidence 0.20
I/ServiceManager( 2327): service 'isub' died
I/ActivityManager(13943): Process com.android.phone (pid 15163) has died
W/MetadataRetrieverClient(13731):  Retriever is NULL, we don't need to free it again !
I/MediaPlayerFactory(13731): filePath /system/media/audio/notifications/Upsilon.ogg!
V/MediaExtractor(13731): Autodetected media content as 'application/ogg' with confidence 0.20
V/MediaExtractor(13731): Autodetected media content as 'application/ogg' with confidence 0.20
I/ActivityManager(13943): Start proc 15192:com.android.phone/1001 for restart com.android.phone
W/MetadataRetrieverClient(13731):  Retriever is NULL, we don't need to free it again !
I/Process (15048): Sending signal. PID: 15048 SIG: 9
I/ActivityManager(13943): Process com.android.deskclock (pid 15048) has died
I/art     (13943): Explicit concurrent mark sweep GC freed 9158(418KB) AllocSpace objects, 1(16KB) LOS objects, 33% free, 14MB/21MB, paused 2.262ms total 95.149ms
W/InputMethodManagerService(13943): Window already focused, ignoring focus gain of: com.android.internal.view.IInputMethodClient$Stub$Proxy@34a8a80a attribute=null, token = android.os.BinderProxy@31dfd3ca
I/MediaPlayerFactory(13731): filePath /system/media/audio/notifications/Vega.ogg!
V/MediaExtractor(13731): Autodetected media content as 'application/ogg' with confidence 0.20
V/MediaExtractor(13731): Autodetected media content as 'application/ogg' with confidence 0.20
W/MetadataRetrieverClient(13731):  Retriever is NULL, we don't need to free it again !
I/MediaPlayerFactory(13731): filePath /system/media/audio/notifications/Voila.ogg!
V/MediaExtractor(13731): Autodetected media content as 'application/ogg' with confidence 0.20
V/MediaExtractor(13731): Autodetected media content as 'application/ogg' with confidence 0.20
W/MetadataRetrieverClient(13731):  Retriever is NULL, we don't need to free it again !
I/MediaPlayerFactory(13731): filePath /system/media/audio/notifications/Xenon.ogg!
V/MediaExtractor(13731): Autodetected media content as 'application/ogg' with confidence 0.20
V/MediaExtractor(13731): Autodetected media content as 'application/ogg' with confidence 0.20
W/MetadataRetrieverClient(13731):  Retriever is NULL, we don't need to free it again !
I/MediaPlayerFactory(13731): filePath /system/media/audio/notifications/Zirconium.ogg!
V/MediaExtractor(13731): Autodetected media content as 'application/ogg' with confidence 0.20
D/AndroidRuntime(15192): Shutting down VM
E/AndroidRuntime(15192): FATAL EXCEPTION: main
E/AndroidRuntime(15192): Process: com.android.phone, PID: 15192
E/AndroidRuntime(15192): java.lang.RuntimeException: Unable to create application com.android.phone.PhoneApp: android.database.sqlite.SQLiteException: Can't downgrade database from version 917512 to 851976
E/AndroidRuntime(15192): 	at android.app.ActivityThread.handleBindApplication(ActivityThread.java:4556)
E/AndroidRuntime(15192): 	at android.app.ActivityThread.access$1500(ActivityThread.java:151)
E/AndroidRuntime(15192): 	at android.app.ActivityThread$H.handleMessage(ActivityThread.java:1364)
E/AndroidRuntime(15192): 	at android.os.Handler.dispatchMessage(Handler.java:102)
E/AndroidRuntime(15192): 	at android.os.Looper.loop(Looper.java:135)
E/AndroidRuntime(15192): 	at android.app.ActivityThread.main(ActivityThread.java:5254)
E/AndroidRuntime(15192): 	at java.lang.reflect.Method.invoke(Native Method)
E/AndroidRuntime(15192): 	at java.lang.reflect.Method.invoke(Method.java:372)
E/AndroidRuntime(15192): 	at com.android.internal.os.ZygoteInit$MethodAndArgsCaller.run(ZygoteInit.java:903)
E/AndroidRuntime(15192): 	at com.android.internal.os.ZygoteInit.main(ZygoteInit.java:698)
E/AndroidRuntime(15192): Caused by: android.database.sqlite.SQLiteException: Can't downgrade database from version 917512 to 851976
E/AndroidRuntime(15192): 	at android.database.sqlite.SQLiteOpenHelper.onDowngrade(SQLiteOpenHelper.java:360)
E/AndroidRuntime(15192): 	at android.database.sqlite.SQLiteOpenHelper.getDatabaseLocked(SQLiteOpenHelper.java:254)
E/AndroidRuntime(15192): 	at android.database.sqlite.SQLiteOpenHelper.getReadableDatabase(SQLiteOpenHelper.java:187)
E/AndroidRuntime(15192): 	at com.android.providers.telephony.TelephonyProvider.query(TelephonyProvider.java:774)
E/AndroidRuntime(15192): 	at android.content.ContentProvider.query(ContentProvider.java:966)
E/AndroidRuntime(15192): 	at android.content.ContentProvider$Transport.query(ContentProvider.java:211)
E/AndroidRuntime(15192): 	at android.content.ContentResolver.query(ContentResolver.java:478)
E/AndroidRuntime(15192): 	at android.content.ContentResolver.query(ContentResolver.java:422)
E/AndroidRuntime(15192): 	at com.android.internal.telephony.dataconnection.DcTracker.initEmergencyApnSetting(DcTracker.java:2989)
E/AndroidRuntime(15192): 	at com.android.internal.telephony.dataconnection.DcTracker.<init>(DcTracker.java:177)
E/AndroidRuntime(15192): 	at com.android.internal.telephony.gsm.GSMPhone.<init>(GSMPhone.java:194)
E/AndroidRuntime(15192): 	at com.android.internal.telephony.gsm.GSMPhone.<init>(GSMPhone.java:178)
E/AndroidRuntime(15192): 	at com.android.internal.telephony.PhoneFactory.makeDefaultPhone(PhoneFactory.java:152)
E/AndroidRuntime(15192): 	at com.android.internal.telephony.PhoneFactory.makeDefaultPhones(PhoneFactory.java:79)
E/AndroidRuntime(15192): 	at com.android.phone.PhoneGlobals.onCreate(PhoneGlobals.java:332)
E/AndroidRuntime(15192): 	at com.android.phone.PhoneApp.onCreate(PhoneApp.java:41)
E/AndroidRuntime(15192): 	at android.app.Instrumentation.callApplicationOnCreate(Instrumentation.java:1012)
E/AndroidRuntime(15192): 	at android.app.ActivityThread.handleBindApplication(ActivityThread.java:4553)
E/AndroidRuntime(15192): 	... 9 more
V/MediaExtractor(13731): Autodetected media content as 'application/ogg' with confidence 0.20
W/ActivityManager(13943): Process com.android.phone has crashed too many times: killing!
W/MetadataRetrieverClient(13731):  Retriever is NULL, we don't need to free it again !
I/MediaPlayerFactory(13731): filePath /system/media/audio/notifications/arcturus.ogg!
V/MediaExtractor(13731): Autodetected media content as 'application/ogg' with confidence 0.20
V/MediaExtractor(13731): Autodetected media content as 'application/ogg' with confidence 0.20
I/OpenGLRenderer(13943): Initialized EGL, version 1.4
I/[Gralloc](13662): alloc w[812] h[437] format[1] usage[3842]
I/[Gralloc](13662): alloc succ handle[0x7f9342a8e0] stride[812]
I/[Gralloc](13662): alloc w[812] h[437] format[1] usage[3842]
I/[Gralloc](13662): alloc succ handle[0x7f93946b40] stride[812]
I/[Gralloc](13662): alloc w[812] h[437] format[1] usage[3842]
I/[Gralloc](13662): alloc succ handle[0x7f93946d00] stride[812]
W/MetadataRetrieverClient(13731):  Retriever is NULL, we don't need to free it again !
I/MediaPlayerFactory(13731): filePath /system/media/audio/notifications/moonbeam.ogg!
V/MediaExtractor(13731): Autodetected media content as 'application/ogg' with confidence 0.20
V/MediaExtractor(13731): Autodetected media content as 'application/ogg' with confidence 0.20
W/MetadataRetrieverClient(13731):  Retriever is NULL, we don't need to free it again !
I/MediaPlayerFactory(13731): filePath /system/media/audio/notifications/pixiedust.ogg!
V/MediaExtractor(13731): Autodetected media content as 'application/ogg' with confidence 0.20
V/MediaExtractor(13731): Autodetected media content as 'application/ogg' with confidence 0.20
W/MetadataRetrieverClient(13731):  Retriever is NULL, we don't need to free it again !
I/MediaPlayerFactory(13731): filePath /system/media/audio/notifications/pizzicato.ogg!
V/MediaExtractor(13731): Autodetected media content as 'application/ogg' with confidence 0.20
V/MediaExtractor(13731): Autodetected media content as 'application/ogg' with confidence 0.20
W/MetadataRetrieverClient(13731):  Retriever is NULL, we don't need to free it again !
I/MediaPlayerFactory(13731): filePath /system/media/audio/notifications/regulus.ogg!
V/MediaExtractor(13731): Autodetected media content as 'application/ogg' with confidence 0.20
V/MediaExtractor(13731): Autodetected media content as 'application/ogg' with confidence 0.20
W/MetadataRetrieverClient(13731):  Retriever is NULL, we don't need to free it again !
I/MediaPlayerFactory(13731): filePath /system/media/audio/notifications/sirius.ogg!
V/MediaExtractor(13731): Autodetected media content as 'application/ogg' with confidence 0.20
V/MediaExtractor(13731): Autodetected media content as 'application/ogg' with confidence 0.20
W/MetadataRetrieverClient(13731):  Retriever is NULL, we don't need to free it again !
I/MediaPlayerFactory(13731): filePath /system/media/audio/notifications/tweeters.ogg!
V/MediaExtractor(13731): Autodetected media content as 'application/ogg' with confidence 0.20
V/MediaExtractor(13731): Autodetected media content as 'application/ogg' with confidence 0.20
W/MetadataRetrieverClient(13731):  Retriever is NULL, we don't need to free it again !
I/MediaPlayerFactory(13731): filePath /system/media/audio/notifications/vega.ogg!
V/MediaExtractor(13731): Autodetected media content as 'application/ogg' with confidence 0.20
V/MediaExtractor(13731): Autodetected media content as 'application/ogg' with confidence 0.20
W/MetadataRetrieverClient(13731):  Retriever is NULL, we don't need to free it again !
I/MediaPlayerFactory(13731): filePath /system/media/audio/ringtones/ANDROMEDA.ogg!
V/MediaExtractor(13731): Autodetected media content as 'application/ogg' with confidence 0.20
V/MediaExtractor(13731): Autodetected media content as 'application/ogg' with confidence 0.20
W/MetadataRetrieverClient(13731):  Retriever is NULL, we don't need to free it again !
I/MediaPlayerFactory(13731): filePath /system/media/audio/ringtones/Andromeda.ogg!
V/MediaExtractor(13731): Autodetected media content as 'application/ogg' with confidence 0.20
V/MediaExtractor(13731): Autodetected media content as 'application/ogg' with confidence 0.20
W/MetadataRetrieverClient(13731):  Retriever is NULL, we don't need to free it again !
I/MediaPlayerFactory(13731): filePath /system/media/audio/ringtones/Aquila.ogg!
V/MediaExtractor(13731): Autodetected media content as 'application/ogg' with confidence 0.20
V/MediaExtractor(13731): Autodetected media content as 'application/ogg' with confidence 0.20
W/MetadataRetrieverClient(13731):  Retriever is NULL, we don't need to free it again !
I/MediaPlayerFactory(13731): filePath /system/media/audio/ringtones/ArgoNavis.ogg!
V/MediaExtractor(13731): Autodetected media content as 'application/ogg' with confidence 0.20
V/MediaExtractor(13731): Autodetected media content as 'application/ogg' with confidence 0.20
W/MetadataRetrieverClient(13731):  Retriever is NULL, we don't need to free it again !
I/MediaPlayerFactory(13731): filePath /system/media/audio/ringtones/Atria.ogg!
V/MediaExtractor(13731): Autodetected media content as 'application/ogg' with confidence 0.20
V/MediaExtractor(13731): Autodetected media content as 'application/ogg' with confidence 0.20
W/MetadataRetrieverClient(13731):  Retriever is NULL, we don't need to free it again !
I/MediaPlayerFactory(13731): filePath /system/media/audio/ringtones/BOOTES.ogg!
V/MediaExtractor(13731): Autodetected media content as 'application/ogg' with confidence 0.20
V/MediaExtractor(13731): Autodetected media content as 'application/ogg' with confidence 0.20
W/MetadataRetrieverClient(13731):  Retriever is NULL, we don't need to free it again !
I/MediaPlayerFactory(13731): filePath /system/media/audio/ringtones/Backroad.ogg!
V/MediaExtractor(13731): Autodetected media content as 'application/ogg' with confidence 0.20
V/MediaExtractor(13731): Autodetected media content as 'application/ogg' with confidence 0.20
W/MetadataRetrieverClient(13731):  Retriever is NULL, we don't need to free it again !
I/MediaPlayerFactory(13731): filePath /system/media/audio/ringtones/BeatPlucker.ogg!
V/MediaExtractor(13731): Autodetected media content as 'application/ogg' with confidence 0.20
V/MediaExtractor(13731): Autodetected media content as 'application/ogg' with confidence 0.20
W/MetadataRetrieverClient(13731):  Retriever is NULL, we don't need to free it again !
I/MediaPlayerFactory(13731): filePath /system/media/audio/ringtones/BentleyDubs.ogg!
V/MediaExtractor(13731): Autodetected media content as 'application/ogg' with confidence 0.20
V/MediaExtractor(13731): Autodetected media content as 'application/ogg' with confidence 0.20
W/MetadataRetrieverClient(13731):  Retriever is NULL, we don't need to free it again !
I/MediaPlayerFactory(13731): filePath /system/media/audio/ringtones/Big_Easy.ogg!
V/MediaExtractor(13731): Autodetected media content as 'application/ogg' with confidence 0.20
V/MediaExtractor(13731): Autodetected media content as 'application/ogg' with confidence 0.20
W/MetadataRetrieverClient(13731):  Retriever is NULL, we don't need to free it again !
I/MediaPlayerFactory(13731): filePath /system/media/audio/ringtones/BirdLoop.ogg!
V/MediaExtractor(13731): Autodetected media content as 'application/ogg' with confidence 0.20
V/MediaExtractor(13731): Autodetected media content as 'application/ogg' with confidence 0.20
W/MetadataRetrieverClient(13731):  Retriever is NULL, we don't need to free it again !
I/MediaPlayerFactory(13731): filePath /system/media/audio/ringtones/Bollywood.ogg!
V/MediaExtractor(13731): Autodetected media content as 'application/ogg' with confidence 0.20
V/MediaExtractor(13731): Autodetected media content as 'application/ogg' with confidence 0.20
W/MetadataRetrieverClient(13731):  Retriever is NULL, we don't need to free it again !
I/MediaPlayerFactory(13731): filePath /system/media/audio/ringtones/BussaMove.ogg!
V/MediaExtractor(13731): Autodetected media content as 'application/ogg' with confidence 0.20
V/MediaExtractor(13731): Autodetected media content as 'application/ogg' with confidence 0.20
W/MetadataRetrieverClient(13731):  Retriever is NULL, we don't need to free it again !
I/MediaPlayerFactory(13731): filePath /system/media/audio/ringtones/CANISMAJOR.ogg!
E/SQLiteLog(14855): (284) automatic index on view_events(_id)
V/MediaExtractor(13731): Autodetected media content as 'application/ogg' with confidence 0.20
V/MediaExtractor(13731): Autodetected media content as 'application/ogg' with confidence 0.20
W/MetadataRetrieverClient(13731):  Retriever is NULL, we don't need to free it again !
I/MediaPlayerFactory(13731): filePath /system/media/audio/ringtones/CASSIOPEIA.ogg!
V/MediaExtractor(13731): Autodetected media content as 'application/ogg' with confidence 0.20
V/MediaExtractor(13731): Autodetected media content as 'application/ogg' with confidence 0.20
W/MetadataRetrieverClient(13731):  Retriever is NULL, we don't need to free it again !
I/MediaPlayerFactory(13731): filePath /system/media/audio/ringtones/Cairo.ogg!
V/MediaExtractor(13731): Autodetected media content as 'application/ogg' with confidence 0.20
V/MediaExtractor(13731): Autodetected media content as 'application/ogg' with confidence 0.20
W/MetadataRetrieverClient(13731):  Retriever is NULL, we don't need to free it again !
I/MediaPlayerFactory(13731): filePath /system/media/audio/ringtones/Calypso_Steel.ogg!
V/MediaExtractor(13731): Autodetected media content as 'application/ogg' with confidence 0.20
V/MediaExtractor(13731): Autodetected media content as 'application/ogg' with confidence 0.20
W/MetadataRetrieverClient(13731):  Retriever is NULL, we don't need to free it again !
I/MediaPlayerFactory(13731): filePath /system/media/audio/ringtones/CanisMajor.ogg!
V/MediaExtractor(13731): Autodetected media content as 'application/ogg' with confidence 0.20
V/MediaExtractor(13731): Autodetected media content as 'application/ogg' with confidence 0.20
W/MetadataRetrieverClient(13731):  Retriever is NULL, we don't need to free it again !
I/MediaPlayerFactory(13731): filePath /system/media/audio/ringtones/CaribbeanIce.ogg!
V/MediaExtractor(13731): Autodetected media content as 'application/ogg' with confidence 0.20
V/MediaExtractor(13731): Autodetected media content as 'application/ogg' with confidence 0.20
W/MetadataRetrieverClient(13731):  Retriever is NULL, we don't need to free it again !
I/MediaPlayerFactory(13731): filePath /system/media/audio/ringtones/Carina.ogg!
V/MediaExtractor(13731): Autodetected media content as 'application/ogg' with confidence 0.20
V/MediaExtractor(13731): Autodetected media content as 'application/ogg' with confidence 0.20
W/MetadataRetrieverClient(13731):  Retriever is NULL, we don't need to free it again !
I/MediaPlayerFactory(13731): filePath /system/media/audio/ringtones/Centaurus.ogg!
V/MediaExtractor(13731): Autodetected media content as 'application/ogg' with confidence 0.20
V/MediaExtractor(13731): Autodetected media content as 'application/ogg' with confidence 0.20
W/MetadataRetrieverClient(13731):  Retriever is NULL, we don't need to free it again !
I/Process (15192): Sending signal. PID: 15192 SIG: 9
W/InputMethodManagerService(13943): Window already focused, ignoring focus gain of: com.android.internal.view.IInputMethodClient$Stub$Proxy@1757d64b attribute=null, token = android.os.BinderProxy@31dfd3ca
I/MediaPlayerFactory(13731): filePath /system/media/audio/ringtones/Champagne_Edition.ogg!
V/MediaExtractor(13731): Autodetected media content as 'application/ogg' with confidence 0.20
V/MediaExtractor(13731): Autodetected media content as 'application/ogg' with confidence 0.20
W/MetadataRetrieverClient(13731):  Retriever is NULL, we don't need to free it again !
I/MediaPlayerFactory(13731): filePath /system/media/audio/ringtones/Club_Cubano.ogg!
V/MediaExtractor(13731): Autodetected media content as 'application/ogg' with confidence 0.20
V/MediaExtractor(13731): Autodetected media content as 'application/ogg' with confidence 0.20
W/MetadataRetrieverClient(13731):  Retriever is NULL, we don't need to free it again !
I/MediaPlayerFactory(13731): filePath /system/media/audio/ringtones/CrayonRock.ogg!
I/ServiceManager( 2327): service 'isub' died
I/ActivityManager(13943): Process com.android.phone (pid 15192) has died
V/MediaExtractor(13731): Autodetected media content as 'application/ogg' with confidence 0.20
V/MediaExtractor(13731): Autodetected media content as 'application/ogg' with confidence 0.20
W/MetadataRetrieverClient(13731):  Retriever is NULL, we don't need to free it again !
I/MediaPlayerFactory(13731): filePath /system/media/audio/ringtones/CrazyDream.ogg!
I/ActivityManager(13943): Start proc 15229:com.android.phone/1001 for restart com.android.phone
V/MediaExtractor(13731): Autodetected media content as 'application/ogg' with confidence 0.20
I/art     (13666): Explicit concurrent mark sweep GC freed 706(30KB) AllocSpace objects, 0(0B) LOS objects, 40% free, 7MB/12MB, paused 520us total 24.271ms
V/MediaExtractor(13731): Autodetected media content as 'application/ogg' with confidence 0.20
W/MetadataRetrieverClient(13731):  Retriever is NULL, we don't need to free it again !
I/art     (13666): Explicit concurrent mark sweep GC freed 5(160B) AllocSpace objects, 0(0B) LOS objects, 40% free, 7MB/12MB, paused 315us total 21.790ms
I/MediaPlayerFactory(13731): filePath /system/media/audio/ringtones/CurveBall.ogg!
V/MediaExtractor(13731): Autodetected media content as 'application/ogg' with confidence 0.20
I/art     (13666): Explicit concurrent mark sweep GC freed 5(160B) AllocSpace objects, 0(0B) LOS objects, 40% free, 7MB/12MB, paused 301us total 20.615ms
V/MediaExtractor(13731): Autodetected media content as 'application/ogg' with confidence 0.20
W/MetadataRetrieverClient(13731):  Retriever is NULL, we don't need to free it again !
I/MediaPlayerFactory(13731): filePath /system/media/audio/ringtones/Cygnus.ogg!
V/MediaExtractor(13731): Autodetected media content as 'application/ogg' with confidence 0.20
V/MediaExtractor(13731): Autodetected media content as 'application/ogg' with confidence 0.20
W/MetadataRetrieverClient(13731):  Retriever is NULL, we don't need to free it again !
I/MediaPlayerFactory(13731): filePath /system/media/audio/ringtones/DancinFool.ogg!
V/MediaExtractor(13731): Autodetected media content as 'application/ogg' with confidence 0.20
D/AndroidRuntime(15229): Shutting down VM
E/AndroidRuntime(15229): FATAL EXCEPTION: main
E/AndroidRuntime(15229): Process: com.android.phone, PID: 15229
E/AndroidRuntime(15229): java.lang.RuntimeException: Unable to create application com.android.phone.PhoneApp: android.database.sqlite.SQLiteException: Can't downgrade database from version 917512 to 851976
E/AndroidRuntime(15229): 	at android.app.ActivityThread.handleBindApplication(ActivityThread.java:4556)
E/AndroidRuntime(15229): 	at android.app.ActivityThread.access$1500(ActivityThread.java:151)
E/AndroidRuntime(15229): 	at android.app.ActivityThread$H.handleMessage(ActivityThread.java:1364)
E/AndroidRuntime(15229): 	at android.os.Handler.dispatchMessage(Handler.java:102)
E/AndroidRuntime(15229): 	at android.os.Looper.loop(Looper.java:135)
E/AndroidRuntime(15229): 	at android.app.ActivityThread.main(ActivityThread.java:5254)
E/AndroidRuntime(15229): 	at java.lang.reflect.Method.invoke(Native Method)
E/AndroidRuntime(15229): 	at java.lang.reflect.Method.invoke(Method.java:372)
E/AndroidRuntime(15229): 	at com.android.internal.os.ZygoteInit$MethodAndArgsCaller.run(ZygoteInit.java:903)
E/AndroidRuntime(15229): 	at com.android.internal.os.ZygoteInit.main(ZygoteInit.java:698)
E/AndroidRuntime(15229): Caused by: android.database.sqlite.SQLiteException: Can't downgrade database from version 917512 to 851976
E/AndroidRuntime(15229): 	at android.database.sqlite.SQLiteOpenHelper.onDowngrade(SQLiteOpenHelper.java:360)
E/AndroidRuntime(15229): 	at android.database.sqlite.SQLiteOpenHelper.getDatabaseLocked(SQLiteOpenHelper.java:254)
E/AndroidRuntime(15229): 	at android.database.sqlite.SQLiteOpenHelper.getReadableDatabase(SQLiteOpenHelper.java:187)
E/AndroidRuntime(15229): 	at com.android.providers.telephony.TelephonyProvider.query(TelephonyProvider.java:774)
E/AndroidRuntime(15229): 	at android.content.ContentProvider.query(ContentProvider.java:966)
E/AndroidRuntime(15229): 	at android.content.ContentProvider$Transport.query(ContentProvider.java:211)
E/AndroidRuntime(15229): 	at android.content.ContentResolver.query(ContentResolver.java:478)
E/AndroidRuntime(15229): 	at android.content.ContentResolver.query(ContentResolver.java:422)
E/AndroidRuntime(15229): 	at com.android.internal.telephony.dataconnection.DcTracker.initEmergencyApnSetting(DcTracker.java:2989)
E/AndroidRuntime(15229): 	at com.android.internal.telephony.dataconnection.DcTracker.<init>(DcTracker.java:177)
E/AndroidRuntime(15229): 	at com.android.internal.telephony.gsm.GSMPhone.<init>(GSMPhone.java:194)
E/AndroidRuntime(15229): 	at com.android.internal.telephony.gsm.GSMPhone.<init>(GSMPhone.java:178)
E/AndroidRuntime(15229): 	at com.android.internal.telephony.PhoneFactory.makeDefaultPhone(PhoneFactory.java:152)
E/AndroidRuntime(15229): 	at com.android.internal.telephony.PhoneFactory.makeDefaultPhones(PhoneFactory.java:79)
E/AndroidRuntime(15229): 	at com.android.phone.PhoneGlobals.onCreate(PhoneGlobals.java:332)
E/AndroidRuntime(15229): 	at com.android.phone.PhoneApp.onCreate(PhoneApp.java:41)
E/AndroidRuntime(15229): 	at android.app.Instrumentation.callApplicationOnCreate(Instrumentation.java:1012)
E/AndroidRuntime(15229): 	at android.app.ActivityThread.handleBindApplication(ActivityThread.java:4553)
E/AndroidRuntime(15229): 	... 9 more
W/ActivityManager(13943): Process com.android.phone has crashed too many times: killing!
V/MediaExtractor(13731): Autodetected media content as 'application/ogg' with confidence 0.20
W/MetadataRetrieverClient(13731):  Retriever is NULL, we don't need to free it again !
I/MediaPlayerFactory(13731): filePath /system/media/audio/ringtones/Ding.ogg!
I/OpenGLRenderer(13943): Initialized EGL, version 1.4
V/MediaExtractor(13731): Autodetected media content as 'application/ogg' with confidence 0.20
I/[Gralloc](13662): alloc w[812] h[437] format[1] usage[3842]
I/[Gralloc](13662): alloc succ handle[0x7f93946d00] stride[812]
I/[Gralloc](13662): alloc w[812] h[437] format[1] usage[3842]
I/[Gralloc](13662): alloc succ handle[0x7f9342a560] stride[812]
I/[Gralloc](13662): alloc w[812] h[437] format[1] usage[3842]
I/[Gralloc](13662): alloc succ handle[0x7f9342a2c0] stride[812]
V/MediaExtractor(13731): Autodetected media content as 'application/ogg' with confidence 0.20
W/MetadataRetrieverClient(13731):  Retriever is NULL, we don't need to free it again !
I/MediaPlayerFactory(13731): filePath /system/media/audio/ringtones/DonMessWivIt.ogg!
V/MediaExtractor(13731): Autodetected media content as 'application/ogg' with confidence 0.20
V/MediaExtractor(13731): Autodetected media content as 'application/ogg' with confidence 0.20
W/MetadataRetrieverClient(13731):  Retriever is NULL, we don't need to free it again !
I/MediaPlayerFactory(13731): filePath /system/media/audio/ringtones/Draco.ogg!
V/MediaExtractor(13731): Autodetected media content as 'application/ogg' with confidence 0.20
V/MediaExtractor(13731): Autodetected media content as 'application/ogg' with confidence 0.20
W/MetadataRetrieverClient(13731):  Retriever is NULL, we don't need to free it again !
I/MediaPlayerFactory(13731): filePath /system/media/audio/ringtones/DreamTheme.ogg!
V/MediaExtractor(13731): Autodetected media content as 'application/ogg' with confidence 0.20
V/MediaExtractor(13731): Autodetected media content as 'application/ogg' with confidence 0.20
W/MetadataRetrieverClient(13731):  Retriever is NULL, we don't need to free it again !
I/MediaPlayerFactory(13731): filePath /system/media/audio/ringtones/Eastern_Sky.ogg!
V/MediaExtractor(13731): Autodetected media content as 'application/ogg' with confidence 0.20
V/MediaExtractor(13731): Autodetected media content as 'application/ogg' with confidence 0.20
W/MetadataRetrieverClient(13731):  Retriever is NULL, we don't need to free it again !
I/MediaPlayerFactory(13731): filePath /system/media/audio/ringtones/Enter_the_Nexus.ogg!
V/MediaExtractor(13731): Autodetected media content as 'application/ogg' with confidence 0.20
V/MediaExtractor(13731): Autodetected media content as 'application/ogg' with confidence 0.20
W/MetadataRetrieverClient(13731):  Retriever is NULL, we don't need to free it again !
I/MediaPlayerFactory(13731): filePath /system/media/audio/ringtones/Eridani.ogg!
V/MediaExtractor(13731): Autodetected media content as 'application/ogg' with confidence 0.20
V/MediaExtractor(13731): Autodetected media content as 'application/ogg' with confidence 0.20
W/MetadataRetrieverClient(13731):  Retriever is NULL, we don't need to free it again !
I/MediaPlayerFactory(13731): filePath /system/media/audio/ringtones/EtherShake.ogg!
V/MediaExtractor(13731): Autodetected media content as 'application/ogg' with confidence 0.20
V/MediaExtractor(13731): Autodetected media content as 'application/ogg' with confidence 0.20
W/MetadataRetrieverClient(13731):  Retriever is NULL, we don't need to free it again !
I/MediaPlayerFactory(13731): filePath /system/media/audio/ringtones/FreeFlight.ogg!
V/MediaExtractor(13731): Autodetected media content as 'application/ogg' with confidence 0.20
V/MediaExtractor(13731): Autodetected media content as 'application/ogg' with confidence 0.20
W/MetadataRetrieverClient(13731):  Retriever is NULL, we don't need to free it again !
I/MediaPlayerFactory(13731): filePath /system/media/audio/ringtones/FriendlyGhost.ogg!
V/MediaExtractor(13731): Autodetected media content as 'application/ogg' with confidence 0.20
V/MediaExtractor(13731): Autodetected media content as 'application/ogg' with confidence 0.20
W/MetadataRetrieverClient(13731):  Retriever is NULL, we don't need to free it again !
I/GlobalDismissManager(15020): no sender configured
D/AlertService(15020): Beginning updateAlertNotification
I/MediaPlayerFactory(13731): filePath /system/media/audio/ringtones/Funk_Yall.ogg!
D/AlertService(15020): No fired or scheduled alerts
D/AlertService(15020): Scheduling next alarm with AlarmScheduler. sEventReminderReceived: null
V/MediaExtractor(13731): Autodetected media content as 'application/ogg' with confidence 0.20
D/AlarmScheduler(15020): No events found starting within 1 week.
V/MediaExtractor(13731): Autodetected media content as 'application/ogg' with confidence 0.20
W/MetadataRetrieverClient(13731):  Retriever is NULL, we don't need to free it again !
I/MediaPlayerFactory(13731): filePath /system/media/audio/ringtones/GameOverGuitar.ogg!
V/MediaExtractor(13731): Autodetected media content as 'application/ogg' with confidence 0.20
V/MediaExtractor(13731): Autodetected media content as 'application/ogg' with confidence 0.20
W/MetadataRetrieverClient(13731):  Retriever is NULL, we don't need to free it again !
I/MediaPlayerFactory(13731): filePath /system/media/audio/ringtones/Gimme_Mo_Town.ogg!
V/MediaExtractor(13731): Autodetected media content as 'application/ogg' with confidence 0.20
V/MediaExtractor(13731): Autodetected media content as 'application/ogg' with confidence 0.20
W/MetadataRetrieverClient(13731):  Retriever is NULL, we don't need to free it again !
I/MediaPlayerFactory(13731): filePath /system/media/audio/ringtones/Girtab.ogg!
V/MediaExtractor(13731): Autodetected media content as 'application/ogg' with confidence 0.20
V/MediaExtractor(13731): Autodetected media content as 'application/ogg' with confidence 0.20
W/MetadataRetrieverClient(13731):  Retriever is NULL, we don't need to free it again !
I/MediaPlayerFactory(13731): filePath /system/media/audio/ringtones/Glacial_Groove.ogg!
V/MediaExtractor(13731): Autodetected media content as 'application/ogg' with confidence 0.20
V/MediaExtractor(13731): Autodetected media content as 'application/ogg' with confidence 0.20
W/MetadataRetrieverClient(13731):  Retriever is NULL, we don't need to free it again !
I/MediaPlayerFactory(13731): filePath /system/media/audio/ringtones/Growl.ogg!
V/MediaExtractor(13731): Autodetected media content as 'application/ogg' with confidence 0.20
V/MediaExtractor(13731): Autodetected media content as 'application/ogg' with confidence 0.20
W/MetadataRetrieverClient(13731):  Retriever is NULL, we don't need to free it again !
I/MediaPlayerFactory(13731): filePath /system/media/audio/ringtones/HalfwayHome.ogg!
V/MediaExtractor(13731): Autodetected media content as 'application/ogg' with confidence 0.20
V/MediaExtractor(13731): Autodetected media content as 'application/ogg' with confidence 0.20
W/MetadataRetrieverClient(13731):  Retriever is NULL, we don't need to free it again !
I/MediaPlayerFactory(13731): filePath /system/media/audio/ringtones/Hydra.ogg!
V/MediaExtractor(13731): Autodetected media content as 'application/ogg' with confidence 0.20
E/Thermal-daemon( 2343): [charger_ic] temp_new :42  temp_old :41
E/Thermal-daemon( 2343): Report temperature: [charger_ic] temp :42  report_threshold:1
V/MediaExtractor(13731): Autodetected media content as 'application/ogg' with confidence 0.20
W/MetadataRetrieverClient(13731):  Retriever is NULL, we don't need to free it again !
I/MediaPlayerFactory(13731): filePath /system/media/audio/ringtones/InsertCoin.ogg!
V/MediaExtractor(13731): Autodetected media content as 'application/ogg' with confidence 0.20
