E/Thermal-daemon( 2343): [charger_ic] temp_new :41  temp_old :42
E/Thermal-daemon( 2343): Report temperature: [charger_ic] temp :41  report_threshold:1
E/Thermal-daemon( 2343): [ap] temp_new :41  temp_old :42
E/Thermal-daemon( 2343): Report temperature: [ap] temp :41  report_threshold:1
I/Process (15375): Sending signal. PID: 15375 SIG: 9
W/InputMethodManagerService(13943): Window already focused, ignoring focus gain of: com.android.internal.view.IInputMethodClient$Stub$Proxy@13bd27a4 attribute=null, token = android.os.BinderProxy@31dfd3ca
I/ServiceManager( 2327): service 'isub' died
I/ActivityManager(13943): Process com.android.phone (pid 15375) has died
I/ActivityManager(13943): Start proc 15414:com.android.phone/1001 for restart com.android.phone
D/AndroidRuntime(15414): Shutting down VM
E/AndroidRuntime(15414): FATAL EXCEPTION: main
E/AndroidRuntime(15414): Process: com.android.phone, PID: 15414
E/AndroidRuntime(15414): java.lang.RuntimeException: Unable to create application com.android.phone.PhoneApp: android.database.sqlite.SQLiteException: Can't downgrade database from version 917512 to 851976
E/AndroidRuntime(15414): 	at android.app.ActivityThread.handleBindApplication(ActivityThread.java:4556)
E/AndroidRuntime(15414): 	at android.app.ActivityThread.access$1500(ActivityThread.java:151)
E/AndroidRuntime(15414): 	at android.app.ActivityThread$H.handleMessage(ActivityThread.java:1364)
E/AndroidRuntime(15414): 	at android.os.Handler.dispatchMessage(Handler.java:102)
E/AndroidRuntime(15414): 	at android.os.Looper.loop(Looper.java:135)
E/AndroidRuntime(15414): 	at android.app.ActivityThread.main(ActivityThread.java:5254)
E/AndroidRuntime(15414): 	at java.lang.reflect.Method.invoke(Native Method)
E/AndroidRuntime(15414): 	at java.lang.reflect.Method.invoke(Method.java:372)
E/AndroidRuntime(15414): 	at com.android.internal.os.ZygoteInit$MethodAndArgsCaller.run(ZygoteInit.java:903)
E/AndroidRuntime(15414): 	at com.android.internal.os.ZygoteInit.main(ZygoteInit.java:698)
E/AndroidRuntime(15414): Caused by: android.database.sqlite.SQLiteException: Can't downgrade database from version 917512 to 851976
E/AndroidRuntime(15414): 	at android.database.sqlite.SQLiteOpenHelper.onDowngrade(SQLiteOpenHelper.java:360)
E/AndroidRuntime(15414): 	at android.database.sqlite.SQLiteOpenHelper.getDatabaseLocked(SQLiteOpenHelper.java:254)
E/AndroidRuntime(15414): 	at android.database.sqlite.SQLiteOpenHelper.getReadableDatabase(SQLiteOpenHelper.java:187)
E/AndroidRuntime(15414): 	at com.android.providers.telephony.TelephonyProvider.query(TelephonyProvider.java:774)
E/AndroidRuntime(15414): 	at android.content.ContentProvider.query(ContentProvider.java:966)
E/AndroidRuntime(15414): 	at android.content.ContentProvider$Transport.query(ContentProvider.java:211)
E/AndroidRuntime(15414): 	at android.content.ContentResolver.query(ContentResolver.java:478)
E/AndroidRuntime(15414): 	at android.content.ContentResolver.query(ContentResolver.java:422)
E/AndroidRuntime(15414): 	at com.android.internal.telephony.dataconnection.DcTracker.initEmergencyApnSetting(DcTracker.java:2989)
E/AndroidRuntime(15414): 	at com.android.internal.telephony.dataconnection.DcTracker.<init>(DcTracker.java:177)
E/AndroidRuntime(15414): 	at com.android.internal.telephony.gsm.GSMPhone.<init>(GSMPhone.java:194)
E/AndroidRuntime(15414): 	at com.android.internal.telephony.gsm.GSMPhone.<init>(GSMPhone.java:178)
E/AndroidRuntime(15414): 	at com.android.internal.telephony.PhoneFactory.makeDefaultPhone(PhoneFactory.java:152)
E/AndroidRuntime(15414): 	at com.android.internal.telephony.PhoneFactory.makeDefaultPhones(PhoneFactory.java:79)
E/AndroidRuntime(15414): 	at com.android.phone.PhoneGlobals.onCreate(PhoneGlobals.java:332)
E/AndroidRuntime(15414): 	at com.android.phone.PhoneApp.onCreate(PhoneApp.java:41)
E/AndroidRuntime(15414): 	at android.app.Instrumentation.callApplicationOnCreate(Instrumentation.java:1012)
E/AndroidRuntime(15414): 	at android.app.ActivityThread.handleBindApplication(ActivityThread.java:4553)
E/AndroidRuntime(15414): 	... 9 more
W/ActivityManager(13943): Process com.android.phone has crashed too many times: killing!
I/OpenGLRenderer(13943): Initialized EGL, version 1.4
I/[Gralloc](13662): alloc w[812] h[437] format[1] usage[3842]
I/[Gralloc](13662): alloc succ handle[0x7f9342a3a0] stride[812]
I/[Gralloc](13662): alloc w[812] h[437] format[1] usage[3842]
I/[Gralloc](13662): alloc succ handle[0x7f939467c0] stride[812]
I/[Gralloc](13662): alloc w[812] h[437] format[1] usage[3842]
I/[Gralloc](13662): alloc succ handle[0x7f93946b40] stride[812]
E/audio_hw_primary(13731): output pcm write failed. card 0. return value -1. reason cannot write stream data: I/O error
W/AudioFlinger(13731): write blocked for 10012 msecs, 3 delayed writes, thread 0xf4ddc000
E/audio_hw_primary(13731): output pcm write failed. card 0. return value -1. reason cannot prepare channel: Device or resource busy
E/audio_hw_primary(13731): output pcm write failed. card 0. return value -1. reason cannot prepare channel: Device or resource busy
E/audio_hw_primary(13731): pcm write failed three times, reopen pcm
E/audio_hal_dmd(13731): audio_hal_dmd_report failed to open [/dev/dsm]
I/audio_hw_primary(13731): do_out_standby standby: 0, out_device: 2
I/Process (15414): Sending signal. PID: 15414 SIG: 9
W/InputMethodManagerService(13943): Window already focused, ignoring focus gain of: com.android.internal.view.IInputMethodClient$Stub$Proxy@dd4ba34 attribute=null, token = android.os.BinderProxy@31dfd3ca
I/audio_hw_primary(13731): select_devices++ mode[0]
I/audio_hw_primary(13731): output_device_id is 0, output_route is null;input_source_id is 0, input_route is null.
V/audio_hw_primary(13731): original selected output route none input route none
V/audio_hw_primary(13731): custom selected input route none
V/audio_hw_primary(13731): custom selected output route none
V/audio_hw_primary(13731): select_devices() devices 0 input src 0 output route none input route none
V/audio_hw_primary(13731): forced_out 0 out_device 0 
I/TFA9895_SPK(13731): tfa9895 spk power off!
D/earpice_pa(13731): open /dev/ear_pa.
D/earpice_pa(13731): close /dev/ear_pa.
I/dsp_common(13731): dsp_common_control_algo:set device = 0
I/audio_route(13731): route change HISSC_STEREO_DLINK_L_PGA_INTEGER_CONFIG value[0] 0
I/audio_route(13731): route change HISSC_STEREO_DLINK_L_PGA_FRAC_CONFIG value[0] 0
I/audio_route(13731): route change HISSC_STEREO_DLINK_R_PGA_INTEGER_CONFIG value[0] 0
I/audio_route(13731): route change HISSC_STEREO_DLINK_R_PGA_FRAC_CONFIG value[0] 0
I/audio_route(13731): route change HISSC_DACL_AGC_BYPASS value[0] 0
I/audio_route(13731): route change HISSC_DACL_AGC_USR_GDB_INTEGER value[0] 0
I/audio_route(13731): route change HISSC_DACR_AGC_BYPASS value[0] 0
I/audio_route(13731): route change HISSC_DACR_AGC_USR_GDB_INTEGER value[0] 0
I/audio_route(13731): route change HISSC_FS_STEREO_DLINK_L value[0] 0
I/audio_route(13731): route change HISSC_FS_STEREO_DLINK_R value[0] 0
I/audio_route(13731): route change HISSC_FS_DACLR value[0] 0
I/audio_route(13731): route change HISSC_FS_S1 value[0] 0
I/audio_route(13731): route change STEREO_DLINK_TEST_SEL MUX value 0
I/audio_route(13731): route change SIF_EN MIXER SIF_DACL_EN value[0] 0
I/audio_route(13731): route change SIF_EN MIXER SIF_DACR_EN value[0] 0
I/ServiceManager( 2327): service 'isub' died
I/audio_route(13731): route change DACR_MIXER_EN MIXER DACR_MIXER_IN2_MUTE value[0] 0
I/audio_route(13731): route change DACL_MIXER_EN MIXER DACL_MIXER_IN2_MUTE value[0] 0
I/audio_route(13731): route change S1_IF_TX_ENA MIXER DAC_LR value[0] 0
I/ActivityManager(13943): Process com.android.phone (pid 15414) has died
I/dsp_common(13731): dsp_common_control_algo:set device = 0
I/audio_hw_primary(13731): select_devices--
I/audio_hw_primary(13731): start_output_stream++: out_type = 0, out_device = 0
V/audio_hw_primary(13731): pcm_open(PCM_CARD) succeed. pcm_device: 0
I/audio_hw_primary(13731): select_devices++ mode[0]
I/audio_hw_primary(13731): output_device_id is 2, output_route is media-speaker;input_source_id is 0, input_route is null.
V/audio_hw_primary(13731): original selected output route media-speaker input route none
V/audio_hw_primary(13731): custom selected input route none
V/audio_hw_primary(13731): custom selected output route media-speaker
V/audio_hw_primary(13731): select_devices() devices 0x2 input src 0 output route media-speaker input route none
V/audio_hw_primary(13731): forced_out 0 out_device 0x2 
D/earpice_pa(13731): open /dev/ear_pa.
D/earpice_pa(13731): close /dev/ear_pa.
I/dsp_common(13731): dsp_common_control_algo:set device = 2
I/audio_route(13731): route change HISSC_STEREO_DLINK_L_PGA_INTEGER_CONFIG value[0] 255
I/audio_route(13731): route change HISSC_STEREO_DLINK_L_PGA_FRAC_CONFIG value[0] 1
I/audio_route(13731): route change HISSC_STEREO_DLINK_R_PGA_INTEGER_CONFIG value[0] 255
I/audio_route(13731): route change HISSC_STEREO_DLINK_R_PGA_FRAC_CONFIG value[0] 1
I/audio_route(13731): route change HISSC_DACL_AGC_BYPASS value[0] 1
I/audio_route(13731): route change HISSC_DACL_AGC_USR_GDB_INTEGER value[0] 253
I/audio_route(13731): route change HISSC_DACR_AGC_BYPASS value[0] 1
I/audio_route(13731): route change HISSC_DACR_AGC_USR_GDB_INTEGER value[0] 253
I/audio_route(13731): route change HISSC_FS_STEREO_DLINK_L value[0] 4
I/audio_route(13731): route change HISSC_FS_STEREO_DLINK_R value[0] 4
I/audio_route(13731): route change HISSC_FS_DACLR value[0] 4
I/audio_route(13731): route change HISSC_FS_S1 value[0] 4
I/audio_route(13731): route change STEREO_DLINK_TEST_SEL MUX value 2
I/audio_route(13731): route change SIF_EN MIXER SIF_DACL_EN value[0] 1
I/audio_route(13731): route change SIF_EN MIXER SIF_DACR_EN value[0] 1
I/audio_route(13731): route change DACR_MIXER_EN MIXER DACR_MIXER_IN2_MUTE value[0] 1
I/audio_route(13731): route change DACL_MIXER_EN MIXER DACL_MIXER_IN2_MUTE value[0] 1
I/audio_route(13731): route change S1_IF_TX_ENA MIXER DAC_LR value[0] 1
I/dsp_common(13731): dsp_common_control_algo:set device = 2
D/TFA9895_SPK(13731): tfa9895 dev_power_on scene = 0
I/TFA9895_SPK(13731): tfa9895 power on scene = 0, lastScene= 0
I/ActivityManager(13943): Start proc 15446:com.android.phone/1001 for restart com.android.phone
I/TFA9895_SPK(13731): tfa9895 spk power on!
I/audio_hw_primary(13731): select_devices--
I/audio_hw_primary(13731): start_output_stream--
D/AndroidRuntime(15446): Shutting down VM
E/AndroidRuntime(15446): FATAL EXCEPTION: main
E/AndroidRuntime(15446): Process: com.android.phone, PID: 15446
E/AndroidRuntime(15446): java.lang.RuntimeException: Unable to create application com.android.phone.PhoneApp: android.database.sqlite.SQLiteException: Can't downgrade database from version 917512 to 851976
E/AndroidRuntime(15446): 	at android.app.ActivityThread.handleBindApplication(ActivityThread.java:4556)
E/AndroidRuntime(15446): 	at android.app.ActivityThread.access$1500(ActivityThread.java:151)
E/AndroidRuntime(15446): 	at android.app.ActivityThread$H.handleMessage(ActivityThread.java:1364)
E/AndroidRuntime(15446): 	at android.os.Handler.dispatchMessage(Handler.java:102)
E/AndroidRuntime(15446): 	at android.os.Looper.loop(Looper.java:135)
E/AndroidRuntime(15446): 	at android.app.ActivityThread.main(ActivityThread.java:5254)
E/AndroidRuntime(15446): 	at java.lang.reflect.Method.invoke(Native Method)
E/AndroidRuntime(15446): 	at java.lang.reflect.Method.invoke(Method.java:372)
E/AndroidRuntime(15446): 	at com.android.internal.os.ZygoteInit$MethodAndArgsCaller.run(ZygoteInit.java:903)
E/AndroidRuntime(15446): 	at com.android.internal.os.ZygoteInit.main(ZygoteInit.java:698)
E/AndroidRuntime(15446): Caused by: android.database.sqlite.SQLiteException: Can't downgrade database from version 917512 to 851976
E/AndroidRuntime(15446): 	at android.database.sqlite.SQLiteOpenHelper.onDowngrade(SQLiteOpenHelper.java:360)
E/AndroidRuntime(15446): 	at android.database.sqlite.SQLiteOpenHelper.getDatabaseLocked(SQLiteOpenHelper.java:254)
E/AndroidRuntime(15446): 	at android.database.sqlite.SQLiteOpenHelper.getReadableDatabase(SQLiteOpenHelper.java:187)
E/AndroidRuntime(15446): 	at com.android.providers.telephony.TelephonyProvider.query(TelephonyProvider.java:774)
E/AndroidRuntime(15446): 	at android.content.ContentProvider.query(ContentProvider.java:966)
E/AndroidRuntime(15446): 	at android.content.ContentProvider$Transport.query(ContentProvider.java:211)
E/AndroidRuntime(15446): 	at android.content.ContentResolver.query(ContentResolver.java:478)
E/AndroidRuntime(15446): 	at android.content.ContentResolver.query(ContentResolver.java:422)
E/AndroidRuntime(15446): 	at com.android.internal.telephony.dataconnection.DcTracker.initEmergencyApnSetting(DcTracker.java:2989)
E/AndroidRuntime(15446): 	at com.android.internal.telephony.dataconnection.DcTracker.<init>(DcTracker.java:177)
E/AndroidRuntime(15446): 	at com.android.internal.telephony.gsm.GSMPhone.<init>(GSMPhone.java:194)
E/AndroidRuntime(15446): 	at com.android.internal.telephony.gsm.GSMPhone.<init>(GSMPhone.java:178)
E/AndroidRuntime(15446): 	at com.android.internal.telephony.PhoneFactory.makeDefaultPhone(PhoneFactory.java:152)
E/AndroidRuntime(15446): 	at com.android.internal.telephony.PhoneFactory.makeDefaultPhones(PhoneFactory.java:79)
E/AndroidRuntime(15446): 	at com.android.phone.PhoneGlobals.onCreate(PhoneGlobals.java:332)
E/AndroidRuntime(15446): 	at com.android.phone.PhoneApp.onCreate(PhoneApp.java:41)
E/AndroidRuntime(15446): 	at android.app.Instrumentation.callApplicationOnCreate(Instrumentation.java:1012)
E/AndroidRuntime(15446): 	at android.app.ActivityThread.handleBindApplication(ActivityThread.java:4553)
E/AndroidRuntime(15446): 	... 9 more
W/ActivityManager(13943): Process com.android.phone has crashed too many times: killing!
I/OpenGLRenderer(13943): Initialized EGL, version 1.4
I/[Gralloc](13662): alloc w[812] h[437] format[1] usage[3842]
I/[Gralloc](13662): alloc succ handle[0x7f9342a560] stride[812]
I/[Gralloc](13662): alloc w[812] h[437] format[1] usage[3842]
I/[Gralloc](13662): alloc succ handle[0x7f939452c0] stride[812]
I/[Gralloc](13662): alloc w[812] h[437] format[1] usage[3842]
I/[Gralloc](13662): alloc succ handle[0x7f93945b80] stride[812]
I/Process (15446): Sending signal. PID: 15446 SIG: 9
W/AudioFlinger(13731): moveEffects() bad srcOutput -4744156
W/InputMethodManagerService(13943): Window already focused, ignoring focus gain of: com.android.internal.view.IInputMethodClient$Stub$Proxy@2ccc98c4 attribute=null, token = android.os.BinderProxy@31dfd3ca
I/ServiceManager( 2327): service 'isub' died
I/ActivityManager(13943): Process com.android.phone (pid 15446) has died
I/ActivityManager(13943): Start proc 15485:com.android.phone/1001 for restart com.android.phone
D/AndroidRuntime(15485): Shutting down VM
E/AndroidRuntime(15485): FATAL EXCEPTION: main
E/AndroidRuntime(15485): Process: com.android.phone, PID: 15485
E/AndroidRuntime(15485): java.lang.RuntimeException: Unable to create application com.android.phone.PhoneApp: android.database.sqlite.SQLiteException: Can't downgrade database from version 917512 to 851976
E/AndroidRuntime(15485): 	at android.app.ActivityThread.handleBindApplication(ActivityThread.java:4556)
E/AndroidRuntime(15485): 	at android.app.ActivityThread.access$1500(ActivityThread.java:151)
E/AndroidRuntime(15485): 	at android.app.ActivityThread$H.handleMessage(ActivityThread.java:1364)
E/AndroidRuntime(15485): 	at android.os.Handler.dispatchMessage(Handler.java:102)
E/AndroidRuntime(15485): 	at android.os.Looper.loop(Looper.java:135)
E/AndroidRuntime(15485): 	at android.app.ActivityThread.main(ActivityThread.java:5254)
E/AndroidRuntime(15485): 	at java.lang.reflect.Method.invoke(Native Method)
E/AndroidRuntime(15485): 	at java.lang.reflect.Method.invoke(Method.java:372)
E/AndroidRuntime(15485): 	at com.android.internal.os.ZygoteInit$MethodAndArgsCaller.run(ZygoteInit.java:903)
E/AndroidRuntime(15485): 	at com.android.internal.os.ZygoteInit.main(ZygoteInit.java:698)
E/AndroidRuntime(15485): Caused by: android.database.sqlite.SQLiteException: Can't downgrade database from version 917512 to 851976
E/AndroidRuntime(15485): 	at android.database.sqlite.SQLiteOpenHelper.onDowngrade(SQLiteOpenHelper.java:360)
E/AndroidRuntime(15485): 	at android.database.sqlite.SQLiteOpenHelper.getDatabaseLocked(SQLiteOpenHelper.java:254)
E/AndroidRuntime(15485): 	at android.database.sqlite.SQLiteOpenHelper.getReadableDatabase(SQLiteOpenHelper.java:187)
E/AndroidRuntime(15485): 	at com.android.providers.telephony.TelephonyProvider.query(TelephonyProvider.java:774)
E/AndroidRuntime(15485): 	at android.content.ContentProvider.query(ContentProvider.java:966)
E/AndroidRuntime(15485): 	at android.content.ContentProvider$Transport.query(ContentProvider.java:211)
E/AndroidRuntime(15485): 	at android.content.ContentResolver.query(ContentResolver.java:478)
E/AndroidRuntime(15485): 	at android.content.ContentResolver.query(ContentResolver.java:422)
E/AndroidRuntime(15485): 	at com.android.internal.telephony.dataconnection.DcTracker.initEmergencyApnSetting(DcTracker.java:2989)
E/AndroidRuntime(15485): 	at com.android.internal.telephony.dataconnection.DcTracker.<init>(DcTracker.java:177)
E/AndroidRuntime(15485): 	at com.android.internal.telephony.gsm.GSMPhone.<init>(GSMPhone.java:194)
E/AndroidRuntime(15485): 	at com.android.internal.telephony.gsm.GSMPhone.<init>(GSMPhone.java:178)
E/AndroidRuntime(15485): 	at com.android.internal.telephony.PhoneFactory.makeDefaultPhone(PhoneFactory.java:152)
E/AndroidRuntime(15485): 	at com.android.internal.telephony.PhoneFactory.makeDefaultPhones(PhoneFactory.java:79)
E/AndroidRuntime(15485): 	at com.android.phone.PhoneGlobals.onCreate(PhoneGlobals.java:332)
E/AndroidRuntime(15485): 	at com.android.phone.PhoneApp.onCreate(PhoneApp.java:41)
E/AndroidRuntime(15485): 	at android.app.Instrumentation.callApplicationOnCreate(Instrumentation.java:1012)
E/AndroidRuntime(15485): 	at android.app.ActivityThread.handleBindApplication(ActivityThread.java:4553)
E/AndroidRuntime(15485): 	... 9 more
W/ActivityManager(13943): Process com.android.phone has crashed too many times: killing!
I/OpenGLRenderer(13943): Initialized EGL, version 1.4
I/[Gralloc](13662): alloc w[812] h[437] format[1] usage[3842]
I/[Gralloc](13662): alloc succ handle[0x7f939452c0] stride[812]
I/[Gralloc](13662): alloc w[812] h[437] format[1] usage[3842]
I/[Gralloc](13662): alloc succ handle[0x7f9342a8e0] stride[812]
I/[Gralloc](13662): alloc w[812] h[437] format[1] usage[3842]
I/[Gralloc](13662): alloc succ handle[0x7f9342ab80] stride[812]
D/InitAlarmsService(15020): Clearing and rescheduling alarms.
E/audio_hw_primary(13731): output pcm write failed. card 0. return value -1. reason cannot write stream data: I/O error
W/AudioFlinger(13731): write blocked for 10013 msecs, 5 delayed writes, thread 0xf4ddc000
E/audio_hw_primary(13731): output pcm write failed. card 0. return value -1. reason cannot prepare channel: Device or resource busy
E/audio_hw_primary(13731): output pcm write failed. card 0. return value -1. reason cannot prepare channel: Device or resource busy
E/audio_hw_primary(13731): pcm write failed three times, reopen pcm
E/audio_hal_dmd(13731): audio_hal_dmd_report failed to open [/dev/dsm]
I/audio_hw_primary(13731): do_out_standby standby: 0, out_device: 2
I/audio_hw_primary(13731): select_devices++ mode[0]
I/audio_hw_primary(13731): output_device_id is 0, output_route is null;input_source_id is 0, input_route is null.
V/audio_hw_primary(13731): original selected output route none input route none
V/audio_hw_primary(13731): custom selected input route none
V/audio_hw_primary(13731): custom selected output route none
V/audio_hw_primary(13731): select_devices() devices 0 input src 0 output route none input route none
V/audio_hw_primary(13731): forced_out 0 out_device 0 
I/TFA9895_SPK(13731): tfa9895 spk power off!
D/earpice_pa(13731): open /dev/ear_pa.
D/earpice_pa(13731): close /dev/ear_pa.
I/dsp_common(13731): dsp_common_control_algo:set device = 0
I/audio_route(13731): route change HISSC_STEREO_DLINK_L_PGA_INTEGER_CONFIG value[0] 0
I/audio_route(13731): route change HISSC_STEREO_DLINK_L_PGA_FRAC_CONFIG value[0] 0
I/audio_route(13731): route change HISSC_STEREO_DLINK_R_PGA_INTEGER_CONFIG value[0] 0
I/audio_route(13731): route change HISSC_STEREO_DLINK_R_PGA_FRAC_CONFIG value[0] 0
I/audio_route(13731): route change HISSC_DACL_AGC_BYPASS value[0] 0
I/audio_route(13731): route change HISSC_DACL_AGC_USR_GDB_INTEGER value[0] 0
I/audio_route(13731): route change HISSC_DACR_AGC_BYPASS value[0] 0
I/audio_route(13731): route change HISSC_DACR_AGC_USR_GDB_INTEGER value[0] 0
I/audio_route(13731): route change HISSC_FS_STEREO_DLINK_L value[0] 0
I/audio_route(13731): route change HISSC_FS_STEREO_DLINK_R value[0] 0
I/audio_route(13731): route change HISSC_FS_DACLR value[0] 0
I/audio_route(13731): route change HISSC_FS_S1 value[0] 0
I/audio_route(13731): route change STEREO_DLINK_TEST_SEL MUX value 0
I/audio_route(13731): route change SIF_EN MIXER SIF_DACL_EN value[0] 0
I/audio_route(13731): route change SIF_EN MIXER SIF_DACR_EN value[0] 0
I/audio_route(13731): route change DACR_MIXER_EN MIXER DACR_MIXER_IN2_MUTE value[0] 0
I/audio_route(13731): route change DACL_MIXER_EN MIXER DACL_MIXER_IN2_MUTE value[0] 0
I/audio_route(13731): route change S1_IF_TX_ENA MIXER DAC_LR value[0] 0
I/dsp_common(13731): dsp_common_control_algo:set device = 0
I/audio_hw_primary(13731): select_devices--
I/audio_hw_primary(13731): start_output_stream++: out_type = 0, out_device = 0
V/audio_hw_primary(13731): pcm_open(PCM_CARD) succeed. pcm_device: 0
I/audio_hw_primary(13731): select_devices++ mode[0]
I/audio_hw_primary(13731): output_device_id is 2, output_route is media-speaker;input_source_id is 0, input_route is null.
V/audio_hw_primary(13731): original selected output route media-speaker input route none
V/audio_hw_primary(13731): custom selected input route none
V/audio_hw_primary(13731): custom selected output route media-speaker
V/audio_hw_primary(13731): select_devices() devices 0x2 input src 0 output route media-speaker input route none
V/audio_hw_primary(13731): forced_out 0 out_device 0x2 
D/earpice_pa(13731): open /dev/ear_pa.
D/earpice_pa(13731): close /dev/ear_pa.
I/dsp_common(13731): dsp_common_control_algo:set device = 2
I/audio_route(13731): route change HISSC_STEREO_DLINK_L_PGA_INTEGER_CONFIG value[0] 255
I/audio_route(13731): route change HISSC_STEREO_DLINK_L_PGA_FRAC_CONFIG value[0] 1
I/audio_route(13731): route change HISSC_STEREO_DLINK_R_PGA_INTEGER_CONFIG value[0] 255
I/audio_route(13731): route change HISSC_STEREO_DLINK_R_PGA_FRAC_CONFIG value[0] 1
I/audio_route(13731): route change HISSC_DACL_AGC_BYPASS value[0] 1
I/audio_route(13731): route change HISSC_DACL_AGC_USR_GDB_INTEGER value[0] 253
I/audio_route(13731): route change HISSC_DACR_AGC_BYPASS value[0] 1
I/audio_route(13731): route change HISSC_DACR_AGC_USR_GDB_INTEGER value[0] 253
I/audio_route(13731): route change HISSC_FS_STEREO_DLINK_L value[0] 4
I/audio_route(13731): route change HISSC_FS_STEREO_DLINK_R value[0] 4
I/audio_route(13731): route change HISSC_FS_DACLR value[0] 4
I/audio_route(13731): route change HISSC_FS_S1 value[0] 4
I/audio_route(13731): route change STEREO_DLINK_TEST_SEL MUX value 2
I/audio_route(13731): route change SIF_EN MIXER SIF_DACL_EN value[0] 1
I/audio_route(13731): route change SIF_EN MIXER SIF_DACR_EN value[0] 1
I/audio_route(13731): route change DACR_MIXER_EN MIXER DACR_MIXER_IN2_MUTE value[0] 1
I/audio_route(13731): route change DACL_MIXER_EN MIXER DACL_MIXER_IN2_MUTE value[0] 1
I/audio_route(13731): route change S1_IF_TX_ENA MIXER DAC_LR value[0] 1
I/dsp_common(13731): dsp_common_control_algo:set device = 2
D/TFA9895_SPK(13731): tfa9895 dev_power_on scene = 0
I/TFA9895_SPK(13731): tfa9895 power on scene = 0, lastScene= 0
I/TFA9895_SPK(13731): tfa9895 spk power on!
I/audio_hw_primary(13731): select_devices--
I/audio_hw_primary(13731): start_output_stream--
E/Thermal-daemon( 2343): [ap] temp_new :40  temp_old :41
E/Thermal-daemon( 2343): Report temperature: [ap] temp :40  report_threshold:1
E/audio_hw_primary(13731): output pcm write failed. card 0. return value -1. reason cannot write stream data: I/O error
W/AudioFlinger(13731): write blocked for 10016 msecs, 7 delayed writes, thread 0xf4ddc000
I/audio_hw_primary(13731): do_out_standby standby: 0, out_device: 2
I/audio_hw_primary(13731): select_devices++ mode[0]
I/audio_hw_primary(13731): output_device_id is 0, output_route is null;input_source_id is 0, input_route is null.
V/audio_hw_primary(13731): original selected output route none input route none
V/audio_hw_primary(13731): custom selected input route none
V/audio_hw_primary(13731): custom selected output route none
V/audio_hw_primary(13731): select_devices() devices 0 input src 0 output route none input route none
V/audio_hw_primary(13731): forced_out 0 out_device 0 
I/TFA9895_SPK(13731): tfa9895 spk power off!
D/earpice_pa(13731): open /dev/ear_pa.
D/earpice_pa(13731): close /dev/ear_pa.
I/dsp_common(13731): dsp_common_control_algo:set device = 0
I/audio_route(13731): route change HISSC_STEREO_DLINK_L_PGA_INTEGER_CONFIG value[0] 0
I/audio_route(13731): route change HISSC_STEREO_DLINK_L_PGA_FRAC_CONFIG value[0] 0
I/audio_route(13731): route change HISSC_STEREO_DLINK_R_PGA_INTEGER_CONFIG value[0] 0
I/audio_route(13731): route change HISSC_STEREO_DLINK_R_PGA_FRAC_CONFIG value[0] 0
I/audio_route(13731): route change HISSC_DACL_AGC_BYPASS value[0] 0
I/audio_route(13731): route change HISSC_DACL_AGC_USR_GDB_INTEGER value[0] 0
I/audio_route(13731): route change HISSC_DACR_AGC_BYPASS value[0] 0
I/audio_route(13731): route change HISSC_DACR_AGC_USR_GDB_INTEGER value[0] 0
I/audio_route(13731): route change HISSC_FS_STEREO_DLINK_L value[0] 0
I/audio_route(13731): route change HISSC_FS_STEREO_DLINK_R value[0] 0
I/audio_route(13731): route change HISSC_FS_DACLR value[0] 0
I/audio_route(13731): route change HISSC_FS_S1 value[0] 0
I/audio_route(13731): route change STEREO_DLINK_TEST_SEL MUX value 0
I/audio_route(13731): route change SIF_EN MIXER SIF_DACL_EN value[0] 0
I/audio_route(13731): route change SIF_EN MIXER SIF_DACR_EN value[0] 0
I/audio_route(13731): route change DACR_MIXER_EN MIXER DACR_MIXER_IN2_MUTE value[0] 0
I/audio_route(13731): route change DACL_MIXER_EN MIXER DACL_MIXER_IN2_MUTE value[0] 0
I/audio_route(13731): route change S1_IF_TX_ENA MIXER DAC_LR value[0] 0
I/dsp_common(13731): dsp_common_control_algo:set device = 0
I/audio_hw_primary(13731): select_devices--
E/Thermal-daemon( 2343): [charger_ic] temp_new :40  temp_old :41
E/Thermal-daemon( 2343): Report temperature: [charger_ic] temp :40  report_threshold:1
I/MediaFocusControl(13943):  AudioFocus  abandonAudioFocus() from android.media.AudioManager@3a1bf819com.android.music.MediaPlaybackService$3@3fd670de
I/ActivityManager(13943): Start proc 15566:com.android.musicfx/u0a33 for broadcast com.android.musicfx/.ControlPanelReceiver
V/MusicFXControlPanelReceiver(15566): onReceive
V/MusicFXControlPanelReceiver(15566): Action: android.media.action.CLOSE_AUDIO_EFFECT_CONTROL_SESSION
V/MusicFXControlPanelReceiver(15566): Package name: com.android.music
V/MusicFXControlPanelReceiver(15566): Audio session: 0
V/MusicFXControlPanelEffect(15566): closeSession(android.app.ReceiverRestrictedContext@1e7b8706, com.android.music, 0)
E/Thermal-daemon( 2343): [ap] temp_new :39  temp_old :40
E/Thermal-daemon( 2343): Report temperature: [ap] temp :39  report_threshold:1
D/        (13943): file:device/hisi/common/liblights/lights.c, func:set_light_backlight, brightness=100
D/        (13943): file:device/hisi/common/liblights/lights.c, func:set_light_backlight, brightness=97
D/        (13943): file:device/hisi/common/liblights/lights.c, func:set_light_backlight, brightness=94
D/        (13943): file:device/hisi/common/liblights/lights.c, func:set_light_backlight, brightness=90
D/        (13943): file:device/hisi/common/liblights/lights.c, func:set_light_backlight, brightness=87
D/        (13943): file:device/hisi/common/liblights/lights.c, func:set_light_backlight, brightness=84
D/        (13943): file:device/hisi/common/liblights/lights.c, func:set_light_backlight, brightness=80
D/        (13943): file:device/hisi/common/liblights/lights.c, func:set_light_backlight, brightness=77
D/        (13943): file:device/hisi/common/liblights/lights.c, func:set_light_backlight, brightness=74
D/        (13943): file:device/hisi/common/liblights/lights.c, func:set_light_backlight, brightness=70
D/        (13943): file:device/hisi/common/liblights/lights.c, func:set_light_backlight, brightness=67
D/        (13943): file:device/hisi/common/liblights/lights.c, func:set_light_backlight, brightness=64
D/        (13943): file:device/hisi/common/liblights/lights.c, func:set_light_backlight, brightness=60
D/        (13943): file:device/hisi/common/liblights/lights.c, func:set_light_backlight, brightness=57
D/        (13943): file:device/hisi/common/liblights/lights.c, func:set_light_backlight, brightness=54
D/        (13943): file:device/hisi/common/liblights/lights.c, func:set_light_backlight, brightness=50
D/        (13943): file:device/hisi/common/liblights/lights.c, func:set_light_backlight, brightness=47
D/        (13943): file:device/hisi/common/liblights/lights.c, func:set_light_backlight, brightness=44
D/        (13943): file:device/hisi/common/liblights/lights.c, func:set_light_backlight, brightness=40
D/        (13943): file:device/hisi/common/liblights/lights.c, func:set_light_backlight, brightness=37
D/        (13943): file:device/hisi/common/liblights/lights.c, func:set_light_backlight, brightness=34
D/        (13943): file:device/hisi/common/liblights/lights.c, func:set_light_backlight, brightness=30
D/        (13943): file:device/hisi/common/liblights/lights.c, func:set_light_backlight, brightness=27
D/        (13943): file:device/hisi/common/liblights/lights.c, func:set_light_backlight, brightness=24
D/        (13943): file:device/hisi/common/liblights/lights.c, func:set_light_backlight, brightness=20
D/        (13943): file:device/hisi/common/liblights/lights.c, func:set_light_backlight, brightness=17
D/        (13943): file:device/hisi/common/liblights/lights.c, func:set_light_backlight, brightness=14
D/        (13943): file:device/hisi/common/liblights/lights.c, func:set_light_backlight, brightness=10
I/PowerManagerService(13943): Going to sleep due to power button (uid 1000)...
I/PowerManagerService(13943): Sleeping (uid 1000)...
D/AudioFlinger(13731): setParameters(): io 0, keyvalue screen_state=on, calling pid 13943
I/WifiNative-HAL(13943): startHal
E/wifi    (13943): getStaticLongField sWifiHalHandle 0x7f76863350
D/wifi    (13943): halHandle = 0x0, mVM = 0x7f8d87c300, mCls = 0x107a
I/WifiNative-HAL(13943): Could not start hal
E/WifiStateMachine(13943): cancelDelayedScan -> 1
V/default_custom(13731): default custom set parameters kvpairs: screen_state=on
V/audio_hw_primary(13731): audio_custom_set_parameters excute succseed.
V/SRS_Proc(13731): ParamSet string: screen_state=on
D/HuaweiAuioAlgoService(13731): no bt nrec command
I/[Gralloc](13662): alloc w[720] h[1280] format[1] usage[3842]
I/[Gralloc](13662): alloc succ handle[0x7f939467c0] stride[720]
D/PermissionCache(13662): checking android.permission.READ_FRAME_BUFFER for uid=1000 => granted (182 us)
I/[Gralloc](13662): alloc w[720] h[1280] format[1] usage[819]
I/[Gralloc](13662): alloc succ handle[0x7f9342ac60] stride[720]
I/[Gralloc](13662): alloc w[720] h[1280] format[1] usage[3842]
I/[Gralloc](13662): alloc succ handle[0x7f939474e0] stride[720]
I/[Gralloc](13662): alloc w[720] h[1280] format[1] usage[3842]
I/[Gralloc](13662): alloc succ handle[0x7f9342ac60] stride[720]
W/BroadcastQueue(13943): Skipping deliver [foreground] BroadcastRecord{2ac1bbf2 u-1 android.intent.action.SCREEN_ON} to ReceiverList{222064c7 15485 com.android.phone/1001/u0 remote:5911606}: process crashing
D/AudioFlinger(13731): setParameters(): io 0, keyvalue screen_state=off, calling pid 13943
V/default_custom(13731): default custom set parameters kvpairs: screen_state=off
V/audio_hw_primary(13731): audio_custom_set_parameters excute succseed.
V/SRS_Proc(13731): ParamSet string: screen_state=off
D/HuaweiAuioAlgoService(13731): no bt nrec command
I/WifiNative-HAL(13943): startHal
E/WifiStateMachine(13943): cancelDelayedScan -> 2
W/BroadcastQueue(13943): Skipping deliver [foreground] BroadcastRecord{aecf243 u-1 android.intent.action.SCREEN_OFF} to ReceiverList{222064c7 15485 com.android.phone/1001/u0 remote:5911606}: process crashing
D/        (13943): file:device/hisi/common/liblights/lights.c, func:set_light_backlight, brightness=0
I/DisplayManagerService(13943): Display device changed: DisplayDeviceInfo{"Built-in Screen": uniqueId="local:0", 720 x 1280, 60.000004 fps, supportedRefreshRates [60.000004], density 320, 294.96774 x 295.56363 dpi, appVsyncOff 7500000, presDeadline 12666666, touch INTERNAL, rotation 0, type BUILT_IN, state OFF, FLAG_DEFAULT_DISPLAY, FLAG_ROTATES_WITH_CONTENT, FLAG_SECURE, FLAG_SUPPORTS_PROTECTED_BUFFERS}
V/ActivityManager(13943): Display changed displayId=0
D/SurfaceFlinger(13662): HWComposer setLayerStack(displayId = 0, layerStack = -1)
D/SurfaceFlinger(13662): Set power mode=0, type=0 flinger=0x7f93862000
E/Thermal-daemon( 2343): [charger_ic] temp_new :39  temp_old :40
E/Thermal-daemon( 2343): Report temperature: [charger_ic] temp :39  report_threshold:1
E/Thermal-daemon( 2343): [ap] temp_new :38  temp_old :39
E/Thermal-daemon( 2343): Report temperature: [ap] temp :38  report_threshold:1
I/PowerManagerService(13943): Waking up from sleep (uid 1000)...
I/DisplayPowerController(13943): Blocking screen on until initial contents have been drawn.
D/SurfaceFlinger(13662): Set power mode=2, type=0 flinger=0x7f93862000
D/SurfaceFlinger(13662): HWComposer setLayerStack(displayId = 0, layerStack = 0)
D/Sensors (13943): sensors_poll_context_t->activate(handle: 0, enabled: 1)
D/Sensors (13943): virtual int AccelerometerSensor::enable(int32_t, int): fd (-1 ),en (1),flags(1), mEnabled(0),input_sys_path (/sys/class/input/event4/device/device/enable)
E/SensorService(13943): Error activating sensor 0 (Operation not permitted)
V/KeyguardServiceDelegate(13943): onScreenTurnedOn(showListener = com.android.internal.policy.impl.PhoneWindowManager$2@3b85c0c0)
I/DisplayManagerService(13943): Display device changed: DisplayDeviceInfo{"Built-in Screen": uniqueId="local:0", 720 x 1280, 60.000004 fps, supportedRefreshRates [60.000004], density 320, 294.96774 x 295.56363 dpi, appVsyncOff 7500000, presDeadline 12666666, touch INTERNAL, rotation 0, type BUILT_IN, state ON, FLAG_DEFAULT_DISPLAY, FLAG_ROTATES_WITH_CONTENT, FLAG_SECURE, FLAG_SUPPORTS_PROTECTED_BUFFERS}
V/ActivityManager(13943): Display changed displayId=0
V/ActivityManager(13943): Display changed displayId=0
D/AudioFlinger(13731): setParameters(): io 0, keyvalue screen_state=on, calling pid 13943
V/default_custom(13731): default custom set parameters kvpairs: screen_state=on
V/audio_hw_primary(13731): audio_custom_set_parameters excute succseed.
V/SRS_Proc(13731): ParamSet string: screen_state=on
I/WifiNative-HAL(13943): startHal
D/HuaweiAuioAlgoService(13731): no bt nrec command
E/WifiStateMachine(13943): cancelDelayedScan -> 3
V/KeyguardServiceDelegate(13943): **** SHOWN CALLED ****
I/DisplayPowerController(13943): Unblocked screen on after 60 ms
E/libEGL  (13943): call to OpenGL ES API with no current context (logged once per thread)
D/        (13943): file:device/hisi/common/liblights/lights.c, func:set_light_backlight, brightness=12
D/        (13943): file:device/hisi/common/liblights/lights.c, func:set_light_backlight, brightness=15
W/BroadcastQueue(13943): Skipping deliver [foreground] BroadcastRecord{2d2dc1f9 u-1 android.intent.action.SCREEN_ON} to ReceiverList{222064c7 15485 com.android.phone/1001/u0 remote:5911606}: process crashing
D/        (13943): file:device/hisi/common/liblights/lights.c, func:set_light_backlight, brightness=18
D/        (13943): file:device/hisi/common/liblights/lights.c, func:set_light_backlight, brightness=22
D/        (13943): file:device/hisi/common/liblights/lights.c, func:set_light_backlight, brightness=25
D/        (13943): file:device/hisi/common/liblights/lights.c, func:set_light_backlight, brightness=28
D/        (13943): file:device/hisi/common/liblights/lights.c, func:set_light_backlight, brightness=32
D/        (13943): file:device/hisi/common/liblights/lights.c, func:set_light_backlight, brightness=35
D/        (13943): file:device/hisi/common/liblights/lights.c, func:set_light_backlight, brightness=38
D/        (13943): file:device/hisi/common/liblights/lights.c, func:set_light_backlight, brightness=42
D/        (13943): file:device/hisi/common/liblights/lights.c, func:set_light_backlight, brightness=45
D/        (13943): file:device/hisi/common/liblights/lights.c, func:set_light_backlight, brightness=48
D/        (13943): file:device/hisi/common/liblights/lights.c, func:set_light_backlight, brightness=52
D/        (13943): file:device/hisi/common/liblights/lights.c, func:set_light_backlight, brightness=55
D/        (13943): file:device/hisi/common/liblights/lights.c, func:set_light_backlight, brightness=58
D/        (13943): file:device/hisi/common/liblights/lights.c, func:set_light_backlight, brightness=62
D/        (13943): file:device/hisi/common/liblights/lights.c, func:set_light_backlight, brightness=65
D/        (13943): file:device/hisi/common/liblights/lights.c, func:set_light_backlight, brightness=68
D/        (13943): file:device/hisi/common/liblights/lights.c, func:set_light_backlight, brightness=72
D/        (13943): file:device/hisi/common/liblights/lights.c, func:set_light_backlight, brightness=75
D/        (13943): file:device/hisi/common/liblights/lights.c, func:set_light_backlight, brightness=78
D/        (13943): file:device/hisi/common/liblights/lights.c, func:set_light_backlight, brightness=82
D/        (13943): file:device/hisi/common/liblights/lights.c, func:set_light_backlight, brightness=85
D/        (13943): file:device/hisi/common/liblights/lights.c, func:set_light_backlight, brightness=88
D/        (13943): file:device/hisi/common/liblights/lights.c, func:set_light_backlight, brightness=92
D/        (13943): file:device/hisi/common/liblights/lights.c, func:set_light_backlight, brightness=95
D/        (13943): file:device/hisi/common/liblights/lights.c, func:set_light_backlight, brightness=98
D/        (13943): file:device/hisi/common/liblights/lights.c, func:set_light_backlight, brightness=102
I/Process (15485): Sending signal. PID: 15485 SIG: 9
W/InputMethodManagerService(13943): Window already focused, ignoring focus gain of: com.android.internal.view.IInputMethodClient$Stub$Proxy@296628ec attribute=android.view.inputmethod.EditorInfo@137f84b5, token = android.os.BinderProxy@31dfd3ca
W/AudioFlinger(13731): moveEffects() bad srcOutput -217604140
I/audio_hw_primary(13731): start_output_stream++: out_type = 0, out_device = 0
V/audio_hw_primary(13731): pcm_open(PCM_CARD) succeed. pcm_device: 0
I/audio_hw_primary(13731): select_devices++ mode[0]
I/audio_hw_primary(13731): output_device_id is 2, output_route is media-speaker;input_source_id is 0, input_route is null.
V/audio_hw_primary(13731): original selected output route media-speaker input route none
V/audio_hw_primary(13731): custom selected input route none
V/audio_hw_primary(13731): custom selected output route media-speaker
V/audio_hw_primary(13731): select_devices() devices 0x2 input src 0 output route media-speaker input route none
V/audio_hw_primary(13731): forced_out 0 out_device 0x2 
D/earpice_pa(13731): open /dev/ear_pa.
D/earpice_pa(13731): close /dev/ear_pa.
I/dsp_common(13731): dsp_common_control_algo:set device = 2
I/audio_route(13731): route change HISSC_STEREO_DLINK_L_PGA_INTEGER_CONFIG value[0] 255
I/audio_route(13731): route change HISSC_STEREO_DLINK_L_PGA_FRAC_CONFIG value[0] 1
I/audio_route(13731): route change HISSC_STEREO_DLINK_R_PGA_INTEGER_CONFIG value[0] 255
I/audio_route(13731): route change HISSC_STEREO_DLINK_R_PGA_FRAC_CONFIG value[0] 1
I/audio_route(13731): route change HISSC_DACL_AGC_BYPASS value[0] 1
I/audio_route(13731): route change HISSC_DACL_AGC_USR_GDB_INTEGER value[0] 253
I/audio_route(13731): route change HISSC_DACR_AGC_BYPASS value[0] 1
I/audio_route(13731): route change HISSC_DACR_AGC_USR_GDB_INTEGER value[0] 253
I/audio_route(13731): route change HISSC_FS_STEREO_DLINK_L value[0] 4
I/audio_route(13731): route change HISSC_FS_STEREO_DLINK_R value[0] 4
I/audio_route(13731): route change HISSC_FS_DACLR value[0] 4
I/audio_route(13731): route change HISSC_FS_S1 value[0] 4
I/audio_route(13731): route change STEREO_DLINK_TEST_SEL MUX value 2
I/audio_route(13731): route change SIF_EN MIXER SIF_DACL_EN value[0] 1
I/audio_route(13731): route change SIF_EN MIXER SIF_DACR_EN value[0] 1
I/audio_route(13731): route change DACR_MIXER_EN MIXER DACR_MIXER_IN2_MUTE value[0] 1
I/audio_route(13731): route change DACL_MIXER_EN MIXER DACL_MIXER_IN2_MUTE value[0] 1
I/audio_route(13731): route change S1_IF_TX_ENA MIXER DAC_LR value[0] 1
I/dsp_common(13731): dsp_common_control_algo:set device = 2
D/TFA9895_SPK(13731): tfa9895 dev_power_on scene = 0
I/TFA9895_SPK(13731): tfa9895 power on scene = 0, lastScene= 0
I/ServiceManager( 2327): service 'isub' died
I/ActivityManager(13943): Process com.android.phone (pid 15485) has died
I/ActivityManager(13943): Start proc 15959:com.android.phone/1001 for restart com.android.phone
I/TFA9895_SPK(13731): tfa9895 spk power on!
I/audio_hw_primary(13731): select_devices--
I/audio_hw_primary(13731): start_output_stream--
D/AndroidRuntime(15959): Shutting down VM
E/AndroidRuntime(15959): FATAL EXCEPTION: main
E/AndroidRuntime(15959): Process: com.android.phone, PID: 15959
E/AndroidRuntime(15959): java.lang.RuntimeException: Unable to create application com.android.phone.PhoneApp: android.database.sqlite.SQLiteException: Can't downgrade database from version 917512 to 851976
E/AndroidRuntime(15959): 	at android.app.ActivityThread.handleBindApplication(ActivityThread.java:4556)
E/AndroidRuntime(15959): 	at android.app.ActivityThread.access$1500(ActivityThread.java:151)
E/AndroidRuntime(15959): 	at android.app.ActivityThread$H.handleMessage(ActivityThread.java:1364)
E/AndroidRuntime(15959): 	at android.os.Handler.dispatchMessage(Handler.java:102)
E/AndroidRuntime(15959): 	at android.os.Looper.loop(Looper.java:135)
E/AndroidRuntime(15959): 	at android.app.ActivityThread.main(ActivityThread.java:5254)
E/AndroidRuntime(15959): 	at java.lang.reflect.Method.invoke(Native Method)
E/AndroidRuntime(15959): 	at java.lang.reflect.Method.invoke(Method.java:372)
E/AndroidRuntime(15959): 	at com.android.internal.os.ZygoteInit$MethodAndArgsCaller.run(ZygoteInit.java:903)
E/AndroidRuntime(15959): 	at com.android.internal.os.ZygoteInit.main(ZygoteInit.java:698)
E/AndroidRuntime(15959): Caused by: android.database.sqlite.SQLiteException: Can't downgrade database from version 917512 to 851976
E/AndroidRuntime(15959): 	at android.database.sqlite.SQLiteOpenHelper.onDowngrade(SQLiteOpenHelper.java:360)
E/AndroidRuntime(15959): 	at android.database.sqlite.SQLiteOpenHelper.getDatabaseLocked(SQLiteOpenHelper.java:254)
E/AndroidRuntime(15959): 	at android.database.sqlite.SQLiteOpenHelper.getReadableDatabase(SQLiteOpenHelper.java:187)
E/AndroidRuntime(15959): 	at com.android.providers.telephony.TelephonyProvider.query(TelephonyProvider.java:774)
E/AndroidRuntime(15959): 	at android.content.ContentProvider.query(ContentProvider.java:966)
E/AndroidRuntime(15959): 	at android.content.ContentProvider$Transport.query(ContentProvider.java:211)
E/AndroidRuntime(15959): 	at android.content.ContentResolver.query(ContentResolver.java:478)
E/AndroidRuntime(15959): 	at android.content.ContentResolver.query(ContentResolver.java:422)
E/AndroidRuntime(15959): 	at com.android.internal.telephony.dataconnection.DcTracker.initEmergencyApnSetting(DcTracker.java:2989)
E/AndroidRuntime(15959): 	at com.android.internal.telephony.dataconnection.DcTracker.<init>(DcTracker.java:177)
E/AndroidRuntime(15959): 	at com.android.internal.telephony.gsm.GSMPhone.<init>(GSMPhone.java:194)
E/AndroidR