V/MediaExtractor(13731): Autodetected media content as 'application/ogg' with confidence 0.20
W/MetadataRetrieverClient(13731):  Retriever is NULL, we don't need to free it again !
I/MediaPlayerFactory(13731): filePath /system/media/audio/ringtones/Kuma.ogg!
V/MediaExtractor(13731): Autodetected media content as 'application/ogg' with confidence 0.20
V/MediaExtractor(13731): Autodetected media content as 'application/ogg' with confidence 0.20
W/MetadataRetrieverClient(13731):  Retriever is NULL, we don't need to free it again !
I/MediaPlayerFactory(13731): filePath /system/media/audio/ringtones/LoopyLounge.ogg!
V/MediaExtractor(13731): Autodetected media content as 'application/ogg' with confidence 0.20
V/MediaExtractor(13731): Autodetected media content as 'application/ogg' with confidence 0.20
W/MetadataRetrieverClient(13731):  Retriever is NULL, we don't need to free it again !
I/MediaPlayerFactory(13731): filePath /system/media/audio/ringtones/LoveFlute.ogg!
V/MediaExtractor(13731): Autodetected media content as 'application/ogg' with confidence 0.20
V/MediaExtractor(13731): Autodetected media content as 'application/ogg' with confidence 0.20
W/MetadataRetrieverClient(13731):  Retriever is NULL, we don't need to free it again !
I/MediaPlayerFactory(13731): filePath /system/media/audio/ringtones/Lyra.ogg!
V/MediaExtractor(13731): Autodetected media content as 'application/ogg' with confidence 0.20
V/MediaExtractor(13731): Autodetected media content as 'application/ogg' with confidence 0.20
W/MetadataRetrieverClient(13731):  Retriever is NULL, we don't need to free it again !
I/MediaPlayerFactory(13731): filePath /system/media/audio/ringtones/Machina.ogg!
V/MediaExtractor(13731): Autodetected media content as 'application/ogg' with confidence 0.20
V/MediaExtractor(13731): Autodetected media content as 'application/ogg' with confidence 0.20
W/MetadataRetrieverClient(13731):  Retriever is NULL, we don't need to free it again !
I/MediaPlayerFactory(13731): filePath /system/media/audio/ringtones/MidEvilJaunt.ogg!
V/MediaExtractor(13731): Autodetected media content as 'application/ogg' with confidence 0.20
V/MediaExtractor(13731): Autodetected media content as 'application/ogg' with confidence 0.20
W/MetadataRetrieverClient(13731):  Retriever is NULL, we don't need to free it again !
I/MediaPlayerFactory(13731): filePath /system/media/audio/ringtones/MildlyAlarming.ogg!
V/MediaExtractor(13731): Autodetected media content as 'application/ogg' with confidence 0.20
V/MediaExtractor(13731): Autodetected media content as 'application/ogg' with confidence 0.20
W/MetadataRetrieverClient(13731):  Retriever is NULL, we don't need to free it again !
I/MediaPlayerFactory(13731): filePath /system/media/audio/ringtones/Nairobi.ogg!
V/MediaExtractor(13731): Autodetected media content as 'application/ogg' with confidence 0.20
V/MediaExtractor(13731): Autodetected media content as 'application/ogg' with confidence 0.20
W/MetadataRetrieverClient(13731):  Retriever is NULL, we don't need to free it again !
I/MediaPlayerFactory(13731): filePath /system/media/audio/ringtones/Nassau.ogg!
V/MediaExtractor(13731): Autodetected media content as 'application/ogg' with confidence 0.20
V/MediaExtractor(13731): Autodetected media content as 'application/ogg' with confidence 0.20
W/MetadataRetrieverClient(13731):  Retriever is NULL, we don't need to free it again !
I/MediaPlayerFactory(13731): filePath /system/media/audio/ringtones/NewPlayer.ogg!
V/MediaExtractor(13731): Autodetected media content as 'application/ogg' with confidence 0.20
V/MediaExtractor(13731): Autodetected media content as 'application/ogg' with confidence 0.20
W/MetadataRetrieverClient(13731):  Retriever is NULL, we don't need to free it again !
I/MediaPlayerFactory(13731): filePath /system/media/audio/ringtones/No_Limits.ogg!
V/MediaExtractor(13731): Autodetected media content as 'application/ogg' with confidence 0.20
V/MediaExtractor(13731): Autodetected media content as 'application/ogg' with confidence 0.20
W/MetadataRetrieverClient(13731):  Retriever is NULL, we don't need to free it again !
I/art     (13943): Explicit concurrent mark sweep GC freed 10017(520KB) AllocSpace objects, 2(32KB) LOS objects, 33% free, 14MB/21MB, paused 2.545ms total 89.462ms
I/MediaPlayerFactory(13731): filePath /system/media/audio/ringtones/Noises1.ogg!
V/MediaExtractor(13731): Autodetected media content as 'application/ogg' with confidence 0.20
V/MediaExtractor(13731): Autodetected media content as 'application/ogg' with confidence 0.20
W/MetadataRetrieverClient(13731):  Retriever is NULL, we don't need to free it again !
I/MediaPlayerFactory(13731): filePath /system/media/audio/ringtones/Noises2.ogg!
V/MediaExtractor(13731): Autodetected media content as 'application/ogg' with confidence 0.20
V/MediaExtractor(13731): Autodetected media content as 'application/ogg' with confidence 0.20
W/MetadataRetrieverClient(13731):  Retriever is NULL, we don't need to free it again !
I/MediaPlayerFactory(13731): filePath /system/media/audio/ringtones/Noises3.ogg!
V/MediaExtractor(13731): Autodetected media content as 'application/ogg' with confidence 0.20
V/MediaExtractor(13731): Autodetected media content as 'application/ogg' with confidence 0.20
W/MetadataRetrieverClient(13731):  Retriever is NULL, we don't need to free it again !
I/MediaPlayerFactory(13731): filePath /system/media/audio/ringtones/OrganDub.ogg!
V/MediaExtractor(13731): Autodetected media content as 'application/ogg' with confidence 0.20
V/MediaExtractor(13731): Autodetected media content as 'application/ogg' with confidence 0.20
W/MetadataRetrieverClient(13731):  Retriever is NULL, we don't need to free it again !
I/MediaPlayerFactory(13731): filePath /system/media/audio/ringtones/Orion.ogg!
V/MediaExtractor(13731): Autodetected media content as 'application/ogg' with confidence 0.20
V/MediaExtractor(13731): Autodetected media content as 'application/ogg' with confidence 0.20
W/MetadataRetrieverClient(13731):  Retriever is NULL, we don't need to free it again !
I/MediaPlayerFactory(13731): filePath /system/media/audio/ringtones/PERSEUS.ogg!
V/MediaExtractor(13731): Autodetected media content as 'application/ogg' with confidence 0.20
V/MediaExtractor(13731): Autodetected media content as 'application/ogg' with confidence 0.20
W/MetadataRetrieverClient(13731):  Retriever is NULL, we don't need to free it again !
I/MediaPlayerFactory(13731): filePath /system/media/audio/ringtones/Paradise_Island.ogg!
V/MediaExtractor(13731): Autodetected media content as 'application/ogg' with confidence 0.20
V/MediaExtractor(13731): Autodetected media content as 'application/ogg' with confidence 0.20
W/MetadataRetrieverClient(13731):  Retriever is NULL, we don't need to free it again !
I/MediaPlayerFactory(13731): filePath /system/media/audio/ringtones/Pegasus.ogg!
V/MediaExtractor(13731): Autodetected media content as 'application/ogg' with confidence 0.20
V/MediaExtractor(13731): Autodetected media content as 'application/ogg' with confidence 0.20
W/MetadataRetrieverClient(13731):  Retriever is NULL, we don't need to free it again !
I/MediaPlayerFactory(13731): filePath /system/media/audio/ringtones/Perseus.ogg!
V/MediaExtractor(13731): Autodetected media content as 'application/ogg' with confidence 0.20
V/MediaExtractor(13731): Autodetected media content as 'application/ogg' with confidence 0.20
W/MetadataRetrieverClient(13731):  Retriever is NULL, we don't need to free it again !
I/MediaPlayerFactory(13731): filePath /system/media/audio/ringtones/Playa.ogg!
V/MediaExtractor(13731): Autodetected media content as 'application/ogg' with confidence 0.20
V/MediaExtractor(13731): Autodetected media content as 'application/ogg' with confidence 0.20
W/MetadataRetrieverClient(13731):  Retriever is NULL, we don't need to free it again !
I/MediaPlayerFactory(13731): filePath /system/media/audio/ringtones/Pyxis.ogg!
V/MediaExtractor(13731): Autodetected media content as 'application/ogg' with confidence 0.20
V/MediaExtractor(13731): Autodetected media content as 'application/ogg' with confidence 0.20
W/MetadataRetrieverClient(13731):  Retriever is NULL, we don't need to free it again !
I/MediaPlayerFactory(13731): filePath /system/media/audio/ringtones/Rasalas.ogg!
V/MediaExtractor(13731): Autodetected media content as 'application/ogg' with confidence 0.20
I/Process (15229): Sending signal. PID: 15229 SIG: 9
W/InputMethodManagerService(13943): Window already focused, ignoring focus gain of: com.android.internal.view.IInputMethodClient$Stub$Proxy@58d201b attribute=null, token = android.os.BinderProxy@31dfd3ca
V/MediaExtractor(13731): Autodetected media content as 'application/ogg' with confidence 0.20
W/MetadataRetrieverClient(13731):  Retriever is NULL, we don't need to free it again !
I/MediaPlayerFactory(13731): filePath /system/media/audio/ringtones/Revelation.ogg!
V/MediaExtractor(13731): Autodetected media content as 'application/ogg' with confidence 0.20
I/ServiceManager( 2327): service 'isub' died
I/ActivityManager(13943): Process com.android.phone (pid 15229) has died
V/MediaExtractor(13731): Autodetected media content as 'application/ogg' with confidence 0.20
W/MetadataRetrieverClient(13731):  Retriever is NULL, we don't need to free it again !
I/MediaPlayerFactory(13731): filePath /system/media/audio/ringtones/Rigel.ogg!
V/MediaExtractor(13731): Autodetected media content as 'application/ogg' with confidence 0.20
I/ActivityManager(13943): Start proc 15265:com.android.phone/1001 for restart com.android.phone
V/MediaExtractor(13731): Autodetected media content as 'application/ogg' with confidence 0.20
W/MetadataRetrieverClient(13731):  Retriever is NULL, we don't need to free it again !
I/MediaPlayerFactory(13731): filePath /system/media/audio/ringtones/Ring_Classic_02.ogg!
V/MediaExtractor(13731): Autodetected media content as 'application/ogg' with confidence 0.20
V/MediaExtractor(13731): Autodetected media content as 'application/ogg' with confidence 0.20
W/MetadataRetrieverClient(13731):  Retriever is NULL, we don't need to free it again !
I/MediaPlayerFactory(13731): filePath /system/media/audio/ringtones/Ring_Digital_02.ogg!
V/MediaExtractor(13731): Autodetected media content as 'application/ogg' with confidence 0.20
V/MediaExtractor(13731): Autodetected media content as 'application/ogg' with confidence 0.20
W/MetadataRetrieverClient(13731):  Retriever is NULL, we don't need to free it again !
I/MediaPlayerFactory(13731): filePath /system/media/audio/ringtones/Ring_Synth_02.ogg!
V/MediaExtractor(13731): Autodetected media content as 'application/ogg' with confidence 0.20
V/MediaExtractor(13731): Autodetected media content as 'application/ogg' with confidence 0.20
W/MetadataRetrieverClient(13731):  Retriever is NULL, we don't need to free it again !
D/AndroidRuntime(15265): Shutting down VM
E/AndroidRuntime(15265): FATAL EXCEPTION: main
E/AndroidRuntime(15265): Process: com.android.phone, PID: 15265
E/AndroidRuntime(15265): java.lang.RuntimeException: Unable to create application com.android.phone.PhoneApp: android.database.sqlite.SQLiteException: Can't downgrade database from version 917512 to 851976
E/AndroidRuntime(15265): 	at android.app.ActivityThread.handleBindApplication(ActivityThread.java:4556)
E/AndroidRuntime(15265): 	at android.app.ActivityThread.access$1500(ActivityThread.java:151)
E/AndroidRuntime(15265): 	at android.app.ActivityThread$H.handleMessage(ActivityThread.java:1364)
E/AndroidRuntime(15265): 	at android.os.Handler.dispatchMessage(Handler.java:102)
E/AndroidRuntime(15265): 	at android.os.Looper.loop(Looper.java:135)
E/AndroidRuntime(15265): 	at android.app.ActivityThread.main(ActivityThread.java:5254)
E/AndroidRuntime(15265): 	at java.lang.reflect.Method.invoke(Native Method)
E/AndroidRuntime(15265): 	at java.lang.reflect.Method.invoke(Method.java:372)
E/AndroidRuntime(15265): 	at com.android.internal.os.ZygoteInit$MethodAndArgsCaller.run(ZygoteInit.java:903)
E/AndroidRuntime(15265): 	at com.android.internal.os.ZygoteInit.main(ZygoteInit.java:698)
E/AndroidRuntime(15265): Caused by: android.database.sqlite.SQLiteException: Can't downgrade database from version 917512 to 851976
E/AndroidRuntime(15265): 	at android.database.sqlite.SQLiteOpenHelper.onDowngrade(SQLiteOpenHelper.java:360)
E/AndroidRuntime(15265): 	at android.database.sqlite.SQLiteOpenHelper.getDatabaseLocked(SQLiteOpenHelper.java:254)
E/AndroidRuntime(15265): 	at android.database.sqlite.SQLiteOpenHelper.getReadableDatabase(SQLiteOpenHelper.java:187)
E/AndroidRuntime(15265): 	at com.android.providers.telephony.TelephonyProvider.query(TelephonyProvider.java:774)
E/AndroidRuntime(15265): 	at android.content.ContentProvider.query(ContentProvider.java:966)
E/AndroidRuntime(15265): 	at android.content.ContentProvider$Transport.query(ContentProvider.java:211)
E/AndroidRuntime(15265): 	at android.content.ContentResolver.query(ContentResolver.java:478)
E/AndroidRuntime(15265): 	at android.content.ContentResolver.query(ContentResolver.java:422)
E/AndroidRuntime(15265): 	at com.android.internal.telephony.dataconnection.DcTracker.initEmergencyApnSetting(DcTracker.java:2989)
E/AndroidRuntime(15265): 	at com.android.internal.telephony.dataconnection.DcTracker.<init>(DcTracker.java:177)
E/AndroidRuntime(15265): 	at com.android.internal.telephony.gsm.GSMPhone.<init>(GSMPhone.java:194)
E/AndroidRuntime(15265): 	at com.android.internal.telephony.gsm.GSMPhone.<init>(GSMPhone.java:178)
E/AndroidRuntime(15265): 	at com.android.internal.telephony.PhoneFactory.makeDefaultPhone(PhoneFactory.java:152)
E/AndroidRuntime(15265): 	at com.android.internal.telephony.PhoneFactory.makeDefaultPhones(PhoneFactory.java:79)
E/AndroidRuntime(15265): 	at com.android.phone.PhoneGlobals.onCreate(PhoneGlobals.java:332)
E/AndroidRuntime(15265): 	at com.android.phone.PhoneApp.onCreate(PhoneApp.java:41)
E/AndroidRuntime(15265): 	at android.app.Instrumentation.callApplicationOnCreate(Instrumentation.java:1012)
E/AndroidRuntime(15265): 	at android.app.ActivityThread.handleBindApplication(ActivityThread.java:4553)
E/AndroidRuntime(15265): 	... 9 more
W/ActivityManager(13943): Process com.android.phone has crashed too many times: killing!
I/MediaPlayerFactory(13731): filePath /system/media/audio/ringtones/Ring_Synth_04.ogg!
V/MediaExtractor(13731): Autodetected media content as 'application/ogg' with confidence 0.20
V/MediaExtractor(13731): Autodetected media content as 'application/ogg' with confidence 0.20
W/MetadataRetrieverClient(13731):  Retriever is NULL, we don't need to free it again !
I/OpenGLRenderer(13943): Initialized EGL, version 1.4
I/[Gralloc](13662): alloc w[812] h[437] format[1] usage[3842]
I/[Gralloc](13662): alloc succ handle[0x7f9342a3a0] stride[812]
I/[Gralloc](13662): alloc w[812] h[437] format[1] usage[3842]
I/[Gralloc](13662): alloc succ handle[0x7f93946d00] stride[812]
I/[Gralloc](13662): alloc w[812] h[437] format[1] usage[3842]
I/[Gralloc](13662): alloc succ handle[0x7f93945b80] stride[812]
I/MediaPlayerFactory(13731): filePath /system/media/audio/ringtones/Road_Trip.ogg!
V/MediaExtractor(13731): Autodetected media content as 'application/ogg' with confidence 0.20
V/MediaExtractor(13731): Autodetected media content as 'application/ogg' with confidence 0.20
W/MetadataRetrieverClient(13731):  Retriever is NULL, we don't need to free it again !
I/MediaPlayerFactory(13731): filePath /system/media/audio/ringtones/RomancingTheTone.ogg!
V/MediaExtractor(13731): Autodetected media content as 'application/ogg' with confidence 0.20
V/MediaExtractor(13731): Autodetected media content as 'application/ogg' with confidence 0.20
W/MetadataRetrieverClient(13731):  Retriever is NULL, we don't need to free it again !
I/MediaPlayerFactory(13731): filePath /system/media/audio/ringtones/Safari.ogg!
V/MediaExtractor(13731): Autodetected media content as 'application/ogg' with confidence 0.20
V/MediaExtractor(13731): Autodetected media content as 'application/ogg' with confidence 0.20
W/MetadataRetrieverClient(13731):  Retriever is NULL, we don't need to free it again !
I/MediaPlayerFactory(13731): filePath /system/media/audio/ringtones/Savannah.ogg!
V/MediaExtractor(13731): Autodetected media content as 'application/ogg' with confidence 0.20
V/MediaExtractor(13731): Autodetected media content as 'application/ogg' with confidence 0.20
W/MetadataRetrieverClient(13731):  Retriever is NULL, we don't need to free it again !
I/MediaPlayerFactory(13731): filePath /system/media/audio/ringtones/Scarabaeus.ogg!
V/MediaExtractor(13731): Autodetected media content as 'application/ogg' with confidence 0.20
V/MediaExtractor(13731): Autodetected media content as 'application/ogg' with confidence 0.20
W/MetadataRetrieverClient(13731):  Retriever is NULL, we don't need to free it again !
I/MediaPlayerFactory(13731): filePath /system/media/audio/ringtones/Sceptrum.ogg!
V/MediaExtractor(13731): Autodetected media content as 'application/ogg' with confidence 0.20
V/MediaExtractor(13731): Autodetected media content as 'application/ogg' with confidence 0.20
W/MetadataRetrieverClient(13731):  Retriever is NULL, we don't need to free it again !
I/MediaPlayerFactory(13731): filePath /system/media/audio/ringtones/Seville.ogg!
V/MediaExtractor(13731): Autodetected media content as 'application/ogg' with confidence 0.20
V/MediaExtractor(13731): Autodetected media content as 'application/ogg' with confidence 0.20
W/MetadataRetrieverClient(13731):  Retriever is NULL, we don't need to free it again !
I/MediaPlayerFactory(13731): filePath /system/media/audio/ringtones/Shes_All_That.ogg!
V/MediaExtractor(13731): Autodetected media content as 'application/ogg' with confidence 0.20
V/MediaExtractor(13731): Autodetected media content as 'application/ogg' with confidence 0.20
W/MetadataRetrieverClient(13731):  Retriever is NULL, we don't need to free it again !
I/MediaPlayerFactory(13731): filePath /system/media/audio/ringtones/SilkyWay.ogg!
V/MediaExtractor(13731): Autodetected media content as 'application/ogg' with confidence 0.20
V/MediaExtractor(13731): Autodetected media content as 'application/ogg' with confidence 0.20
W/MetadataRetrieverClient(13731):  Retriever is NULL, we don't need to free it again !
I/MediaPlayerFactory(13731): filePath /system/media/audio/ringtones/SitarVsSitar.ogg!
V/MediaExtractor(13731): Autodetected media content as 'application/ogg' with confidence 0.20
V/MediaExtractor(13731): Autodetected media content as 'application/ogg' with confidence 0.20
W/MetadataRetrieverClient(13731):  Retriever is NULL, we don't need to free it again !
I/MediaPlayerFactory(13731): filePath /system/media/audio/ringtones/Solarium.ogg!
V/MediaExtractor(13731): Autodetected media content as 'application/ogg' with confidence 0.20
V/MediaExtractor(13731): Autodetected media content as 'application/ogg' with confidence 0.20
W/MetadataRetrieverClient(13731):  Retriever is NULL, we don't need to free it again !
I/MediaPlayerFactory(13731): filePath /system/media/audio/ringtones/SpringyJalopy.ogg!
V/MediaExtractor(13731): Autodetected media content as 'application/ogg' with confidence 0.20
V/MediaExtractor(13731): Autodetected media content as 'application/ogg' with confidence 0.20
W/MetadataRetrieverClient(13731):  Retriever is NULL, we don't need to free it again !
I/MediaPlayerFactory(13731): filePath /system/media/audio/ringtones/Steppin_Out.ogg!
V/MediaExtractor(13731): Autodetected media content as 'application/ogg' with confidence 0.20
V/MediaExtractor(13731): Autodetected media content as 'application/ogg' with confidence 0.20
W/MetadataRetrieverClient(13731):  Retriever is NULL, we don't need to free it again !
I/MediaPlayerFactory(13731): filePath /system/media/audio/ringtones/Terminated.ogg!
V/MediaExtractor(13731): Autodetected media content as 'application/ogg' with confidence 0.20
V/MediaExtractor(13731): Autodetected media content as 'application/ogg' with confidence 0.20
W/MetadataRetrieverClient(13731):  Retriever is NULL, we don't need to free it again !
I/MediaPlayerFactory(13731): filePath /system/media/audio/ringtones/Testudo.ogg!
V/MediaExtractor(13731): Autodetected media content as 'application/ogg' with confidence 0.20
V/MediaExtractor(13731): Autodetected media content as 'application/ogg' with confidence 0.20
W/MetadataRetrieverClient(13731):  Retriever is NULL, we don't need to free it again !
I/MediaPlayerFactory(13731): filePath /system/media/audio/ringtones/Themos.ogg!
V/MediaExtractor(13731): Autodetected media content as 'application/ogg' with confidence 0.20
V/MediaExtractor(13731): Autodetected media content as 'application/ogg' with confidence 0.20
W/MetadataRetrieverClient(13731):  Retriever is NULL, we don't need to free it again !
I/MediaPlayerFactory(13731): filePath /system/media/audio/ringtones/Third_Eye.ogg!
V/MediaExtractor(13731): Autodetected media content as 'application/ogg' with confidence 0.20
V/MediaExtractor(13731): Autodetected media content as 'application/ogg' with confidence 0.20
W/MetadataRetrieverClient(13731):  Retriever is NULL, we don't need to free it again !
I/MediaPlayerFactory(13731): filePath /system/media/audio/ringtones/Thunderfoot.ogg!
V/MediaExtractor(13731): Autodetected media content as 'application/ogg' with confidence 0.20
V/MediaExtractor(13731): Autodetected media content as 'application/ogg' with confidence 0.20
W/MetadataRetrieverClient(13731):  Retriever is NULL, we don't need to free it again !
I/MediaPlayerFactory(13731): filePath /system/media/audio/ringtones/TwirlAway.ogg!
V/MediaExtractor(13731): Autodetected media content as 'application/ogg' with confidence 0.20
V/MediaExtractor(13731): Autodetected media content as 'application/ogg' with confidence 0.20
W/MetadataRetrieverClient(13731):  Retriever is NULL, we don't need to free it again !
I/MediaPlayerFactory(13731): filePath /system/media/audio/ringtones/URSAMINOR.ogg!
V/MediaExtractor(13731): Autodetected media content as 'application/ogg' with confidence 0.20
V/MediaExtractor(13731): Autodetected media content as 'application/ogg' with confidence 0.20
W/MetadataRetrieverClient(13731):  Retriever is NULL, we don't need to free it again !
I/MediaPlayerFactory(13731): filePath /system/media/audio/ringtones/UrsaMinor.ogg!
V/MediaExtractor(13731): Autodetected media content as 'application/ogg' with confidence 0.20
V/MediaExtractor(13731): Autodetected media content as 'application/ogg' with confidence 0.20
W/MetadataRetrieverClient(13731):  Retriever is NULL, we don't need to free it again !
I/MediaPlayerFactory(13731): filePath /system/media/audio/ringtones/VeryAlarmed.ogg!
V/MediaExtractor(13731): Autodetected media content as 'application/ogg' with confidence 0.20
V/MediaExtractor(13731): Autodetected media content as 'application/ogg' with confidence 0.20
W/MetadataRetrieverClient(13731):  Retriever is NULL, we don't need to free it again !
I/MediaPlayerFactory(13731): filePath /system/media/audio/ringtones/Vespa.ogg!
V/MediaExtractor(13731): Autodetected media content as 'application/ogg' with confidence 0.20
V/MediaExtractor(13731): Autodetected media content as 'application/ogg' with confidence 0.20
W/MetadataRetrieverClient(13731):  Retriever is NULL, we don't need to free it again !
I/MediaPlayerFactory(13731): filePath /system/media/audio/ringtones/World.ogg!
V/MediaExtractor(13731): Autodetected media content as 'application/ogg' with confidence 0.20
V/MediaExtractor(13731): Autodetected media content as 'application/ogg' with confidence 0.20
W/MetadataRetrieverClient(13731):  Retriever is NULL, we don't need to free it again !
I/MediaPlayerFactory(13731): filePath /system/media/audio/ringtones/Zeta.ogg!
V/MediaExtractor(13731): Autodetected media content as 'application/ogg' with confidence 0.20
V/MediaExtractor(13731): Autodetected media content as 'application/ogg' with confidence 0.20
W/MetadataRetrieverClient(13731):  Retriever is NULL, we don't need to free it again !
I/MediaPlayerFactory(13731): filePath /system/media/audio/ringtones/hydra.ogg!
V/MediaExtractor(13731): Autodetected media content as 'application/ogg' with confidence 0.20
V/MediaExtractor(13731): Autodetected media content as 'application/ogg' with confidence 0.20
W/MetadataRetrieverClient(13731):  Retriever is NULL, we don't need to free it again !
I/MediaPlayerFactory(13731): filePath /system/media/audio/ui/Dock.ogg!
V/MediaExtractor(13731): Autodetected media content as 'application/ogg' with confidence 0.20
V/MediaExtractor(13731): Autodetected media content as 'application/ogg' with confidence 0.20
W/MetadataRetrieverClient(13731):  Retriever is NULL, we don't need to free it again !
I/MediaPlayerFactory(13731): filePath /system/media/audio/ui/Effect_Tick.ogg!
V/MediaExtractor(13731): Autodetected media content as 'application/ogg' with confidence 0.20
V/MediaExtractor(13731): Autodetected media content as 'application/ogg' with confidence 0.20
W/MetadataRetrieverClient(13731):  Retriever is NULL, we don't need to free it again !
I/MediaPlayerFactory(13731): filePath /system/media/audio/ui/KeypressDelete.ogg!
V/MediaExtractor(13731): Autodetected media content as 'application/ogg' with confidence 0.20
V/MediaExtractor(13731): Autodetected media content as 'application/ogg' with confidence 0.20
W/MetadataRetrieverClient(13731):  Retriever is NULL, we don't need to free it again !
I/MediaPlayerFactory(13731): filePath /system/media/audio/ui/KeypressInvalid.ogg!
V/MediaExtractor(13731): Autodetected media content as 'application/ogg' with confidence 0.20
V/MediaExtractor(13731): Autodetected media content as 'application/ogg' with confidence 0.20
W/MetadataRetrieverClient(13731):  Retriever is NULL, we don't need to free it again !
I/MediaPlayerFactory(13731): filePath /system/media/audio/ui/KeypressReturn.ogg!
V/MediaExtractor(13731): Autodetected media content as 'application/ogg' with confidence 0.20
V/MediaExtractor(13731): Autodetected media content as 'application/ogg' with confidence 0.20
W/MetadataRetrieverClient(13731):  Retriever is NULL, we don't need to free it again !
I/MediaPlayerFactory(13731): filePath /system/media/audio/ui/KeypressSpacebar.ogg!
V/MediaExtractor(13731): Autodetected media content as 'application/ogg' with confidence 0.20
V/MediaExtractor(13731): Autodetected media content as 'application/ogg' with confidence 0.20
W/MetadataRetrieverClient(13731):  Retriever is NULL, we don't need to free it again !
I/MediaPlayerFactory(13731): filePath /system/media/audio/ui/KeypressStandard.ogg!
V/MediaExtractor(13731): Autodetected media content as 'application/ogg' with confidence 0.20
V/MediaExtractor(13731): Autodetected media content as 'application/ogg' with confidence 0.20
W/MetadataRetrieverClient(13731):  Retriever is NULL, we don't need to free it again !
I/MediaPlayerFactory(13731): filePath /system/media/audio/ui/Lock.ogg!
V/MediaExtractor(13731): Autodetected media content as 'application/ogg' with confidence 0.20
V/MediaExtractor(13731): Autodetected media content as 'application/ogg' with confidence 0.20
W/MetadataRetrieverClient(13731):  Retriever is NULL, we don't need to free it again !
I/MediaPlayerFactory(13731): filePath /system/media/audio/ui/LowBattery.ogg!
V/MediaExtractor(13731): Autodetected media content as 'application/ogg' with confidence 0.20
V/MediaExtractor(13731): Autodetected media content as 'application/ogg' with confidence 0.20
W/MetadataRetrieverClient(13731):  Retriever is NULL, we don't need to free it again !
I/MediaPlayerFactory(13731): filePath /system/media/audio/ui/Trusted.ogg!
V/MediaExtractor(13731): Autodetected media content as 'application/ogg' with confidence 0.20
V/MediaExtractor(13731): Autodetected media content as 'application/ogg' with confidence 0.20
W/MetadataRetrieverClient(13731):  Retriever is NULL, we don't need to free it again !
I/MediaPlayerFactory(13731): filePath /system/media/audio/ui/Undock.ogg!
V/MediaExtractor(13731): Autodetected media content as 'application/ogg' with confidence 0.20
V/MediaExtractor(13731): Autodetected media content as 'application/ogg' with confidence 0.20
W/MetadataRetrieverClient(13731):  Retriever is NULL, we don't need to free it again !
I/MediaPlayerFactory(13731): filePath /system/media/audio/ui/Unlock.ogg!
V/MediaExtractor(13731): Autodetected media content as 'application/ogg' with confidence 0.20
V/MediaExtractor(13731): Autodetected media content as 'application/ogg' with confidence 0.20
W/MetadataRetrieverClient(13731):  Retriever is NULL, we don't need to free it again !
I/MediaPlayerFactory(13731): filePath /system/media/audio/ui/VideoRecord.ogg!
V/MediaExtractor(13731): Autodetected media content as 'application/ogg' with confidence 0.20
I/Process (15265): Sending signal. PID: 15265 SIG: 9
W/InputMethodManagerService(13943): Window already focused, ignoring focus gain of: com.android.internal.view.IInputMethodClient$Stub$Proxy@2333a5eb attribute=android.view.inputmethod.EditorInfo@384d6f48, token = android.os.BinderProxy@31dfd3ca
V/MediaExtractor(13731): Autodetected media content as 'application/ogg' with confidence 0.20
W/MetadataRetrieverClient(13731):  Retriever is NULL, we don't need to free it again !
I/MediaPlayerFactory(13731): filePath /system/media/audio/ui/WirelessChargingStarted.ogg!
V/MediaExtractor(13731): Autodetected media content as 'application/ogg' with confidence 0.20
V/MediaExtractor(13731): Autodetected media content as 'application/ogg' with confidence 0.20
W/MetadataRetrieverClient(13731):  Retriever is NULL, we don't need to free it again !
I/MediaPlayerFactory(13731): filePath /system/media/audio/ui/camera_click.ogg!
V/MediaExtractor(13731): Autodetected media content as 'application/ogg' with confidence 0.20
V/MediaExtractor(13731): Autodetected media content as 'application/ogg' with confidence 0.20
I/ServiceManager( 2327): service 'isub' died
I/ActivityManager(13943): Process com.android.phone (pid 15265) has died
W/MetadataRetrieverClient(13731):  Retriever is NULL, we don't need to free it again !
I/MediaPlayerFactory(13731): filePath /system/media/audio/ui/camera_focus.ogg!
V/MediaExtractor(13731): Autodetected media content as 'application/ogg' with confidence 0.20
V/MediaExtractor(13731): Autodetected media content as 'application/ogg' with confidence 0.20
I/ActivityManager(13943): Start proc 15304:com.android.phone/1001 for restart com.android.phone
W/MetadataRetrieverClient(13731):  Retriever is NULL, we don't need to free it again !
W/MediaScanner(14669): Error opening directory '/oem/media/', skipping: No such file or directory.
I/MediaPlayerFactory(13731): filePath /system/media/audio/ringtones/PERSEUS.ogg!
V/MediaExtractor(13731): Autodetected media content as 'application/ogg' with confidence 0.20
V/MediaExtractor(13731): Autodetected media content as 'application/ogg' with confidence 0.20
E/MetadataRetrieverClient(13731): failed to extract an album art
W/MetadataRetrieverClient(13731):  Retriever is NULL, we don't need to free it again !
V/MediaScanner(14669): pruneDeadThumbnailFiles... android.database.sqlite.SQLiteCursor@31bff42
V/MediaScanner(14669): /pruneDeadThumbnailFiles... android.database.sqlite.SQLiteCursor@31bff42
D/AndroidRuntime(15304): Shutting down VM
E/AndroidRuntime(15304): FATAL EXCEPTION: main
E/AndroidRuntime(15304): Process: com.android.phone, PID: 15304
E/AndroidRuntime(15304): java.lang.RuntimeException: Unable to create application com.android.phone.PhoneApp: android.database.sqlite.SQLiteException: Can't downgrade database from version 917512 to 851976
E/AndroidRuntime(15304): 	at android.app.ActivityThread.handleBindApplication(ActivityThread.java:4556)
E/AndroidRuntime(15304): 	at android.app.ActivityThread.access$1500(ActivityThread.java:151)
E/AndroidRuntime(15304): 	at android.app.ActivityThread$H.handleMessage(ActivityThread.java:1364)
E/AndroidRuntime(15304): 	at android.os.Handler.dispatchMessage(Handler.java:102)
E/AndroidRuntime(15304): 	at android.os.Looper.loop(Looper.java:135)
E/AndroidRuntime(15304): 	at android.app.ActivityThread.main(ActivityThread.java:5254)
E/AndroidRuntime(15304): 	at java.lang.reflect.Method.invoke(Native Method)
E/AndroidRuntime(15304): 	at java.lang.reflect.Method.invoke(Method.java:372)
E/AndroidRuntime(15304): 	at com.android.internal.os.ZygoteInit$MethodAndArgsCaller.run(ZygoteInit.java:903)
E/AndroidRuntime(15304): 	at com.android.internal.os.ZygoteInit.main(ZygoteInit.java:698)
E/AndroidRuntime(15304): Caused by: android.database.sqlite.SQLiteException: Can't downgrade database from version 917512 to 851976
E/AndroidRuntime(15304): 	at android.database.sqlite.SQLiteOpenHelper.onDowngrade(SQLiteOpenHelper.java:360)
E/AndroidRuntime(15304): 	at android.database.sqlite.SQLiteOpenHelper.getDatabaseLocked(SQLiteOpenHelper.java:254)
E/AndroidRuntime(15304): 	at android.database.sqlite.SQLiteOpenHelper.getReadableDatabase(SQLiteOpenHelper.java:187)
E/AndroidRuntime(15304): 	at com.android.providers.telephony.TelephonyProvider.query(TelephonyProvider.java:774)
E/AndroidRuntime(15304): 	at android.content.ContentProvider.query(ContentProvider.java:966)
E/AndroidRuntime(15304): 	at android.content.ContentProvider$Transport.query(ContentProvider.java:211)
E/AndroidRuntime(15304): 	at android.content.ContentResolver.query(ContentResolver.java:478)
E/AndroidRuntime(15304): 	at android.content.ContentResolver.query(ContentResolver.java:422)
E/AndroidRuntime(15304): 	at com.android.internal.telephony.dataconnection.DcTracker.initEmergencyApnSetting(DcTracker.java:2989)
E/AndroidRuntime(15304): 	at com.android.internal.telephony.dataconnection.DcTracker.<init>(DcTracker.java:177)
E/AndroidRuntime(15304): 	at com.android.internal.telephony.gsm.GSMPhone.<init>(GSMPhone.java:194)
E/AndroidRuntime(15304): 	at com.android.internal.telephony.gsm.GSMPhone.<init>(GSMPhone.java:178)
E/AndroidRuntime(15304): 	at com.android.internal.telephony.PhoneFactory.makeDefaultPhone(PhoneFactory.java:152)
E/AndroidRuntime(15304): 	at com.android.internal.telephony.PhoneFactory.makeDefaultPhones(PhoneFactory.java:79)
E/AndroidRuntime(15304): 	at com.android.phone.PhoneGlobals.onCreate(PhoneGlobals.java:332)
E/AndroidRuntime(15304): 	at com.android.phone.PhoneApp.onCreate(PhoneApp.java:41)
E/AndroidRuntime(15304): 	at android.app.Instrumentation.callApplicationOnCreate(Instrumentation.java:1012)
E/AndroidRuntime(15304): 	at android.app.ActivityThread.handleBindApplication(ActivityThread.java:4553)
E/AndroidRuntime(15304): 	... 9 more
W/ActivityManager(13943): Process com.android.phone has crashed too many times: killing!
I/OpenGLRenderer(13943): Initialized EGL, version 1.4
I/[Gralloc](13662): alloc w[812] h[437] format[1] usage[3842]
I/[Gralloc](13662): alloc succ handle[0x7f9342a560] stride[812]
I/[Gralloc](13662): alloc w[812] h[437] format[1] usage[3842]
I/[Gralloc](13662): alloc succ handle[0x7f939467c0] stride[812]
I/[Gralloc](13662): alloc w[812] h[437] format[1] usage[3842]
I/[Gralloc](13662): alloc succ handle[0x7f93946440] stride[812]
E/audio_hw_primary(13731): output pcm write failed. card 0. return value -1. reason cannot write stream data: I/O error
W/AudioFlinger(13731): write blocked for 10013 msecs, 1 delayed writes, thread 0xf4ddc000
E/audio_hw_primary(13731): output pcm write failed. card 0. return value -1. reason cannot prepare channel: Device or resource busy
E/audio_hw_primary(13731): output pcm write failed. card 0. return value -1. reason cannot prepare channel: Device or resource busy
E/audio_hw_primary(13731): pcm write failed three times, reopen pcm
E/audio_hal_dmd(13731): audio_hal_dmd_report failed to open [/dev/dsm]
I/audio_hw_primary(13731): do_out_standby standby: 0, out_device: 2
I/audio_hw_primary(13731): select_devices++ mode[0]
I/audio_hw_primary(13731): output_device_id is 0, output_route is null;input_source_id is 0, input_route is null.
V/audio_hw_primary(13731): original selected output route none input route none
V/audio_hw_primary(13731): custom selected input route none
V/audio_hw_primary(13731): custom selected output route none
V/audio_hw_primary(13731): select_devices() devices 0 input src 0 output route none input route none
V/audio_hw_primary(13731): forced_out 0 out_device 0 
I/TFA9895_SPK(13731): tfa9895 spk power off!
D/earpice_pa(13731): open /dev/ear_pa.
D/earpice_pa(13731): close /dev/ear_pa.
I/dsp_common(13731): dsp_common_control_algo:set device = 0
I/audio_route(13731): route change HISSC_STEREO_DLINK_L_PGA_INTEGER_CONFIG value[0] 0
I/audio_route(13731): route change HISSC_STEREO_DLINK_L_PGA_FRAC_CONFIG value[0] 0
I/audio_route(13731): route change HISSC_STEREO_DLINK_R_PGA_INTEGER_CONFIG value[0] 0
I/audio_route(13731): route change HISSC_STEREO_DLINK_R_PGA_FRAC_CONFIG value[0] 0
I/audio_route(13731): route change HISSC_DACL_AGC_BYPASS value[0] 0
I/audio_route(13731): route change HISSC_DACL_AGC_USR_GDB_INTEGER value[0] 0
I/audio_route(13731): route change HISSC_DACR_AGC_BYPASS value[0] 0
I/audio_route(13731): route change HISSC_DACR_AGC_USR_GDB_INTEGER value[0] 0
I/audio_route(13731): route change HISSC_FS_STEREO_DLINK_L value[0] 0
I/audio_route(13731): route change HISSC_FS_STEREO_DLINK_R value[0] 0
I/audio_route(13731): route change HISSC_FS_DACLR value[0] 0
I/audio_route(13731): route change HISSC_FS_S1 value[0] 0
I/audio_route(13731): route change STEREO_DLINK_TEST_SEL MUX value 0
I/audio_route(13731): route change SIF_EN MIXER SIF_DACL_EN value[0] 0
I/audio_route(13731): route change SIF_EN MIXER SIF_DACR_EN value[0] 0
I/audio_route(13731): route change DACR_MIXER_EN MIXER DACR_MIXER_IN2_MUTE value[0] 0
I/audio_route(13731): route change DACL_MIXER_EN MIXER DACL_MIXER_IN2_MUTE value[0] 0
I/audio_route(13731): route change S1_IF_TX_ENA MIXER DAC_LR value[0] 0
I/dsp_common(13731): dsp_common_control_algo:set device = 0
I/audio_hw_primary(13731): select_devices--
I/audio_hw_primary(13731): start_output_stream++: out_type = 0, out_device = 0
V/audio_hw_primary(13731): pcm_open(PCM_CARD) succeed. pcm_device: 0
I/audio_hw_primary(13731): select_devices++ mode[0]
I/audio_hw_primary(13731): output_device_id is 2, output_route is media-speaker;input_source_id is 0, input_route is null.
V/audio_hw_primary(13731): original selected output route media-speaker input route none
V/audio_hw_primary(13731): custom selected input route none
V/audio_hw_primary(13731): custom selected output route media-speaker
V/audio_hw_primary(13731): select_devices() devices 0x2 input src 0 output route media-speaker input route none
V/audio_hw_primary(13731): forced_out 0 out_device 0x2 
D/earpice_pa(13731): open /dev/ear_pa.
D/earpice_pa(13731): close /dev/ear_pa.
I/dsp_common(13731): dsp_common_control_algo:set device = 2
I/audio_route(13731): route change HISSC_STEREO_DLINK_L_PGA_INTEGER_CONFIG value[0] 255
I/audio_route(13731): route change HISSC_STEREO_DLINK_L_PGA_FRAC_CONFIG value[0] 1
I/audio_route(13731): route change HISSC_STEREO_DLINK_R_PGA_INTEGER_CONFIG value[0] 255
I/audio_route(13731): route change HISSC_STEREO_DLINK_R_PGA_FRAC_CONFIG value[0] 1
I/audio_route(13731): route change HISSC_DACL_AGC_BYPASS value[0] 1
I/audio_route(13731): route change HISSC_DACL_AGC_USR_GDB_INTEGER value[0] 253
I/audio_route(13731): route change HISSC_DACR_AGC_BYPASS value[0] 1
I/audio_route(13731): route change HISSC_DACR_AGC_USR_GDB_INTEGER value[0] 253
I/audio_route(13731): route change HISSC_FS_STEREO_DLINK_L value[0] 4
I/audio_route(13731): route change HISSC_FS_STEREO_DLINK_R value[0] 4
I/audio_route(13731): route change HISSC_FS_DACLR value[0] 4
I/audio_route(13731): route change HISSC_FS_S1 value[0] 4
I/audio_route(13731): route change STEREO_DLINK_TEST_SEL MUX value 2
I/audio_route(13731): route change SIF_EN MIXER SIF_DACL_EN value[0] 1
I/audio_route(13731): route change SIF_EN MIXER SIF_DACR_EN value[0] 1
I/audio_route(13731): route change DACR_MIXER_EN MIXER DACR_MIXER_IN2_MUTE value[0] 1
I/audio_route(13731): route change DACL_MIXER_EN MIXER DACL_MIXER_IN2_MUTE value[0] 1
I/audio_route(13731): route change S1_IF_TX_ENA MIXER DAC_LR value[0] 1
I/dsp_common(13731): dsp_common_control_algo:set device = 2
D/TFA9895_SPK(13731): tfa9895 dev_power_on scene = 0
I/TFA9895_SPK(13731): tfa9895 power on scene = 0, lastScene= 0
I/TFA9895_SPK(13731): tfa9895 spk power on!
I/audio_hw_primary(13731): select_devices--
I/audio_hw_primary(13731): start_output_stream--
I/ActivityManager(13943): Waited long enough for: ServiceRecord{39467398 u0 com.android.music/.MediaPlaybackService}
I/Process (15304): Sending signal. PID: 15304 SIG: 9
W/AudioFlinger(13731): moveEffects() bad srcOutput -217604140
W/InputMethodManagerService(13943): Window already focused, ignoring focus gain of: com.android.internal.view.IInputMethodClient$Stub$Proxy@15c954d8 attribute=null, token = android.os.BinderProxy@31dfd3ca
I/ServiceManager( 2327): service 'isub' died
I/ActivityManager(13943): Process com.android.phone (pid 15304) has died
I/ActivityManager(13943): Start proc 15339:com.android.phone/1001 for restart com.android.phone
I/art     (13943): Explicit concurrent mark sweep GC freed 10981(577KB) AllocSpace objects, 2(32KB) LOS objects, 33% free, 14MB/21MB, paused 2.430ms total 85.999ms
D/AndroidRuntime(15339): Shutting down VM
E/AndroidRuntime(15339): FATAL EXCEPTION: main
E/AndroidRuntime(15339): Process: com.android.phone, PID: 15339
E/AndroidRuntime(15339): java.lang.RuntimeException: Unable to create application com.android.phone.PhoneApp: android.database.sqlite.SQLiteException: Can't downgrade database from version 917512 to 851976
E/AndroidRuntime(15339): 	at android.app.ActivityThread.handleBindApplication(ActivityThread.java:4556)
E/AndroidRuntime(15339): 	at android.app.ActivityThread.access$1500(ActivityThread.java:151)
E/AndroidRuntime(15339): 	at android.app.ActivityThread$H.handleMessage(ActivityThread.java:1364)
E/AndroidRuntime(15339): 	at android.os.Handler.dispatchMessage(Handler.java:102)
E/AndroidRuntime(15339): 	at android.os.Looper.loop(Looper.java:135)
E/AndroidRuntime(15339): 	at android.app.ActivityThread.main(ActivityThread.java:5254)
E/AndroidRuntime(15339): 	at java.lang.reflect.Method.invoke(Native Method)
E/AndroidRuntime(15339): 	at java.lang.reflect.Method.invoke(Method.java:372)
E/AndroidRuntime(15339): 	at com.android.internal.os.ZygoteInit$MethodAndArgsCaller.run(ZygoteInit.java:903)
E/AndroidRuntime(15339): 	at com.android.internal.os.ZygoteInit.main(ZygoteInit.java:698)
E/AndroidRuntime(15339): Caused by: android.database.sqlite.SQLiteException: Can't downgrade database from version 917512 to 851976
E/AndroidRuntime(15339): 	at android.database.sqlite.SQLiteOpenHelper.onDowngrade(SQLiteOpenHelper.java:360)
E/AndroidRuntime(15339): 	at android.database.sqlite.SQLiteOpenHelper.getDatabaseLocked(SQLiteOpenHelper.java:254)
E/AndroidRuntime(15339): 	at android.database.sqlite.SQLiteOpenHelper.getReadableDatabase(SQLiteOpenHelper.java:187)
E/AndroidRuntime(15339): 	at com.android.providers.telephony.TelephonyProvider.query(TelephonyProvider.java:774)
E/AndroidRuntime(15339): 	at android.content.ContentProvider.query(ContentProvider.java:966)
E/AndroidRuntime(15339): 	at android.content.ContentProvider$Transport.query(ContentProvider.java:211)
E/AndroidRuntime(15339): 	at android.content.ContentResolver.query(ContentResolver.java:478)
E/AndroidRuntime(15339): 	at android.content.ContentResolver.query(ContentResolver.java:422)
E/AndroidRuntime(15339): 	at com.android.internal.telephony.dataconnection.DcTracker.initEmergencyApnSetting(DcTracker.java:2989)
E/AndroidRuntime(15339): 	at com.android.internal.telephony.dataconnection.DcTracker.<init>(DcTracker.java:177)
E/AndroidRuntime(15339): 	at com.android.internal.telephony.gsm.GSMPhone.<init>(GSMPhone.java:194)
E/AndroidRuntime(15339): 	at com.android.internal.telephony.gsm.GSMPhone.<init>(GSMPhone.java:178)
E/AndroidRuntime(15339): 	at com.android.internal.telephony.PhoneFactory.makeDefaultPhone(PhoneFactory.java:152)
E/AndroidRuntime(15339): 	at com.android.internal.telephony.PhoneFactory.makeDefaultPhones(PhoneFactory.java:79)
E/AndroidRuntime(15339): 	at com.android.phone.PhoneGlobals.onCreate(PhoneGlobals.java:332)
E/AndroidRuntime(15339): 	at com.android.phone.PhoneApp.onCreate(PhoneApp.java:41)
E/AndroidRuntime(15339): 	at android.app.Instrumentation.callApplicationOnCreate(Instrumentation.java:1012)
E/AndroidRuntime(15339): 	at android.app.ActivityThread.handleBindApplication(ActivityThread.java:4553)
E/AndroidRuntime(15339): 	... 9 more
W/ActivityManager(13943): Process com.android.phone has crashed too many times: killing!
I/OpenGLRenderer(13943): Initialized EGL, version 1.4
I/[Gralloc](13662): alloc w[812] h[437] format[1] usage[3842]
I/[Gralloc](13662): alloc succ handle[0x7f9342a2c0] stride[812]
I/[Gralloc](13662): alloc w[812] h[437] format[1] usage[3842]
I/[Gralloc](13662): alloc succ handle[0x7f9342a3a0] stride[812]
I/[Gralloc](13662): alloc w[812] h[437] format[1] usage[3842]
I/[Gralloc](13662): alloc succ handle[0x7f93945800] stride[812]
I/Process (15339): Sending signal. PID: 15339 SIG: 9
W/InputMethodManagerService(13943): Window already focused, ignoring focus gain of: com.android.internal.view.IInputMethodClient$Stub$Proxy@3704e114 attribute=null, token = android.os.BinderProxy@31dfd3ca
I/ServiceManager( 2327): service 'isub' died
I/ActivityManager(13943): Process com.android.phone (pid 15339) has died
I/ActivityManager(13943): Start proc 15375:com.android.phone/1001 for restart com.android.phone
D/AndroidRuntime(15375): Shutting down VM
E/AndroidRuntime(15375): FATAL EXCEPTION: main
E/AndroidRuntime(15375): Process: com.android.phone, PID: 15375
E/AndroidRuntime(15375): java.lang.RuntimeException: Unable to create application com.android.phone.PhoneApp: android.database.sqlite.SQLiteException: Can't downgrade database from version 917512 to 851976
E/AndroidRuntime(15375): 	at android.app.ActivityThread.handleBindApplication(ActivityThread.java:4556)
E/AndroidRuntime(15375): 	at android.app.ActivityThread.access$1500(ActivityThread.java:151)
E/AndroidRuntime(15375): 	at android.app.ActivityThread$H.handleMessage(ActivityThread.java:1364)
E/AndroidRuntime(15375): 	at android.os.Handler.dispatchMessage(Handler.java:102)
E/AndroidRuntime(15375): 	at android.os.Looper.loop(Looper.java:135)
E/AndroidRuntime(15375): 	at android.app.ActivityThread.main(ActivityThread.java:5254)
E/AndroidRuntime(15375): 	at java.lang.reflect.Method.invoke(Native Method)
E/AndroidRuntime(15375): 	at java.lang.reflect.Method.invoke(Method.java:372)
E/AndroidRuntime(15375): 	at com.android.internal.os.ZygoteInit$MethodAndArgsCaller.run(ZygoteInit.java:903)
E/AndroidRuntime(15375): 	at com.android.internal.os.ZygoteInit.main(ZygoteInit.java:698)
E/AndroidRuntime(15375): Caused by: android.database.sqlite.SQLiteException: Can't downgrade database from version 917512 to 851976
E/AndroidRuntime(15375): 	at android.database.sqlite.SQLiteOpenHelper.onDowngrade(SQLiteOpenHelper.java:360)
E/AndroidRuntime(15375): 	at android.database.sqlite.SQLiteOpenHelper.getDatabaseLocked(SQLiteOpenHelper.java:254)
E/AndroidRuntime(15375): 	at android.database.sqlite.SQLiteOpenHelper.getReadableDatabase(SQLiteOpenHelper.java:187)
E/AndroidRuntime(15375): 	at com.android.providers.telephony.TelephonyProvider.query(TelephonyProvider.java:774)
E/AndroidRuntime(15375): 	at android.content.ContentProvider.query(ContentProvider.java:966)
E/AndroidRuntime(15375): 	at android.content.ContentProvider$Transport.query(ContentProvider.java:211)
E/AndroidRuntime(15375): 	at android.content.ContentResolver.query(ContentResolver.java:478)
E/AndroidRuntime(15375): 	at android.content.ContentResolver.query(ContentResolver.java:422)
E/AndroidRuntime(15375): 	at com.android.internal.telephony.dataconnection.DcTracker.initEmergencyApnSetting(DcTracker.java:2989)
E/AndroidRuntime(15375): 	at com.android.internal.telephony.dataconnection.DcTracker.<init>(DcTracker.java:177)
E/AndroidRuntime(15375): 	at com.android.internal.telephony.gsm.GSMPhone.<init>(GSMPhone.java:194)
E/AndroidRuntime(15375): 	at com.android.internal.telephony.gsm.GSMPhone.<init>(GSMPhone.java:178)
E/AndroidRuntime(15375): 	at com.android.internal.telephony.PhoneFactory.makeDefaultPhone(PhoneFactory.java:152)
E/AndroidRuntime(15375): 	at com.android.internal.telephony.PhoneFactory.makeDefaultPhones(PhoneFactory.java:79)
E/AndroidRuntime(15375): 	at com.android.phone.PhoneGlobals.onCreate(PhoneGlobals.java:332)
E/AndroidRuntime(15375): 	at com.android.phone.PhoneApp.onCreate(PhoneApp.java:41)
E/AndroidRuntime(15375): 	at android.app.Instrumentation.callApplicationOnCreate(Instrumentation.java:1012)
E/AndroidRuntime(15375): 	at android.app.ActivityThread.handleBindApplication(ActivityThread.java:4553)
E/AndroidRuntime(15375): 	... 9 more
W/ActivityManager(13943): Process com.android.phone has crashed too many times: killing!
I/OpenGLRenderer(13943): Initialized EGL, version 1.4
I/[Gralloc](13662): alloc w[812] h[437] format[1] usage[3842]
I/[Gralloc](13662): alloc succ handle[0x7f9342a9c0] stride[812]
I/[Gralloc](13662): alloc w[812] h[437] format[1] usage[3842]
I/[Gralloc](13662): alloc succ handle[0x7f9342b1a0] stride[812]
I/[Gralloc](13662): alloc w[812] h[437] format[1] usage[3842]
I/[Gralloc](13662): alloc succ handle[0x7f9342a3a0] stride[812]
I/ActivityManager(13943): Waited long enough for: ServiceRecord{8945519 u0 com.android.calendar/.alerts.InitAlarmsService}
