--------- beginning of system
I/Vold    ( 2328): Vold 2.1 (the revenge) firing up
D/Vold    ( 2328): Volume sdcard1 state changing -1 (Initializing) -> 0 (No-Media)
D/Vold    ( 2328): Volume usbdisk state changing -1 (Initializing) -> 0 (No-Media)
--------- beginning of crash
F/libc    ( 2329): Fatal signal 11 (SIGSEGV), code 1, fault addr 0x0 in tid 2329 (surfaceflinger)
I/DEBUG   ( 2334): *** *** *** *** *** *** *** *** *** *** *** *** *** *** *** ***
I/DEBUG   ( 2334): Build fingerprint: 'Android/aosp_alice/alice:5.1.1/LMY49I/olrak05201037:userdebug/test-keys'
I/DEBUG   ( 2334): Revision: '0'
I/DEBUG   ( 2334): ABI: 'arm64'
I/DEBUG   ( 2334): pid: 2329, tid: 2329, name: surfaceflinger  >>> /system/bin/surfaceflinger <<<
I/DEBUG   ( 2334): signal 11 (SIGSEGV), code 1 (SEGV_MAPERR), fault addr 0x0
I/DEBUG   ( 2334):     x0   0000000000000000  x1   0000007fa3000000  x2   0000007fa3db3000  x3   0000000000000008
I/DEBUG   ( 2334):     x4   0000000000000000  x5   0000000000000001  x6   0000007fa2c085a8  x7   0000000000000002
I/DEBUG   ( 2334):     x8   00000000000000ed  x9   00000000000000ee  x10  0000007fa3db3000  x11  0000007fa2c00018
I/DEBUG   ( 2334):     x12  0000000000000000  x13  0000007fa3db3000  x14  0000007fa3dc0000  x15  0000007ff18fb180
I/DEBUG   ( 2334):     x16  0000007fa26feab0  x17  0000007fa25c19a0  x18  0000007fa3dc4838  x19  0000007fa2cc6600
I/DEBUG   ( 2334):     x20  0000007fa2c1b280  x21  0000007fa2d19e10  x22  0000007fa2c680c0  x23  0000007fa2c1c420
I/DEBUG   ( 2334):     x24  0000007fa2c1b190  x25  00000000000000c0  x26  0000007fa2c1aa20  x27  00000000000030a0
I/DEBUG   ( 2334):     x28  0000007fa2c20a00  x29  0000007ff18fb970  x30  0000007fa25c5f8c
I/DEBUG   ( 2334):     sp   0000007ff18fb970  pc   0000007fa25c19a4  pstate 0000000080000000
I/DEBUG   ( 2334): 
I/DEBUG   ( 2334): backtrace:
I/DEBUG   ( 2334):     #00 pc 00000000000e39a4  /system/vendor/lib64/egl/libGLES_mali.so (_mali_osu_abort+4)
I/DEBUG   ( 2334):     #01 pc 00000000000e7f88  /system/vendor/lib64/egl/libGLES_mali.so (_mali_base_arch_sys_abort+8)
I/DEBUG   ( 2334):     #02 pc 00000000000d1dd0  /system/vendor/lib64/egl/libGLES_mali.so (_mali_sys_abort+8)
I/DEBUG   ( 2334):     #03 pc 000000000004aa10  /system/vendor/lib64/egl/libGLES_mali.so (__egl_platform_dequeue_buffer(egl_surface*)+1948)
I/DEBUG   ( 2334):     #04 pc 00000000001066ec  /system/vendor/lib64/egl/libGLES_mali.so (_mali_frame_builder_acquire_output+24)
I/DEBUG   ( 2334):     #05 pc 000000000005ef48  /system/vendor/lib64/egl/libGLES_mali.so (_gles_set_read_frame_builder+124)
I/DEBUG   ( 2334):     #06 pc 00000000000cfa20  /system/vendor/lib64/egl/libGLES_mali.so (__egl_gles_make_current+324)
I/DEBUG   ( 2334):     #07 pc 00000000000c4678  /system/vendor/lib64/egl/libGLES_mali.so (_egl_make_current+1252)
I/DEBUG   ( 2334):     #08 pc 00000000000c5868  /system/vendor/lib64/egl/libGLES_mali.so (eglMakeCurrent+108)
I/DEBUG   ( 2334):     #09 pc 0000000000024454  /system/lib64/libEGL.so (android::egl_display_t::makeCurrent(android::egl_context_t*, android::egl_context_t*, void*, void*, void*, void*, void*, void*)+148)
I/DEBUG   ( 2334):     #10 pc 0000000000027074  /system/lib64/libEGL.so (eglMakeCurrent+288)
I/DEBUG   ( 2334):     #11 pc 000000000001e87c  /system/lib64/libsurfaceflinger.so
I/DEBUG   ( 2334):     #12 pc 000000000002f480  /system/lib64/libsurfaceflinger.so
I/DEBUG   ( 2334):     #13 pc 0000000000030a6c  /system/lib64/libsurfaceflinger.so
I/DEBUG   ( 2334):     #14 pc 000000000002e574  /system/lib64/libsurfaceflinger.so
I/DEBUG   ( 2334):     #15 pc 000000000002d800  /system/lib64/libsurfaceflinger.so
I/DEBUG   ( 2334):     #16 pc 000000000002d0e4  /system/lib64/libsurfaceflinger.so
I/DEBUG   ( 2334):     #17 pc 000000000001aa20  /system/lib64/libutils.so (android::Looper::pollInner(int)+520)
I/DEBUG   ( 2334):     #18 pc 000000000001ac2c  /system/lib64/libutils.so (android::Looper::pollOnce(int, int*, int*, void**)+76)
I/DEBUG   ( 2334):     #19 pc 000000000002901c  /system/lib64/libsurfaceflinger.so
I/DEBUG   ( 2334):     #20 pc 000000000002caec  /system/lib64/libsurfaceflinger.so (android::SurfaceFlinger::run()+20)
I/DEBUG   ( 2334):     #21 pc 0000000000000f54  /system/bin/surfaceflinger
I/DEBUG   ( 2334):     #22 pc 0000000000019a94  /system/lib64/libc.so (__libc_init+100)
I/DEBUG   ( 2334):     #23 pc 000000000000102c  /system/bin/surfaceflinger
F/libc    ( 2795): Fatal signal 11 (SIGSEGV), code 1, fault addr 0x0 in tid 2795 (surfaceflinger)
I/DEBUG   ( 2334): *** *** *** *** *** *** *** *** *** *** *** *** *** *** *** ***
I/DEBUG   ( 2334): Build fingerprint: 'Android/aosp_alice/alice:5.1.1/LMY49I/olrak05201037:userdebug/test-keys'
I/DEBUG   ( 2334): Revision: '0'
I/DEBUG   ( 2334): ABI: 'arm64'
I/DEBUG   ( 2334): pid: 2795, tid: 2795, name: surfaceflinger  >>> /system/bin/surfaceflinger <<<
I/DEBUG   ( 2334): signal 11 (SIGSEGV), code 1 (SEGV_MAPERR), fault addr 0x0
I/DEBUG   ( 2334):     x0   0000000000000000  x1   0000007f7f800000  x2   0000007f80349000  x3   0000000000000008
I/DEBUG   ( 2334):     x4   0000000000000000  x5   0000000000000001  x6   0000007f7f4085a8  x7   0000000000000002
I/DEBUG   ( 2334):     x8   00000000000000ed  x9   00000000000000ee  x10  0000007f80349000  x11  0000007f7ec002b8
I/DEBUG   ( 2334):     x12  0000000000000000  x13  0000007f80349000  x14  0000007f80356000  x15  0000007fd6330bf0
I/DEBUG   ( 2334):     x16  0000007f7ebfcab0  x17  0000007f7eabf9a0  x18  0000007f8035a838  x19  0000007f7f4c6600
I/DEBUG   ( 2334):     x20  0000007f7f41b280  x21  0000007f7f519e10  x22  0000007f7f4680c0  x23  0000007f7f41c420
I/DEBUG   ( 2334):     x24  0000007f7f41b190  x25  00000000000000c0  x26  0000007f7f41aa20  x27  00000000000030a0
I/DEBUG   ( 2334):     x28  0000007f7f420a00  x29  0000007fd63313e0  x30  0000007f7eac3f8c
I/DEBUG   ( 2334):     sp   0000007fd63313e0  pc   0000007f7eabf9a4  pstate 0000000080000000
I/DEBUG   ( 2334): 
I/DEBUG   ( 2334): backtrace:
I/DEBUG   ( 2334):     #00 pc 00000000000e39a4  /system/vendor/lib64/egl/libGLES_mali.so (_mali_osu_abort+4)
I/DEBUG   ( 2334):     #01 pc 00000000000e7f88  /system/vendor/lib64/egl/libGLES_mali.so (_mali_base_arch_sys_abort+8)
I/DEBUG   ( 2334):     #02 pc 00000000000d1dd0  /system/vendor/lib64/egl/libGLES_mali.so (_mali_sys_abort+8)
I/DEBUG   ( 2334):     #03 pc 000000000004aa10  /system/vendor/lib64/egl/libGLES_mali.so (__egl_platform_dequeue_buffer(egl_surface*)+1948)
I/DEBUG   ( 2334):     #04 pc 00000000001066ec  /system/vendor/lib64/egl/libGLES_mali.so (_mali_frame_builder_acquire_output+24)
I/DEBUG   ( 2334):     #05 pc 000000000005ef48  /system/vendor/lib64/egl/libGLES_mali.so (_gles_set_read_frame_builder+124)
I/DEBUG   ( 2334):     #06 pc 00000000000cfa20  /system/vendor/lib64/egl/libGLES_mali.so (__egl_gles_make_current+324)
I/DEBUG   ( 2334):     #07 pc 00000000000c4678  /system/vendor/lib64/egl/libGLES_mali.so (_egl_make_current+1252)
I/DEBUG   ( 2334):     #08 pc 00000000000c5868  /system/vendor/lib64/egl/libGLES_mali.so (eglMakeCurrent+108)
I/DEBUG   ( 2334):     #09 pc 0000000000024454  /system/lib64/libEGL.so (android::egl_display_t::makeCurrent(android::egl_context_t*, android::egl_context_t*, void*, void*, void*, void*, void*, void*)+148)
I/DEBUG   ( 2334):     #10 pc 0000000000027074  /system/lib64/libEGL.so (eglMakeCurrent+288)
I/DEBUG   ( 2334):     #11 pc 000000000001e87c  /system/lib64/libsurfaceflinger.so
I/DEBUG   ( 2334):     #12 pc 000000000002f480  /system/lib64/libsurfaceflinger.so
I/DEBUG   ( 2334):     #13 pc 0000000000030a6c  /system/lib64/libsurfaceflinger.so
I/DEBUG   ( 2334):     #14 pc 000000000002e574  /system/lib64/libsurfaceflinger.so
I/DEBUG   ( 2334):     #15 pc 000000000002d800  /system/lib64/libsurfaceflinger.so
I/DEBUG   ( 2334):     #16 pc 000000000002d0e4  /system/lib64/libsurfaceflinger.so
I/DEBUG   ( 2334):     #17 pc 000000000001aa20  /system/lib64/libutils.so (android::Looper::pollInner(int)+520)
I/DEBUG   ( 2334):     #18 pc 000000000001ac2c  /system/lib64/libutils.so (android::Looper::pollOnce(int, int*, int*, void**)+76)
I/DEBUG   ( 2334):     #19 pc 000000000002901c  /system/lib64/libsurfaceflinger.so
I/DEBUG   ( 2334):     #20 pc 000000000002caec  /system/lib64/libsurfaceflinger.so (android::SurfaceFlinger::run()+20)
I/DEBUG   ( 2334):     #21 pc 0000000000000f54  /system/bin/surfaceflinger
I/DEBUG   ( 2334):     #22 pc 0000000000019a94  /system/lib64/libc.so (__libc_init+100)
I/DEBUG   ( 2334):     #23 pc 000000000000102c  /system/bin/surfaceflinger
F/libc    ( 3052): Fatal signal 11 (SIGSEGV), code 1, fault addr 0x0 in tid 3052 (surfaceflinger)
I/DEBUG   ( 2334): *** *** *** *** *** *** *** *** *** *** *** *** *** *** *** ***
I/DEBUG   ( 2334): Build fingerprint: 'Android/aosp_alice/alice:5.1.1/LMY49I/olrak05201037:userdebug/test-keys'
I/DEBUG   ( 2334): Revision: '0'
I/DEBUG   ( 2334): ABI: 'arm64'
I/DEBUG   ( 2334): pid: 3052, tid: 3052, name: surfaceflinger  >>> /system/bin/surfaceflinger <<<
I/DEBUG   ( 2334): signal 11 (SIGSEGV), code 1 (SEGV_MAPERR), fault addr 0x0
I/DEBUG   ( 2334):     x0   0000000000000000  x1   0000007fafc00000  x2   0000007fb0821000  x3   0000000000000008
I/DEBUG   ( 2334):     x4   0000000000000000  x5   0000000000000001  x6   0000007faf8085a8  x7   0000000000000002
I/DEBUG   ( 2334):     x8   00000000000000ed  x9   00000000000000ee  x10  0000007fb0821000  x11  0000007faf800018
I/DEBUG   ( 2334):     x12  0000000000000000  x13  0000007fb0821000  x14  0000007fb082e000  x15  0000007fef4e54c0
I/DEBUG   ( 2334):     x16  0000007faeffcab0  x17  0000007faeebf9a0  x18  0000007fb0832838  x19  0000007faf8c6600
I/DEBUG   ( 2334):     x20  0000007faf81b280  x21  0000007faf919e10  x22  0000007faf8680c0  x23  0000007faf81c420
I/DEBUG   ( 2334):     x24  0000007faf81b190  x25  00000000000000c0  x26  0000007faf81aa20  x27  00000000000030a0
I/DEBUG   ( 2334):     x28  0000007faf820a00  x29  0000007fef4e5cb0  x30  0000007faeec3f8c
I/DEBUG   ( 2334):     sp   0000007fef4e5cb0  pc   0000007faeebf9a4  pstate 0000000080000000
I/DEBUG   ( 2334): 
I/DEBUG   ( 2334): backtrace:
I/DEBUG   ( 2334):     #00 pc 00000000000e39a4  /system/vendor/lib64/egl/libGLES_mali.so (_mali_osu_abort+4)
I/DEBUG   ( 2334):     #01 pc 00000000000e7f88  /system/vendor/lib64/egl/libGLES_mali.so (_mali_base_arch_sys_abort+8)
I/DEBUG   ( 2334):     #02 pc 00000000000d1dd0  /system/vendor/lib64/egl/libGLES_mali.so (_mali_sys_abort+8)
I/DEBUG   ( 2334):     #03 pc 000000000004aa10  /system/vendor/lib64/egl/libGLES_mali.so (__egl_platform_dequeue_buffer(egl_surface*)+1948)
I/DEBUG   ( 2334):     #04 pc 00000000001066ec  /system/vendor/lib64/egl/libGLES_mali.so (_mali_frame_builder_acquire_output+24)
I/DEBUG   ( 2334):     #05 pc 000000000005ef48  /system/vendor/lib64/egl/libGLES_mali.so (_gles_set_read_frame_builder+124)
I/DEBUG   ( 2334):     #06 pc 00000000000cfa20  /system/vendor/lib64/egl/libGLES_mali.so (__egl_gles_make_current+324)
I/DEBUG   ( 2334):     #07 pc 00000000000c4678  /system/vendor/lib64/egl/libGLES_mali.so (_egl_make_current+1252)
I/DEBUG   ( 2334):     #08 pc 00000000000c5868  /system/vendor/lib64/egl/libGLES_mali.so (eglMakeCurrent+108)
I/DEBUG   ( 2334):     #09 pc 0000000000024454  /system/lib64/libEGL.so (android::egl_display_t::makeCurrent(android::egl_context_t*, android::egl_context_t*, void*, void*, void*, void*, void*, void*)+148)
I/DEBUG   ( 2334):     #10 pc 0000000000027074  /system/lib64/libEGL.so (eglMakeCurrent+288)
I/DEBUG   ( 2334):     #11 pc 000000000001e87c  /system/lib64/libsurfaceflinger.so
I/DEBUG   ( 2334):     #12 pc 000000000002f480  /system/lib64/libsurfaceflinger.so
I/DEBUG   ( 2334):     #13 pc 0000000000030a6c  /system/lib64/libsurfaceflinger.so
I/DEBUG   ( 2334):     #14 pc 000000000002e574  /system/lib64/libsurfaceflinger.so
I/DEBUG   ( 2334):     #15 pc 000000000002d800  /system/lib64/libsurfaceflinger.so
I/DEBUG   ( 2334):     #16 pc 000000000002d0e4  /system/lib64/libsurfaceflinger.so
I/DEBUG   ( 2334):     #17 pc 000000000001aa20  /system/lib64/libutils.so (android::Looper::pollInner(int)+520)
I/DEBUG   ( 2334):     #18 pc 000000000001ac2c  /system/lib64/libutils.so (android::Looper::pollOnce(int, int*, int*, void**)+76)
I/DEBUG   ( 2334):     #19 pc 000000000002901c  /system/lib64/libsurfaceflinger.so
I/DEBUG   ( 2334):     #20 pc 000000000002caec  /system/lib64/libsurfaceflinger.so (android::SurfaceFlinger::run()+20)
I/DEBUG   ( 2334):     #21 pc 0000000000000f54  /system/bin/surfaceflinger
I/DEBUG   ( 2334):     #22 pc 0000000000019a94  /system/lib64/libc.so (__libc_init+100)
I/DEBUG   ( 2334):     #23 pc 000000000000102c  /system/bin/surfaceflinger
F/libc    ( 3312): Fatal signal 11 (SIGSEGV), code 1, fault addr 0x0 in tid 3312 (surfaceflinger)
I/DEBUG   ( 2334): *** *** *** *** *** *** *** *** *** *** *** *** *** *** *** ***
I/DEBUG   ( 2334): Build fingerprint: 'Android/aosp_alice/alice:5.1.1/LMY49I/olrak05201037:userdebug/test-keys'
I/DEBUG   ( 2334): Revision: '0'
I/DEBUG   ( 2334): ABI: 'arm64'
I/DEBUG   ( 2334): pid: 3312, tid: 3312, name: surfaceflinger  >>> /system/bin/surfaceflinger <<<
I/DEBUG   ( 2334): signal 11 (SIGSEGV), code 1 (SEGV_MAPERR), fault addr 0x0
I/DEBUG   ( 2334):     x0   0000000000000000  x1   0000007fb6400000  x2   0000007fb6e95000  x3   0000000000000008
I/DEBUG   ( 2334):     x4   0000000000000000  x5   0000000000000001  x6   0000007fb60085a8  x7   0000000000000002
I/DEBUG   ( 2334):     x8   00000000000000ed  x9   00000000000000ee  x10  0000007fb6e95000  x11  0000007fb6000018
I/DEBUG   ( 2334):     x12  0000000000000000  x13  0000007fb6e95000  x14  0000007fb6ea2000  x15  0000007fc7502ea0
I/DEBUG   ( 2334):     x16  0000007fb57fcab0  x17  0000007fb56bf9a0  x18  0000007fb6ea6838  x19  0000007fb60c6600
I/DEBUG   ( 2334):     x20  0000007fb601b280  x21  0000007fb6119e10  x22  0000007fb60680c0  x23  0000007fb601c420
I/DEBUG   ( 2334):     x24  0000007fb601b190  x25  00000000000000c0  x26  0000007fb601aa20  x27  00000000000030a0
I/DEBUG   ( 2334):     x28  0000007fb6020a00  x29  0000007fc7503690  x30  0000007fb56c3f8c
I/DEBUG   ( 2334):     sp   0000007fc7503690  pc   0000007fb56bf9a4  pstate 0000000080000000
I/DEBUG   ( 2334): 
I/DEBUG   ( 2334): backtrace:
I/DEBUG   ( 2334):     #00 pc 00000000000e39a4  /system/vendor/lib64/egl/libGLES_mali.so (_mali_osu_abort+4)
I/DEBUG   ( 2334):     #01 pc 00000000000e7f88  /system/vendor/lib64/egl/libGLES_mali.so (_mali_base_arch_sys_abort+8)
I/DEBUG   ( 2334):     #02 pc 00000000000d1dd0  /system/vendor/lib64/egl/libGLES_mali.so (_mali_sys_abort+8)
I/DEBUG   ( 2334):     #03 pc 000000000004aa10  /system/vendor/lib64/egl/libGLES_mali.so (__egl_platform_dequeue_buffer(egl_surface*)+1948)
I/DEBUG   ( 2334):     #04 pc 00000000001066ec  /system/vendor/lib64/egl/libGLES_mali.so (_mali_frame_builder_acquire_output+24)
I/DEBUG   ( 2334):     #05 pc 000000000005ef48  /system/vendor/lib64/egl/libGLES_mali.so (_gles_set_read_frame_builder+124)
I/DEBUG   ( 2334):     #06 pc 00000000000cfa20  /system/vendor/lib64/egl/libGLES_mali.so (__egl_gles_make_current+324)
I/DEBUG   ( 2334):     #07 pc 00000000000c4678  /system/vendor/lib64/egl/libGLES_mali.so (_egl_make_current+1252)
I/DEBUG   ( 2334):     #08 pc 00000000000c5868  /system/vendor/lib64/egl/libGLES_mali.so (eglMakeCurrent+108)
I/DEBUG   ( 2334):     #09 pc 0000000000024454  /system/lib64/libEGL.so (android::egl_display_t::makeCurrent(android::egl_context_t*, android::egl_context_t*, void*, void*, void*, void*, void*, void*)+148)
I/DEBUG   ( 2334):     #10 pc 0000000000027074  /system/lib64/libEGL.so (eglMakeCurrent+288)
I/DEBUG   ( 2334):     #11 pc 000000000001e87c  /system/lib64/libsurfaceflinger.so
I/DEBUG   ( 2334):     #12 pc 000000000002f480  /system/lib64/libsurfaceflinger.so
I/DEBUG   ( 2334):     #13 pc 0000000000030a6c  /system/lib64/libsurfaceflinger.so
I/DEBUG   ( 2334):     #14 pc 000000000002e574  /system/lib64/libsurfaceflinger.so
I/DEBUG   ( 2334):     #15 pc 000000000002d800  /system/lib64/libsurfaceflinger.so
I/DEBUG   ( 2334):     #16 pc 000000000002d0e4  /system/lib64/libsurfaceflinger.so
I/DEBUG   ( 2334):     #17 pc 000000000001aa20  /system/lib64/libutils.so (android::Looper::pollInner(int)+520)
I/DEBUG   ( 2334):     #18 pc 000000000001ac2c  /system/lib64/libutils.so (android::Looper::pollOnce(int, int*, int*, void**)+76)
I/DEBUG   ( 2334):     #19 pc 000000000002901c  /system/lib64/libsurfaceflinger.so
I/DEBUG   ( 2334):     #20 pc 000000000002caec  /system/lib64/libsurfaceflinger.so (android::SurfaceFlinger::run()+20)
I/DEBUG   ( 2334):     #21 pc 0000000000000f54  /system/bin/surfaceflinger
I/DEBUG   ( 2334):     #22 pc 0000000000019a94  /system/lib64/libc.so (__libc_init+100)
I/DEBUG   ( 2334):     #23 pc 000000000000102c  /system/bin/surfaceflinger
F/libc    ( 3569): Fatal signal 11 (SIGSEGV), code 1, fault addr 0x0 in tid 3569 (surfaceflinger)
I/DEBUG   ( 2334): *** *** *** *** *** *** *** *** *** *** *** *** *** *** *** ***
I/DEBUG   ( 2334): Build fingerprint: 'Android/aosp_alice/alice:5.1.1/LMY49I/olrak05201037:userdebug/test-keys'
I/DEBUG   ( 2334): Revision: '0'
I/DEBUG   ( 2334): ABI: 'arm64'
I/DEBUG   ( 2334): pid: 3569, tid: 3569, name: surfaceflinger  >>> /system/bin/surfaceflinger <<<
I/DEBUG   ( 2334): signal 11 (SIGSEGV), code 1 (SEGV_MAPERR), fault addr 0x0
I/DEBUG   ( 2334):     x0   0000000000000000  x1   0000007f81800000  x2   0000007f822f1000  x3   0000000000000008
I/DEBUG   ( 2334):     x4   0000000000000000  x5   0000000000000001  x6   0000007f814085a8  x7   0000000000000002
I/DEBUG   ( 2334):     x8   00000000000000ed  x9   00000000000000ee  x10  0000007f822f1000  x11  0000007f81400018
I/DEBUG   ( 2334):     x12  0000000000000000  x13  0000007f822f1000  x14  0000007f822fe000  x15  0000007fd6cffb70
I/DEBUG   ( 2334):     x16  0000007f80bfcab0  x17  0000007f80abf9a0  x18  0000007f82302838  x19  0000007f814c6600
I/DEBUG   ( 2334):     x20  0000007f8141b280  x21  0000007f81519e10  x22  0000007f814680c0  x23  0000007f8141c420
I/DEBUG   ( 2334):     x24  0000007f8141b190  x25  00000000000000c0  x26  0000007f8141aa20  x27  00000000000030a0
I/DEBUG   ( 2334):     x28  0000007f81420a00  x29  0000007fd6d00360  x30  0000007f80ac3f8c
I/DEBUG   ( 2334):     sp   0000007fd6d00360  pc   0000007f80abf9a4  pstate 0000000080000000
I/DEBUG   ( 2334): 
I/DEBUG   ( 2334): backtrace:
I/DEBUG   ( 2334):     #00 pc 00000000000e39a4  /system/vendor/lib64/egl/libGLES_mali.so (_mali_osu_abort+4)
I/DEBUG   ( 2334):     #01 pc 00000000000e7f88  /system/vendor/lib64/egl/libGLES_mali.so (_mali_base_arch_sys_abort+8)
I/DEBUG   ( 2334):     #02 pc 00000000000d1dd0  /system/vendor/lib64/egl/libGLES_mali.so (_mali_sys_abort+8)
I/DEBUG   ( 2334):     #03 pc 000000000004aa10  /system/vendor/lib64/egl/libGLES_mali.so (__egl_platform_dequeue_buffer(egl_surface*)+1948)
I/DEBUG   ( 2334):     #04 pc 00000000001066ec  /system/vendor/lib64/egl/libGLES_mali.so (_mali_frame_builder_acquire_output+24)
I/DEBUG   ( 2334):     #05 pc 000000000005ef48  /system/vendor/lib64/egl/libGLES_mali.so (_gles_set_read_frame_builder+124)
I/DEBUG   ( 2334):     #06 pc 00000000000cfa20  /system/vendor/lib64/egl/libGLES_mali.so (__egl_gles_make_current+324)
I/DEBUG   ( 2334):     #07 pc 00000000000c4678  /system/vendor/lib64/egl/libGLES_mali.so (_egl_make_current+1252)
I/DEBUG   ( 2334):     #08 pc 00000000000c5868  /system/vendor/lib64/egl/libGLES_mali.so (eglMakeCurrent+108)
I/DEBUG   ( 2334):     #09 pc 0000000000024454  /system/lib64/libEGL.so (android::egl_display_t::makeCurrent(android::egl_context_t*, android::egl_context_t*, void*, void*, void*, void*, void*, void*)+148)
I/DEBUG   ( 2334):     #10 pc 0000000000027074  /system/lib64/libEGL.so (eglMakeCurrent+288)
I/DEBUG   ( 2334):     #11 pc 000000000001e87c  /system/lib64/libsurfaceflinger.so
I/DEBUG   ( 2334):     #12 pc 000000000002f480  /system/lib64/libsurfaceflinger.so
I/DEBUG   ( 2334):     #13 pc 0000000000030a6c  /system/lib64/libsurfaceflinger.so
I/DEBUG   ( 2334):     #14 pc 000000000002e574  /system/lib64/libsurfaceflinger.so
I/DEBUG   ( 2334):     #15 pc 000000000002d800  /system/lib64/libsurfaceflinger.so
I/DEBUG   ( 2334):     #16 pc 000000000002d0e4  /system/lib64/libsurfaceflinger.so
I/DEBUG   ( 2334):     #17 pc 000000000001aa20  /system/lib64/libutils.so (android::Looper::pollInner(int)+520)
I/DEBUG   ( 2334):     #18 pc 000000000001ac2c  /system/lib64/libutils.so (android::Looper::pollOnce(int, int*, int*, void**)+76)
I/DEBUG   ( 2334):     #19 pc 000000000002901c  /system/lib64/libsurfaceflinger.so
I/DEBUG   ( 2334):     #20 pc 000000000002caec  /system/lib64/libsurfaceflinger.so (android::SurfaceFlinger::run()+20)
I/DEBUG   ( 2334):     #21 pc 0000000000000f54  /system/bin/surfaceflinger
I/DEBUG   ( 2334):     #22 pc 0000000000019a94  /system/lib64/libc.so (__libc_init+100)
I/DEBUG   ( 2334):     #23 pc 000000000000102c  /system/bin/surfaceflinger
F/libc    ( 3829): Fatal signal 11 (SIGSEGV), code 1, fault addr 0x0 in tid 3829 (surfaceflinger)
I/DEBUG   ( 2334): *** *** *** *** *** *** *** *** *** *** *** *** *** *** *** ***
I/DEBUG   ( 2334): Build fingerprint: 'Android/aosp_alice/alice:5.1.1/LMY49I/olrak05201037:userdebug/test-keys'
I/DEBUG   ( 2334): Revision: '0'
I/DEBUG   ( 2334): ABI: 'arm64'
I/DEBUG   ( 2334): pid: 3829, tid: 3829, name: surfaceflinger  >>> /system/bin/surfaceflinger <<<
I/DEBUG   ( 2334): signal 11 (SIGSEGV), code 1 (SEGV_MAPERR), fault addr 0x0
I/DEBUG   ( 2334):     x0   0000000000000000  x1   0000007f7f000000  x2   0000007f7fc21000  x3   0000000000000008
I/DEBUG   ( 2334):     x4   0000000000000000  x5   0000000000000001  x6   0000007f7ec085a8  x7   0000000000000002
I/DEBUG   ( 2334):     x8   00000000000000ed  x9   00000000000000ee  x10  0000007f7fc21000  x11  0000007f7ec00018
I/DEBUG   ( 2334):     x12  0000000000000000  x13  0000007f7fc21000  x14  0000007f7fc2e000  x15  0000007ffddf2ee0
I/DEBUG   ( 2334):     x16  0000007f7ea00ab0  x17  0000007f7e8c39a0  x18  0000007f7fc32838  x19  0000007f7ecc6600
I/DEBUG   ( 2334):     x20  0000007f7ec1b280  x21  0000007f7ed19e10  x22  0000007f7ec680c0  x23  0000007f7ec1c420
I/DEBUG   ( 2334):     x24  0000007f7ec1b190  x25  00000000000000c0  x26  0000007f7ec1aa20  x27  00000000000030a0
I/DEBUG   ( 2334):     x28  0000007f7ec20a00  x29  0000007ffddf36d0  x30  0000007f7e8c7f8c
I/DEBUG   ( 2334):     sp   0000007ffddf36d0  pc   0000007f7e8c39a4  pstate 0000000080000000
I/DEBUG   ( 2334): 
I/DEBUG   ( 2334): backtrace:
I/DEBUG   ( 2334):     #00 pc 00000000000e39a4  /system/vendor/lib64/egl/libGLES_mali.so (_mali_osu_abort+4)
I/DEBUG   ( 2334):     #01 pc 00000000000e7f88  /system/vendor/lib64/egl/libGLES_mali.so (_mali_base_arch_sys_abort+8)
I/DEBUG   ( 2334):     #02 pc 00000000000d1dd0  /system/vendor/lib64/egl/libGLES_mali.so (_mali_sys_abort+8)
I/DEBUG   ( 2334):     #03 pc 000000000004aa10  /system/vendor/lib64/egl/libGLES_mali.so (__egl_platform_dequeue_buffer(egl_surface*)+1948)
I/DEBUG   ( 2334):     #04 pc 00000000001066ec  /system/vendor/lib64/egl/libGLES_mali.so (_mali_frame_builder_acquire_output+24)
I/DEBUG   ( 2334):     #05 pc 000000000005ef48  /system/vendor/lib64/egl/libGLES_mali.so (_gles_set_read_frame_builder+124)
I/DEBUG   ( 2334):     #06 pc 00000000000cfa20  /system/vendor/lib64/egl/libGLES_mali.so (__egl_gles_make_current+324)
I/DEBUG   ( 2334):     #07 pc 00000000000c4678  /system/vendor/lib64/egl/libGLES_mali.so (_egl_make_current+1252)
I/DEBUG   ( 2334):     #08 pc 00000000000c5868  /system/vendor/lib64/egl/libGLES_mali.so (eglMakeCurrent+108)
I/DEBUG   ( 2334):     #09 pc 0000000000024454  /system/lib64/libEGL.so (android::egl_display_t::makeCurrent(android::egl_context_t*, android::egl_context_t*, void*, void*, void*, void*, void*, void*)+148)
I/DEBUG   ( 2334):     #10 pc 0000000000027074  /system/lib64/libEGL.so (eglMakeCurrent+288)
I/DEBUG   ( 2334):     #11 pc 000000000001e87c  /system/lib64/libsurfaceflinger.so
I/DEBUG   ( 2334):     #12 pc 000000000002f480  /system/lib64/libsurfaceflinger.so
I/DEBUG   ( 2334):     #13 pc 0000000000030a6c  /system/lib64/libsurfaceflinger.so
I/DEBUG   ( 2334):     #14 pc 000000000002e574  /system/lib64/libsurfaceflinger.so
I/DEBUG   ( 2334):     #15 pc 000000000002d800  /system/lib64/libsurfaceflinger.so
I/DEBUG   ( 2334):     #16 pc 000000000002d0e4  /system/lib64/libsurfaceflinger.so
I/DEBUG   ( 2334):     #17 pc 000000000001aa20  /system/lib64/libutils.so (android::Looper::pollInner(int)+520)
I/DEBUG   ( 2334):     #18 pc 000000000001ac2c  /system/lib64/libutils.so (android::Looper::pollOnce(int, int*, int*, void**)+76)
I/DEBUG   ( 2334):     #19 pc 000000000002901c  /system/lib64/libsurfaceflinger.so
I/DEBUG   ( 2334):     #20 pc 000000000002caec  /system/lib64/libsurfaceflinger.so (android::SurfaceFlinger::run()+20)
I/DEBUG   ( 2334):     #21 pc 0000000000000f54  /system/bin/surfaceflinger
I/DEBUG   ( 2334):     #22 pc 0000000000019a94  /system/lib64/libc.so (__libc_init+100)
I/DEBUG   ( 2334):     #23 pc 000000000000102c  /system/bin/surfaceflinger
F/libc    ( 4086): Fatal signal 11 (SIGSEGV), code 1, fault addr 0x0 in tid 4086 (surfaceflinger)
I/DEBUG   ( 2334): *** *** *** *** *** *** *** *** *** *** *** *** *** *** *** ***
I/DEBUG   ( 2334): Build fingerprint: 'Android/aosp_alice/alice:5.1.1/LMY49I/olrak05201037:userdebug/test-keys'
I/DEBUG   ( 2334): Revision: '0'
I/DEBUG   ( 2334): ABI: 'arm64'
I/DEBUG   ( 2334): pid: 4086, tid: 4086, name: surfaceflinger  >>> /system/bin/surfaceflinger <<<
I/DEBUG   ( 2334): signal 11 (SIGSEGV), code 1 (SEGV_MAPERR), fault addr 0x0
I/DEBUG   ( 2334):     x0   0000000000000000  x1   0000007f91800000  x2   0000007f92453000  x3   0000000000000008
I/DEBUG   ( 2334):     x4   0000000000000000  x5   0000000000000001  x6   0000007f914085a8  x7   0000000000000002
I/DEBUG   ( 2334):     x8   00000000000000ed  x9   00000000000000ee  x10  0000007f92453000  x11  0000007f91400018
I/DEBUG   ( 2334):     x12  0000000000000000  x13  0000007f92453000  x14  0000007f92460000  x15  0000007fde853810
I/DEBUG   ( 2334):     x16  0000007f90bfcab0  x17  0000007f90abf9a0  x18  0000007f92464838  x19  0000007f914c6600
I/DEBUG   ( 2334):     x20  0000007f9141b280  x21  0000007f91519e10  x22  0000007f914680c0  x23  0000007f9141c420
I/DEBUG   ( 2334):     x24  0000007f9141b190  x25  00000000000000c0  x26  0000007f9141aa20  x27  00000000000030a0
I/DEBUG   ( 2334):     x28  0000007f91420a00  x29  0000007fde854000  x30  0000007f90ac3f8c
I/DEBUG   ( 2334):     sp   0000007fde854000  pc   0000007f90abf9a4  pstate 0000000080000000
I/DEBUG   ( 2334): 
I/DEBUG   ( 2334): backtrace:
I/DEBUG   ( 2334):     #00 pc 00000000000e39a4  /system/vendor/lib64/egl/libGLES_mali.so (_mali_osu_abort+4)
I/DEBUG   ( 2334):     #01 pc 00000000000e7f88  /system/vendor/lib64/egl/libGLES_mali.so (_mali_base_arch_sys_abort+8)
I/DEBUG   ( 2334):     #02 pc 00000000000d1dd0  /system/vendor/lib64/egl/libGLES_mali.so (_mali_sys_abort+8)
I/DEBUG   ( 2334):     #03 pc 000000000004aa10  /system/vendor/lib64/egl/libGLES_mali.so (__egl_platform_dequeue_buffer(egl_surface*)+1948)
I/DEBUG   ( 2334):     #04 pc 00000000001066ec  /system/vendor/lib64/egl/libGLES_mali.so (_mali_frame_builder_acquire_output+24)
I/DEBUG   ( 2334):     #05 pc 000000000005ef48  /system/vendor/lib64/egl/libGLES_mali.so (_gles_set_read_frame_builder+124)
I/DEBUG   ( 2334):     #06 pc 00000000000cfa20  /system/vendor/lib64/egl/libGLES_mali.so (__egl_gles_make_current+324)
I/DEBUG   ( 2334):     #07 pc 00000000000c4678  /system/vendor/lib64/egl/libGLES_mali.so (_egl_make_current+1252)
I/DEBUG   ( 2334):     #08 pc 00000000000c5868  /system/vendor/lib64/egl/libGLES_mali.so (eglMakeCurrent+108)
I/DEBUG   ( 2334):     #09 pc 0000000000024454  /system/lib64/libEGL.so (android::egl_display_t::makeCurrent(android::egl_context_t*, android::egl_context_t*, void*, void*, void*, void*, void*, void*)+148)
I/DEBUG   ( 2334):     #10 pc 0000000000027074  /system/lib64/libEGL.so (eglMakeCurrent+288)
I/DEBUG   ( 2334):     #11 pc 000000000001e87c  /system/lib64/libsurfaceflinger.so
I/DEBUG   ( 2334):     #12 pc 000000000002f480  /system/lib64/libsurfaceflinger.so
I/DEBUG   ( 2334):     #13 pc 0000000000030a6c  /system/lib64/libsurfaceflinger.so
I/DEBUG   ( 2334):     #14 pc 000000000002e574  /system/lib64/libsurfaceflinger.so
I/DEBUG   ( 2334):     #15 pc 000000000002d800  /system/lib64/libsurfaceflinger.so
I/DEBUG   ( 2334):     #16 pc 000000000002d0e4  /system/lib64/libsurfaceflinger.so
I/DEBUG   ( 2334):     #17 pc 000000000001aa20  /system/lib64/libutils.so (android::Looper::pollInner(int)+520)
I/DEBUG   ( 2334):     #18 pc 000000000001ac2c  /system/lib64/libutils.so (android::Looper::pollOnce(int, int*, int*, void**)+76)
I/DEBUG   ( 2334):     #19 pc 000000000002901c  /system/lib64/libsurfaceflinger.so
I/DEBUG   ( 2334):     #20 pc 000000000002caec  /system/lib64/libsurfaceflinger.so (android::SurfaceFlinger::run()+20)
I/DEBUG   ( 2334):     #21 pc 0000000000000f54  /system/bin/surfaceflinger
I/DEBUG   ( 2334):     #22 pc 0000000000019a94  /system/lib64/libc.so (__libc_init+100)
I/DEBUG   ( 2334):     #23 pc 000000000000102c  /system/bin/surfaceflinger
F/libc    ( 4346): Fatal signal 11 (SIGSEGV), code 1, fault addr 0x0 in tid 4346 (surfaceflinger)
I/DEBUG   ( 2334): *** *** *** *** *** *** *** *** *** *** *** *** *** *** *** ***
I/DEBUG   ( 2334): Build fingerprint: 'Android/aosp_alice/alice:5.1.1/LMY49I/olrak05201037:userdebug/test-keys'
I/DEBUG   ( 2334): Revision: '0'
I/DEBUG   ( 2334): ABI: 'arm64'
I/DEBUG   ( 2334): pid: 4346, tid: 4346, name: surfaceflinger  >>> /system/bin/surfaceflinger <<<
I/DEBUG   ( 2334): signal 11 (SIGSEGV), code 1 (SEGV_MAPERR), fault addr 0x0
I/DEBUG   ( 2334):     x0   0000000000000000  x1   0000007f9cc00000  x2   0000007f9d8ef000  x3   0000000000000008
I/DEBUG   ( 2334):     x4   0000000000000000  x5   0000000000000001  x6   0000007f9c8085a8  x7   0000000000000002
I/DEBUG   ( 2334):     x8   00000000000000ed  x9   00000000000000ee  x10  0000007f9d8ef000  x11  0000007f9c800018
I/DEBUG   ( 2334):     x12  0000000000000000  x13  0000007f9d8ef000  x14  0000007f9d8fc000  x15  0000007fe886e370
I/DEBUG   ( 2334):     x16  0000007f9c6feab0  x17  0000007f9c5c19a0  x18  0000007f9d900838  x19  0000007f9c8c6600
I/DEBUG   ( 2334):     x20  0000007f9c81b280  x21  0000007f9c919e10  x22  0000007f9c8680c0  x23  0000007f9c81c420
I/DEBUG   ( 2334):     x24  0000007f9c81b190  x25  00000000000000c0  x26  0000007f9c81aa20  x27  00000000000030a0
I/DEBUG   ( 2334):     x28  0000007f9c820a00  x29  0000007fe886eb60  x30  0000007f9c5c5f8c
I/DEBUG   ( 2334):     sp   0000007fe886eb60  pc   0000007f9c5c19a4  pstate 0000000080000000
I/DEBUG   ( 2334): 
I/DEBUG   ( 2334): backtrace:
I/DEBUG   ( 2334):     #00 pc 00000000000e39a4  /system/vendor/lib64/egl/libGLES_mali.so (_mali_osu_abort+4)
I/DEBUG   ( 2334):     #01 pc 00000000000e7f88  /system/vendor/lib64/egl/libGLES_mali.so (_mali_base_arch_sys_abort+8)
I/DEBUG   ( 2334):     #02 pc 00000000000d1dd0  /system/vendor/lib64/egl/libGLES_mali.so (_mali_sys_abort+8)
I/DEBUG   ( 2334):     #03 pc 000000000004aa10  /system/vendor/lib64/egl/libGLES_mali.so (__egl_platform_dequeue_buffer(egl_surface*)+1948)
I/DEBUG   ( 2334):     #04 pc 00000000001066ec  /system/vendor/lib64/egl/libGLES_mali.so (_mali_frame_builder_acquire_output+24)
I/DEBUG   ( 2334):     #05 pc 000000000005ef48  /system/vendor/lib64/egl/libGLES_mali.so (_gles_set_read_frame_builder+124)
I/DEBUG   ( 2334):     #06 pc 00000000000cfa20  /system/vendor/lib64/egl/libGLES_mali.so (__egl_gles_make_current+324)
I/DEBUG   ( 2334):     #07 pc 00000000000c4678  /system/vendor/lib64/egl/libGLES_mali.so (_egl_make_current+1252)
I/DEBUG   ( 2334):     #08 pc 00000000000c5868  /system/vendor/lib64/egl/libGLES_mali.so (eglMakeCurrent+108)
I/DEBUG   ( 2334):     #09 pc 0000000000024454  /system/lib64/libEGL.so (android::egl_display_t::makeCurrent(android::egl_context_t*, android::egl_context_t*, void*, void*, void*, void*, void*, void*)+148)
I/DEBUG   ( 2334):     #10 pc 0000000000027074  /system/lib64/libEGL.so (eglMakeCurrent+288)
I/DEBUG   ( 2334):     #11 pc 000000000001e87c  /system/lib64/libsurfaceflinger.so
I/DEBUG   ( 2334):     #12 pc 000000000002f480  /system/lib64/libsurfaceflinger.so
I/DEBUG   ( 2334):     #13 pc 0000000000030a6c  /system/lib64/libsurfaceflinger.so
I/DEBUG   ( 2334):     #14 pc 000000000002e574  /system/lib64/libsurfaceflinger.so
I/DEBUG   ( 2334):     #15 pc 000000000002d800  /system/lib64/libsurfaceflinger.so
I/DEBUG   ( 2334):     #16 pc 000000000002d0e4  /system/lib64/libsurfaceflinger.so
I/DEBUG   ( 2334):     #17 pc 000000000001aa20  /system/lib64/libutils.so (android::Looper::pollInner(int)+520)
I/DEBUG   ( 2334):     #18 pc 000000000001ac2c  /system/lib64/libutils.so (android::Looper::pollOnce(int, int*, int*, void**)+76)
I/DEBUG   ( 2334):     #19 pc 000000000002901c  /system/lib64/libsurfaceflinger.so
I/DEBUG   ( 2334):     #20 pc 000000000002caec  /system/lib64/libsurfaceflinger.so (android::SurfaceFlinger::run()+20)
I/DEBUG   ( 2334):     #21 pc 0000000000000f54  /system/bin/surfaceflinger
I/DEBUG   ( 2334):     #22 pc 0000000000019a94  /system/lib64/libc.so (__libc_init+100)
I/DEBUG   ( 2334):     #23 pc 000000000000102c  /system/bin/surfaceflinger
F/libc    ( 4602): Fatal signal 11 (SIGSEGV), code 1, fault addr 0x0 in tid 4602 (surfaceflinger)
I/DEBUG   ( 2334): *** *** *** *** *** *** *** *** *** *** *** *** *** *** *** ***
I/DEBUG   ( 2334): Build fingerprint: 'Android/aosp_alice/alice:5.1.1/LMY49I/olrak05201037:userdebug/test-keys'
I/DEBUG   ( 2334): Revision: '0'
I/DEBUG   ( 2334): ABI: 'arm64'
I/DEBUG   ( 2334): pid: 4602, tid: 4602, name: surfaceflinger  >>> /system/bin/surfaceflinger <<<
I/DEBUG   ( 2334): signal 11 (SIGSEGV), code 1 (SEGV_MAPERR), fault addr 0x0
I/DEBUG   ( 2334):     x0   0000000000000000  x1   0000007f85800000  x2   0000007f86355000  x3   0000000000000008
I/DEBUG   ( 2334):     x4   0000000000000000  x5   0000000000000001  x6   0000007f854085a8  x7   0000000000000002
I/DEBUG   ( 2334):     x8   00000000000000ed  x9   00000000000000ee  x10  0000007f86355000  x11  0000007f85400018
I/DEBUG   ( 2334):     x12  0000000000000000  x13  0000007f86355000  x14  0000007f86362000  x15  0000007ff5f3d0a0
I/DEBUG   ( 2334):     x16  0000007f84bfcab0  x17  0000007f84abf9a0  x18  0000007f86366838  x19  0000007f854c6600
I/DEBUG   ( 2334):     x20  0000007f8541b280  x21  0000007f85519e10  x22  0000007f854680c0  x23  0000007f8541c420
I/DEBUG   ( 2334):     x24  0000007f8541b190  x25  00000000000000c0  x26  0000007f8541aa20  x27  00000000000030a0
I/DEBUG   ( 2334):     x28  0000007f85420a00  x29  0000007ff5f3d890  x30  0000007f84ac3f8c
I/DEBUG   ( 2334):     sp   0000007ff5f3d890  pc   0000007f84abf9a4  pstate 0000000080000000
I/DEBUG   ( 2334): 
I/DEBUG   ( 2334): backtrace:
I/DEBUG   ( 2334):     #00 pc 00000000000e39a4  /system/vendor/lib64/egl/libGLES_mali.so (_mali_osu_abort+4)
I/DEBUG   ( 2334):     #01 pc 00000000000e7f88  /system/vendor/lib64/egl/libGLES_mali.so (_mali_base_arch_sys_abort+8)
I/DEBUG   ( 2334):     #02 pc 00000000000d1dd0  /system/vendor/lib64/egl/libGLES_mali.so (_mali_sys_abort+8)
I/DEBUG   ( 2334):     #03 pc 000000000004aa10  /system/vendor/lib64/egl/libGLES_mali.so (__egl_platform_dequeue_buffer(egl_surface*)+1948)
I/DEBUG   ( 2334):     #04 pc 00000000001066ec  /system/vendor/lib64/egl/libGLES_mali.so (_mali_frame_builder_acquire_output+24)
I/DEBUG   ( 2334):     #05 pc 000000000005ef48  /system/vendor/lib64/egl/libGLES_mali.so (_gles_set_read_frame_builder+124)
I/DEBUG   ( 2334):     #06 pc 00000000000cfa20  /system/vendor/lib64/egl/libGLES_mali.so (__egl_gles_make_current+324)
I/DEBUG   ( 2334):     #07 pc 00000000000c4678  /system/vendor/lib64/egl/libGLES_mali.so (_egl_make_current+1252)
I/DEBUG   ( 2334):     #08 pc 00000000000c5868  /system/vendor/lib64/egl/libGLES_mali.so (eglMakeCurrent+108)
I/DEBUG   ( 2334):     #09 pc 0000000000024454  /system/lib64/libEGL.so (android::egl_display_t::makeCurrent(android::egl_context_t*, android::egl_context_t*, void*, void*, void*, void*, void*, void*)+148)
I/DEBUG   ( 2334):     #10 pc 0000000000027074  /system/lib64/libEGL.so (eglMakeCurrent+288)
I/DEBUG   ( 2334):     #11 pc 000000000001e87c  /system/lib64/libsurfaceflinger.so
I/DEBUG   ( 2334):     #12 pc 000000000002f480  /system/lib64/libsurfaceflinger.so
I/DEBUG   ( 2334):     #13 pc 0000000000030a6c  /system/lib64/libsurfaceflinger.so
I/DEBUG   ( 2334):     #14 pc 000000000002e574  /system/lib64/libsurfaceflinger.so
I/DEBUG   ( 2334):     #15 pc 000000000002d800  /system/lib64/libsurfaceflinger.so
I/DEBUG   ( 2334):     #16 pc 000000000002d0e4  /system/lib64/libsurfaceflinger.so
I/DEBUG   ( 2334):     #17 pc 000000000001aa20  /system/lib64/libutils.so (android::Looper::pollInner(int)+520)
I/DEBUG   ( 2334):     #18 pc 000000000001ac2c  /system/lib64/libutils.so (android::Looper::pollOnce(int, int*, int*, void**)+76)
I/DEBUG   ( 2334):     #19 pc 000000000002901c  /system/lib64/libsurfaceflinger.so
I/DEBUG   ( 2334):     #20 pc 000000000002caec  /system/lib64/libsurfaceflinger.so (android::SurfaceFlinger::run()+20)
I/DEBUG   ( 2334):     #21 pc 0000000000000f54  /system/bin/surfaceflinger
I/DEBUG   ( 2334):     #22 pc 0000000000019a94  /system/lib64/libc.so (__libc_init+100)
I/DEBUG   ( 2334):     #23 pc 000000000000102c  /system/bin/surfaceflinger
F/libc    ( 4862): Fatal signal 11 (SIGSEGV), code 1, fault addr 0x0 in tid 4862 (surfaceflinger)
I/DEBUG   ( 2334): *** *** *** *** *** *** *** *** *** *** *** *** *** *** *** ***
I/DEBUG   ( 2334): Build fingerprint: 'Android/aosp_alice/alice:5.1.1/LMY49I/olrak05201037:userdebug/test-keys'
I/DEBUG   ( 2334): Revision: '0'
I/DEBUG   ( 2334): ABI: 'arm64'
I/DEBUG   ( 2334): pid: 4862, tid: 4862, name: surfaceflinger  >>> /system/bin/surfaceflinger <<<
I/DEBUG   ( 2334): signal 11 (SIGSEGV), code 1 (SEGV_MAPERR), fault addr 0x0
I/DEBUG   ( 2334):     x0   0000000000000000  x1   0000007f82c00000  x2   0000007f83909000  x3   0000000000000008
I/DEBUG   ( 2334):     x4   0000000000000000  x5   0000000000000001  x6   0000007f828085a8  x7   0000000000000002
I/DEBUG   ( 2334):     x8   00000000000000ed  x9   00000000000000ee  x10  0000007f83909000  x11  0000007f82800018
I/DEBUG   ( 2334):     x12  0000000000000000  x13  0000007f83909000  x14  0000007f83916000  x15  0000007fe36aa360
I/DEBUG   ( 2334):     x16  0000007f826feab0  x17  0000007f825c19a0  x18  0000007f8391a838  x19  0000007f828c6600
I/DEBUG   ( 2334):     x20  0000007f8281b280  x21  0000007f82919e10  x22  0000007f828660c0  x23  0000007f8281c420
I/DEBUG   ( 2334):     x24  0000007f8281b190  x25  00000000000000c0  x26  0000007f8281aa20  x27  00000000000030a0
I/DEBUG   ( 2334):     x28  0000007f82820a00  x29  0000007fe36aab50  x30  0000007f825c5f8c
I/DEBUG   ( 2334):     sp   0000007fe36aab50  pc   0000007f825c19a4  pstate 0000000080000000
I/DEBUG   ( 2334): 
I/DEBUG   ( 2334): backtrace:
I/DEBUG   ( 2334):     #00 pc 00000000000e39a4  /system/vendor/lib64/egl/libGLES_mali.so (_mali_osu_abort+4)
I/DEBUG   ( 2334):     #01 pc 00000000000e7f88  /system/vendor/lib64/egl/libGLES_mali.so (_mali_base_arch_sys_abort+8)
I/DEBUG   ( 2334):     #02 pc 00000000000d1dd0  /system/vendor/lib64/egl/libGLES_mali.so (_mali_sys_abort+8)
I/DEBUG   ( 2334):     #03 pc 000000000004aa10  /system/vendor/lib64/egl/libGLES_mali.so (__egl_platform_dequeue_buffer(egl_surface*)+1948)
I/DEBUG   ( 2334):     #04 pc 00000000001066ec  /system/vendor/lib64/egl/libGLES_mali.so (_mali_frame_builder_acquire_output+24)
I/DEBUG   ( 2334):     #05 pc 000000000005ef48  /system/vendor/lib64/egl/libGLES_mali.so (_gles_set_read_frame_builder+124)
I/DEBUG   ( 2334):     #06 pc 00000000000cfa20  /system/vendor/lib64/egl/libGLES_mali.so (__egl_gles_make_current+324)
I/DEBUG   ( 2334):     #07 pc 00000000000c4678  /system/vendor/lib64/egl/libGLES_mali.so (_egl_make_current+1252)
I/DEBUG   ( 2334):     #08 pc 00000000000c5868  /system/vendor/lib64/egl/libGLES_mali.so (eglMakeCurrent+108)
I/DEBUG   ( 2334):     #09 pc 0000000000024454  /system/lib64/libEGL.so (android::egl_display_t::makeCurrent(android::egl_context_t*, android::egl_context_t*, void*, void*, void*, void*, void*, void*)+148)
I/DEBUG   ( 2334):     #10 pc 0000000000027074  /system/lib64/libEGL.so (eglMakeCurrent+288)
I/DEBUG   ( 2334):     #11 pc 000000000001e87c  /system/lib64/libsurfaceflinger.so
I/DEBUG   ( 2334):     #12 pc 000000000002f480  /system/lib64/libsurfaceflinger.so
I/DEBUG   ( 2334):     #13 pc 0000000000030a6c  /system/lib64/libsurfaceflinger.so
I/DEBUG   ( 2334):     #14 pc 000000000002e574  /system/lib64/libsurfaceflinger.so
I/DEBUG   ( 2334):     #15 pc 000000000002d800  /system/lib64/libsurfaceflinger.so
I/DEBUG   ( 2334):     #16 pc 000000000002d0e4  /system/lib64/libsurfaceflinger.so
I/DEBUG   ( 2334):     #17 pc 000000000001aa20  /system/lib64/libutils.so (android::Looper::pollInner(int)+520)
I/DEBUG   ( 2334):     #18 pc 000000000001ac2c  /system/lib64/libutils.so (android::Looper::pollOnce(int, int*, int*, void**)+76)
I/DEBUG   ( 2334):     #19 pc 000000000002901c  /system/lib64/libsurfaceflinger.so
I/DEBUG   ( 2334):     #20 pc 000000000002caec  /system/lib64/libsurfaceflinger.so (android::SurfaceFlinger::run()+20)
I/DEBUG   ( 2334):     #21 pc 0000000000000f54  /system/bin/surfaceflinger
I/DEBUG   ( 2334):     #22 pc 0000000000019a94  /system/lib64/libc.so (__libc_init+100)
I/DEBUG   ( 2334):     #23 pc 000000000000102c  /system/bin/surfaceflinger
F/libc    ( 5118): Fatal signal 11 (SIGSEGV), code 1, fault addr 0x0 in tid 5118 (surfaceflinger)
I/DEBUG   ( 2334): *** *** *** *** *** *** *** *** *** *** *** *** *** *** *** ***
I/DEBUG   ( 2334): Build fingerprint: 'Android/aosp_alice/alice:5.1.1/LMY49I/olrak05201037:userdebug/test-keys'
I/DEBUG   ( 2334): Revision: '0'
I/DEBUG   ( 2334): ABI: 'arm64'
I/DEBUG   ( 2334): pid: 5118, tid: 5118, name: surfaceflinger  >>> /system/bin/surfaceflinger <<<
I/DEBUG   ( 2334): signal 11 (SIGSEGV), code 1 (SEGV_MAPERR), fault addr 0x0
I/DEBUG   ( 2334):     x0   0000000000000000  x1   0000007f86c00000  x2   0000007f879f9000  x3   0000000000000008
I/DEBUG   ( 2334):     x4   0000000000000000  x5   0000000000000001  x6   0000007f868085a8  x7   0000000000000002
I/DEBUG   ( 2334):     x8   00000000000000ed  x9   00000000000000ee  x10  0000007f879f9000  x11  0000007f86800018
I/DEBUG   ( 2334):     x12  0000000000000000  x13  0000007f879f9000  x14  0000007f87a06000  x15  0000007fd2fe0330
I/DEBUG   ( 2334):     x16  0000007f862feab0  x17  0000007f861c19a0  x18  0000007f87a0a838  x19  0000007f868c6600
I/DEBUG   ( 2334):     x20  0000007f8681b280  x21  0000007f86919e10  x22  0000007f868680c0  x23  0000007f8681c420
I/DEBUG   ( 2334):     x24  0000007f8681b190  x25  00000000000000c0  x26  0000007f8681aa20  x27  00000000000030a0
I/DEBUG   ( 2334):     x28  0000007f86820a00  x29  0000007fd2fe0b20  x30  0000007f861c5f8c
I/DEBUG   ( 2334):     sp   0000007fd2fe0b20  pc   0000007f861c19a4  pstate 0000000080000000
I/DEBUG   ( 2334): 
I/DEBUG   ( 2334): backtrace:
I/DEBUG   ( 2334):     #00 pc 00000000000e39a4  /system/vendor/lib64/egl/libGLES_mali.so (_mali_osu_abort+4)
I/DEBUG   ( 2334):     #01 pc 00000000000e7f88  /system/vendor/lib64/egl/libGLES_mali.so (_mali_base_arch_sys_abort+8)
I/DEBUG   ( 2334):     #02 pc 00000000000d1dd0  /system/vendor/lib64/egl/libGLES_mali.so (_mali_sys_abort+8)
I/DEBUG   ( 2334):     #03 pc 000000000004aa10  /system/vendor/lib64/egl/libGLES_mali.so (__egl_platform_dequeue_buffer(egl_surface*)+1948)
I/DEBUG   ( 2334):     #04 pc 00000000001066ec  /system/vendor/lib64/egl/libGLES_mali.so (_mali_frame_builder_acquire_output+24)
I/DEBUG   ( 2334):     #05 pc 000000000005ef48  /system/vendor/lib64/egl/libGLES_mali.so (_gles_set_read_frame_builder+124)
I/DEBUG   ( 2334):     #06 pc 00000000000cfa20  /system/vendor/lib64/egl/libGLES_mali.so (__egl_gles_make_current+324)
I/DEBUG   ( 2334):     #07 pc 00000000000c4678  /system/vendor/lib64/egl/libGLES_mali.so (_egl_make_current+1252)
I/DEBUG   ( 2334):     #08 pc 00000000000c5868  /system/vendor/lib64/egl/libGLES_mali.so (eglMakeCurrent+108)
I/DEBUG   ( 2334):     #09 pc 0000000000024454  /system/lib64/libEGL.so (android::egl_display_t::makeCurrent(android::egl_context_t*, android::egl_context_t*, void*, void*, void*, void*, void*, void*)+148)
I/DEBUG   ( 2334):     #10 pc 0000000000027074  /system/lib64/libEGL.so (eglMakeCurrent+288)
I/DEBUG   ( 2334):     #11 pc 000000000001e87c  /system/lib64/libsurfaceflinger.so
I/DEBUG   ( 2334):     #12 pc 000000000002f480  /system/lib64/libsurfaceflinger.so
I/DEBUG   ( 2334):     #13 pc 0000000000030a6c  /system/lib64/libsurfaceflinger.so
I/DEBUG   ( 2334):     #14 pc 000000000002e574  /system/lib64/libsurfaceflinger.so
I/DEBUG   ( 2334):     #15 pc 000000000002d800  /system/lib64/libsurfaceflinger.so
I/DEBUG   ( 2334):     #16 pc 000000000002d0e4  /system/lib64/libsurfaceflinger.so
I/DEBUG   ( 2334):     #17 pc 000000000001aa20  /system/lib64/libutils.so (android::Looper::pollInner(int)+520)
I/DEBUG   ( 2334):     #18 pc 000000000001ac2c  /system/lib64/libutils.so (android::Looper::pollOnce(int, int*, int*, void**)+76)
I/DEBUG   ( 2334):     #19 pc 000000000002901c  /system/lib64/libsurfaceflinger.so
I/DEBUG   ( 2334):     #20 pc 000000000002caec  /system/lib64/libsurfaceflinger.so (android::SurfaceFlinger::run()+20)
I/DEBUG   ( 2334):     #21 pc 0000000000000f54  /system/bin/surfaceflinger
I/DEBUG   ( 2334):     #22 pc 0000000000019a94  /system/lib64/libc.so (__libc_init+100)
I/DEBUG   ( 2334):     #23 pc 000000000000102c  /system/bin/surfaceflinger
F/libc    ( 5378): Fatal signal 11 (SIGSEGV), code 1, fault addr 0x0 in tid 5378 (surfaceflinger)
I/DEBUG   ( 2334): *** *** *** *** *** *** *** *** *** *** *** *** *** *** *** ***
I/DEBUG   ( 2334): Build fingerprint: 'Android/aosp_alice/alice:5.1.1/LMY49I/olrak05201037:userdebug/test-keys'
I/DEBUG   ( 2334): Revision: '0'
I/DEBUG   ( 2334): ABI: 'arm64'
I/DEBUG   ( 2334): pid: 5378, tid: 5378, name: surfaceflinger  >>> /system/bin/surfaceflinger <<<
I/DEBUG   ( 2334): signal 11 (SIGSEGV), code 1 (SEGV_MAPERR), fault addr 0x0
I/DEBUG   ( 2334):     x0   0000000000000000  x1   0000007f80c00000  x2   0000007f81693000  x3   0000000000000008
I/DEBUG   ( 2334):     x4   0000000000000000  x5   0000000000000001  x6   0000007f808085a8  x7   0000000000000002
I/DEBUG   ( 2334):     x8   00000000000000ed  x9   00000000000000ee  x10  0000007f81693000  x11  0000007f80800018
I/DEBUG   ( 2334):     x12  0000000000000000  x13  0000007f81693000  x14  0000007f816a0000  x15  0000007fdf34f430
I/DEBUG   ( 2334):     x16  0000007f7fffcab0  x17  0000007f7febf9a0  x18  0000007f816a4838  x19  0000007f808c6600
I/DEBUG   ( 2334):     x20  0000007f8081b280  x21  0000007f80919e10  x22  0000007f808680c0  x23  0000007f8081c420
I/DEBUG   ( 2334):     x24  0000007f8081b190  x25  00000000000000c0  x26  0000007f8081aa20  x27  00000000000030a0
I/DEBUG   ( 2334):     x28  0000007f80820a00  x29  0000007fdf34fc20  x30  0000007f7fec3f8c
I/DEBUG   ( 2334):     sp   0000007fdf34fc20  pc   0000007f7febf9a4  pstate 0000000080000000
I/DEBUG   ( 2334): 
I/DEBUG   ( 2334): backtrace:
I/DEBUG   ( 2334):     #00 pc 00000000000e39a4  /system/vendor/lib64/egl/libGLES_mali.so (_mali_osu_abort+4)
I/DEBUG   ( 2334):     #01 pc 00000000000e7f88  /system/vendor/lib64/egl/libGLES_mali.so (_mali_base_arch_sys_abort+8)
I/DEBUG   ( 2334):     #02 pc 00000000000d1dd0  /system/vendor/lib64/egl/libGLES_mali.so (_mali_sys_abort+8)
I/DEBUG   ( 2334):     #03 pc 000000000004aa10  /system/vendor/lib64/egl/libGLES_mali.so (__egl_platform_dequeue_buffer(egl_surface*)+1948)
I/DEBUG   ( 2334):     #04 pc 00000000001066ec  /system/vendor/lib64/egl/libGLES_mali.so (_mali_frame_builder_acquire_output+24)
I/DEBUG   ( 2334):     #05 pc 000000000005ef48  /system/vendor/lib64/egl/libGLES_mali.so (_gles_set_read_frame_builder+124)
I/DEBUG   ( 2334):     #06 pc 00000000000cfa20  /system/vendor/lib64/egl/libGLES_mali.so (__egl_gles_make_current+324)
I/DEBUG   ( 2334):     #07 pc 00000000000c4678  /system/vendor/lib64/egl/libGLES_mali.so (_egl_make_current+1252)
I/DEBUG   ( 2334):     #08 pc 00000000000c5868  /system/vendor/lib64/egl/libGLES_mali.so (eglMakeCurrent+108)
I/DEBUG   ( 2334):     #09 pc 0000000000024454  /system/lib64/libEGL.so (android::egl_display_t::makeCurrent(android::egl_context_t*, android::egl_context_t*, void*, void*, void*, void*, void*, void*)+148)
I/DEBUG   ( 2334):     #10 pc 0000000000027074  /system/lib64/libEGL.so (eglMakeCurrent+288)
I/DEBUG   ( 2334):     #11 pc 000000000001e87c  /system/lib64/libsurfaceflinger.so
I/DEBUG   ( 2334):     #12 pc 000000000002f480  /system/lib64/libsurfaceflinger.so
I/DEBUG   ( 2334):     #13 pc 0000000000030a6c  /system/lib64/libsurfaceflinger.so
I/DEBUG   ( 2334):     #14 pc 000000000002e574  /system/lib64/libsurfaceflinger.so
I/DEBUG   ( 2334):     #15 pc 000000000002d800  /system/lib64/libsurfaceflinger.so
I/DEBUG   ( 2334):     #16 pc 000000000002d0e4  /system/lib64/libsurfaceflinger.so
I/DEBUG   ( 2334):     #17 pc 000000000001aa20  /system/lib64/libutils.so (android::Looper::pollInner(int)+520)
I/DEBUG   ( 2334):     #18 pc 000000000001ac2c  /system/lib64/libutils.so (android::Looper::pollOnce(int, int*, int*, void**)+76)
I/DEBUG   ( 2334):     #19 pc 000000000002901c  /system/lib64/libsurfaceflinger.so
I/DEBUG   ( 2334):     #20 pc 000000000002caec  /system/lib64/libsurfaceflinger.so (android::SurfaceFlinger::run()+20)
